[0.042s] DEBUG:colcon:Command line arguments: ['/usr/bin/colcon', 'build', '--symlink-install', '--packages-up-to', 'spinnaker_camera_driver']
[0.042s] DEBUG:colcon:Parsed command line arguments: Namespace(log_base=None, log_level=None, verb_name='build', build_base='build', install_base='install', merge_install=False, symlink_install=True, test_result_base=None, continue_on_error=False, executor='parallel', parallel_workers=128, event_handlers=None, ignore_user_meta=False, metas=['./colcon.meta'], base_paths=['.'], packages_ignore=None, packages_ignore_regex=None, paths=None, packages_up_to=['spinnaker_camera_driver'], packages_up_to_regex=None, packages_above=None, packages_above_and_dependencies=None, packages_above_depth=None, packages_select_by_dep=None, packages_skip_by_dep=None, packages_skip_up_to=None, packages_select_build_failed=False, packages_skip_build_finished=False, packages_select_test_failures=False, packages_skip_test_passed=False, packages_select=None, packages_skip=None, packages_select_regex=None, packages_skip_regex=None, packages_start=None, packages_end=None, allow_overriding=[], cmake_args=None, cmake_target=None, cmake_target_skip_unavailable=False, cmake_clean_cache=False, cmake_clean_first=False, cmake_force_configure=False, ament_cmake_args=None, catkin_cmake_args=None, catkin_skip_building_tests=False, mixin_files=None, mixin=None, verb_parser=<colcon_mixin.mixin.mixin_argument.MixinArgumentDecorator object at 0x78e356d57ac0>, verb_extension=<colcon_core.verb.build.BuildVerb object at 0x78e356d57610>, main=<bound method BuildVerb.main of <colcon_core.verb.build.BuildVerb object at 0x78e356d57610>>, mixin_verb=('build',))
[0.113s] Level 1:colcon.colcon_core.package_discovery:discover_packages(colcon_meta) check parameters
[0.113s] Level 1:colcon.colcon_core.package_discovery:discover_packages(recursive) check parameters
[0.113s] Level 1:colcon.colcon_core.package_discovery:discover_packages(ignore) check parameters
[0.113s] Level 1:colcon.colcon_core.package_discovery:discover_packages(path) check parameters
[0.113s] Level 1:colcon.colcon_core.package_discovery:discover_packages(colcon_meta) discover
[0.113s] Level 1:colcon.colcon_core.package_discovery:discover_packages(recursive) discover
[0.113s] INFO:colcon.colcon_core.package_discovery:Crawling recursively for packages in '/home/karthik/dds_ros2/flirCAMERA/flir_camera_driver'
[0.113s] Level 1:colcon.colcon_core.package_identification:_identify(.) by extensions ['ignore', 'ignore_ament_install']
[0.113s] Level 1:colcon.colcon_core.package_identification:_identify(.) by extension 'ignore'
[0.113s] Level 1:colcon.colcon_core.package_identification:_identify(.) by extension 'ignore_ament_install'
[0.113s] Level 1:colcon.colcon_core.package_identification:_identify(.) by extensions ['colcon_pkg']
[0.113s] Level 1:colcon.colcon_core.package_identification:_identify(.) by extension 'colcon_pkg'
[0.114s] Level 1:colcon.colcon_core.package_identification:_identify(.) by extensions ['colcon_meta']
[0.114s] Level 1:colcon.colcon_core.package_identification:_identify(.) by extension 'colcon_meta'
[0.114s] Level 1:colcon.colcon_core.package_identification:_identify(.) by extensions ['ros']
[0.114s] Level 1:colcon.colcon_core.package_identification:_identify(.) by extension 'ros'
[0.129s] Level 1:colcon.colcon_core.package_identification:_identify(.) by extensions ['cmake', 'python']
[0.129s] Level 1:colcon.colcon_core.package_identification:_identify(.) by extension 'cmake'
[0.129s] Level 1:colcon.colcon_core.package_identification:_identify(.) by extension 'python'
[0.129s] Level 1:colcon.colcon_core.package_identification:_identify(.) by extensions ['python_setup_py']
[0.129s] Level 1:colcon.colcon_core.package_identification:_identify(.) by extension 'python_setup_py'
[0.129s] Level 1:colcon.colcon_core.package_identification:_identify(build) by extensions ['ignore', 'ignore_ament_install']
[0.129s] Level 1:colcon.colcon_core.package_identification:_identify(build) by extension 'ignore'
[0.129s] Level 1:colcon.colcon_core.package_identification:_identify(build) ignored
[0.129s] Level 1:colcon.colcon_core.package_identification:_identify(doc) by extensions ['ignore', 'ignore_ament_install']
[0.129s] Level 1:colcon.colcon_core.package_identification:_identify(doc) by extension 'ignore'
[0.129s] Level 1:colcon.colcon_core.package_identification:_identify(doc) by extension 'ignore_ament_install'
[0.129s] Level 1:colcon.colcon_core.package_identification:_identify(doc) by extensions ['colcon_pkg']
[0.129s] Level 1:colcon.colcon_core.package_identification:_identify(doc) by extension 'colcon_pkg'
[0.129s] Level 1:colcon.colcon_core.package_identification:_identify(doc) by extensions ['colcon_meta']
[0.129s] Level 1:colcon.colcon_core.package_identification:_identify(doc) by extension 'colcon_meta'
[0.129s] Level 1:colcon.colcon_core.package_identification:_identify(doc) by extensions ['ros']
[0.129s] Level 1:colcon.colcon_core.package_identification:_identify(doc) by extension 'ros'
[0.129s] Level 1:colcon.colcon_core.package_identification:_identify(doc) by extensions ['cmake', 'python']
[0.129s] Level 1:colcon.colcon_core.package_identification:_identify(doc) by extension 'cmake'
[0.129s] Level 1:colcon.colcon_core.package_identification:_identify(doc) by extension 'python'
[0.129s] Level 1:colcon.colcon_core.package_identification:_identify(doc) by extensions ['python_setup_py']
[0.129s] Level 1:colcon.colcon_core.package_identification:_identify(doc) by extension 'python_setup_py'
[0.129s] Level 1:colcon.colcon_core.package_identification:_identify(flir_camera_description) by extensions ['ignore', 'ignore_ament_install']
[0.129s] Level 1:colcon.colcon_core.package_identification:_identify(flir_camera_description) by extension 'ignore'
[0.129s] Level 1:colcon.colcon_core.package_identification:_identify(flir_camera_description) by extension 'ignore_ament_install'
[0.129s] Level 1:colcon.colcon_core.package_identification:_identify(flir_camera_description) by extensions ['colcon_pkg']
[0.129s] Level 1:colcon.colcon_core.package_identification:_identify(flir_camera_description) by extension 'colcon_pkg'
[0.129s] Level 1:colcon.colcon_core.package_identification:_identify(flir_camera_description) by extensions ['colcon_meta']
[0.129s] Level 1:colcon.colcon_core.package_identification:_identify(flir_camera_description) by extension 'colcon_meta'
[0.130s] Level 1:colcon.colcon_core.package_identification:_identify(flir_camera_description) by extensions ['ros']
[0.130s] Level 1:colcon.colcon_core.package_identification:_identify(flir_camera_description) by extension 'ros'
[0.131s] DEBUG:colcon.colcon_core.package_identification:Package 'flir_camera_description' with type 'ros.ament_cmake' and name 'flir_camera_description'
[0.131s] Level 1:colcon.colcon_core.package_identification:_identify(flir_camera_msgs) by extensions ['ignore', 'ignore_ament_install']
[0.131s] Level 1:colcon.colcon_core.package_identification:_identify(flir_camera_msgs) by extension 'ignore'
[0.131s] Level 1:colcon.colcon_core.package_identification:_identify(flir_camera_msgs) by extension 'ignore_ament_install'
[0.131s] Level 1:colcon.colcon_core.package_identification:_identify(flir_camera_msgs) by extensions ['colcon_pkg']
[0.131s] Level 1:colcon.colcon_core.package_identification:_identify(flir_camera_msgs) by extension 'colcon_pkg'
[0.131s] Level 1:colcon.colcon_core.package_identification:_identify(flir_camera_msgs) by extensions ['colcon_meta']
[0.131s] Level 1:colcon.colcon_core.package_identification:_identify(flir_camera_msgs) by extension 'colcon_meta'
[0.131s] Level 1:colcon.colcon_core.package_identification:_identify(flir_camera_msgs) by extensions ['ros']
[0.131s] Level 1:colcon.colcon_core.package_identification:_identify(flir_camera_msgs) by extension 'ros'
[0.131s] DEBUG:colcon.colcon_core.package_identification:Package 'flir_camera_msgs' with type 'ros.ament_cmake' and name 'flir_camera_msgs'
[0.131s] Level 1:colcon.colcon_core.package_identification:_identify(install) by extensions ['ignore', 'ignore_ament_install']
[0.131s] Level 1:colcon.colcon_core.package_identification:_identify(install) by extension 'ignore'
[0.131s] Level 1:colcon.colcon_core.package_identification:_identify(install) ignored
[0.131s] Level 1:colcon.colcon_core.package_identification:_identify(log) by extensions ['ignore', 'ignore_ament_install']
[0.131s] Level 1:colcon.colcon_core.package_identification:_identify(log) by extension 'ignore'
[0.131s] Level 1:colcon.colcon_core.package_identification:_identify(log) ignored
[0.131s] Level 1:colcon.colcon_core.package_identification:_identify(spinnaker_camera_driver) by extensions ['ignore', 'ignore_ament_install']
[0.131s] Level 1:colcon.colcon_core.package_identification:_identify(spinnaker_camera_driver) by extension 'ignore'
[0.131s] Level 1:colcon.colcon_core.package_identification:_identify(spinnaker_camera_driver) by extension 'ignore_ament_install'
[0.131s] Level 1:colcon.colcon_core.package_identification:_identify(spinnaker_camera_driver) by extensions ['colcon_pkg']
[0.131s] Level 1:colcon.colcon_core.package_identification:_identify(spinnaker_camera_driver) by extension 'colcon_pkg'
[0.131s] Level 1:colcon.colcon_core.package_identification:_identify(spinnaker_camera_driver) by extensions ['colcon_meta']
[0.131s] Level 1:colcon.colcon_core.package_identification:_identify(spinnaker_camera_driver) by extension 'colcon_meta'
[0.131s] Level 1:colcon.colcon_core.package_identification:_identify(spinnaker_camera_driver) by extensions ['ros']
[0.131s] Level 1:colcon.colcon_core.package_identification:_identify(spinnaker_camera_driver) by extension 'ros'
[0.132s] DEBUG:colcon.colcon_core.package_identification:Package 'spinnaker_camera_driver' with type 'ros.ament_cmake' and name 'spinnaker_camera_driver'
[0.132s] Level 1:colcon.colcon_core.package_identification:_identify(spinnaker_synchronized_camera_driver) by extensions ['ignore', 'ignore_ament_install']
[0.132s] Level 1:colcon.colcon_core.package_identification:_identify(spinnaker_synchronized_camera_driver) by extension 'ignore'
[0.132s] Level 1:colcon.colcon_core.package_identification:_identify(spinnaker_synchronized_camera_driver) by extension 'ignore_ament_install'
[0.132s] Level 1:colcon.colcon_core.package_identification:_identify(spinnaker_synchronized_camera_driver) by extensions ['colcon_pkg']
[0.132s] Level 1:colcon.colcon_core.package_identification:_identify(spinnaker_synchronized_camera_driver) by extension 'colcon_pkg'
[0.132s] Level 1:colcon.colcon_core.package_identification:_identify(spinnaker_synchronized_camera_driver) by extensions ['colcon_meta']
[0.132s] Level 1:colcon.colcon_core.package_identification:_identify(spinnaker_synchronized_camera_driver) by extension 'colcon_meta'
[0.132s] Level 1:colcon.colcon_core.package_identification:_identify(spinnaker_synchronized_camera_driver) by extensions ['ros']
[0.132s] Level 1:colcon.colcon_core.package_identification:_identify(spinnaker_synchronized_camera_driver) by extension 'ros'
[0.133s] DEBUG:colcon.colcon_core.package_identification:Package 'spinnaker_synchronized_camera_driver' with type 'ros.ament_cmake' and name 'spinnaker_synchronized_camera_driver'
[0.133s] Level 1:colcon.colcon_core.package_discovery:discover_packages(recursive) using defaults
[0.133s] Level 1:colcon.colcon_core.package_discovery:discover_packages(ignore) discover
[0.133s] Level 1:colcon.colcon_core.package_discovery:discover_packages(ignore) using defaults
[0.133s] Level 1:colcon.colcon_core.package_discovery:discover_packages(path) discover
[0.133s] Level 1:colcon.colcon_core.package_discovery:discover_packages(path) using defaults
[0.141s] INFO:colcon.colcon_core.package_selection:Skipping package 'spinnaker_synchronized_camera_driver' in 'spinnaker_synchronized_camera_driver'
[0.141s] INFO:colcon.colcon_core.package_selection:Skipping package 'flir_camera_description' in 'flir_camera_description'
[0.141s] Level 1:colcon.colcon_core.package_discovery:discover_packages(prefix_path) check parameters
[0.141s] Level 1:colcon.colcon_core.package_discovery:discover_packages(prefix_path) discover
[0.141s] DEBUG:colcon.colcon_installed_package_information.package_discovery:Found 1 installed packages in /home/karthik/dds_ros2/flirCAMERA/install
[0.141s] DEBUG:colcon.colcon_installed_package_information.package_discovery:Found 0 installed packages in /home/karthik/dds_ros2/flirCAMERA/ros2_ws/install
[0.142s] DEBUG:colcon.colcon_installed_package_information.package_discovery:Found 281 installed packages in /opt/ros/humble
[0.142s] Level 1:colcon.colcon_core.package_discovery:discover_packages(prefix_path) using defaults
[0.156s] Level 5:colcon.colcon_core.verb:set package 'flir_camera_msgs' build argument 'cmake_args' from command line to 'None'
[0.156s] Level 5:colcon.colcon_core.verb:set package 'flir_camera_msgs' build argument 'cmake_target' from command line to 'None'
[0.156s] Level 5:colcon.colcon_core.verb:set package 'flir_camera_msgs' build argument 'cmake_target_skip_unavailable' from command line to 'False'
[0.156s] Level 5:colcon.colcon_core.verb:set package 'flir_camera_msgs' build argument 'cmake_clean_cache' from command line to 'False'
[0.156s] Level 5:colcon.colcon_core.verb:set package 'flir_camera_msgs' build argument 'cmake_clean_first' from command line to 'False'
[0.156s] Level 5:colcon.colcon_core.verb:set package 'flir_camera_msgs' build argument 'cmake_force_configure' from command line to 'False'
[0.156s] Level 5:colcon.colcon_core.verb:set package 'flir_camera_msgs' build argument 'ament_cmake_args' from command line to 'None'
[0.156s] Level 5:colcon.colcon_core.verb:set package 'flir_camera_msgs' build argument 'catkin_cmake_args' from command line to 'None'
[0.156s] Level 5:colcon.colcon_core.verb:set package 'flir_camera_msgs' build argument 'catkin_skip_building_tests' from command line to 'False'
[0.156s] DEBUG:colcon.colcon_core.verb:Building package 'flir_camera_msgs' with the following arguments: {'ament_cmake_args': None, 'build_base': '/home/karthik/dds_ros2/flirCAMERA/flir_camera_driver/build/flir_camera_msgs', 'catkin_cmake_args': None, 'catkin_skip_building_tests': False, 'cmake_args': None, 'cmake_clean_cache': False, 'cmake_clean_first': False, 'cmake_force_configure': False, 'cmake_target': None, 'cmake_target_skip_unavailable': False, 'install_base': '/home/karthik/dds_ros2/flirCAMERA/flir_camera_driver/install/flir_camera_msgs', 'merge_install': False, 'path': '/home/karthik/dds_ros2/flirCAMERA/flir_camera_driver/flir_camera_msgs', 'symlink_install': True, 'test_result_base': None}
[0.156s] Level 5:colcon.colcon_core.verb:set package 'spinnaker_camera_driver' build argument 'cmake_args' from command line to 'None'
[0.156s] Level 5:colcon.colcon_core.verb:set package 'spinnaker_camera_driver' build argument 'cmake_target' from command line to 'None'
[0.156s] Level 5:colcon.colcon_core.verb:set package 'spinnaker_camera_driver' build argument 'cmake_target_skip_unavailable' from command line to 'False'
[0.156s] Level 5:colcon.colcon_core.verb:set package 'spinnaker_camera_driver' build argument 'cmake_clean_cache' from command line to 'False'
[0.156s] Level 5:colcon.colcon_core.verb:set package 'spinnaker_camera_driver' build argument 'cmake_clean_first' from command line to 'False'
[0.156s] Level 5:colcon.colcon_core.verb:set package 'spinnaker_camera_driver' build argument 'cmake_force_configure' from command line to 'False'
[0.156s] Level 5:colcon.colcon_core.verb:set package 'spinnaker_camera_driver' build argument 'ament_cmake_args' from command line to 'None'
[0.156s] Level 5:colcon.colcon_core.verb:set package 'spinnaker_camera_driver' build argument 'catkin_cmake_args' from command line to 'None'
[0.156s] Level 5:colcon.colcon_core.verb:set package 'spinnaker_camera_driver' build argument 'catkin_skip_building_tests' from command line to 'False'
[0.156s] DEBUG:colcon.colcon_core.verb:Building package 'spinnaker_camera_driver' with the following arguments: {'ament_cmake_args': None, 'build_base': '/home/karthik/dds_ros2/flirCAMERA/flir_camera_driver/build/spinnaker_camera_driver', 'catkin_cmake_args': None, 'catkin_skip_building_tests': False, 'cmake_args': None, 'cmake_clean_cache': False, 'cmake_clean_first': False, 'cmake_force_configure': False, 'cmake_target': None, 'cmake_target_skip_unavailable': False, 'install_base': '/home/karthik/dds_ros2/flirCAMERA/flir_camera_driver/install/spinnaker_camera_driver', 'merge_install': False, 'path': '/home/karthik/dds_ros2/flirCAMERA/flir_camera_driver/spinnaker_camera_driver', 'symlink_install': True, 'test_result_base': None}
[0.156s] INFO:colcon.colcon_core.executor:Executing jobs using 'parallel' executor
[0.157s] DEBUG:colcon.colcon_parallel_executor.executor.parallel:run_until_complete
[0.157s] INFO:colcon.colcon_ros.task.ament_cmake.build:Building ROS package in '/home/karthik/dds_ros2/flirCAMERA/flir_camera_driver/flir_camera_msgs' with build type 'ament_cmake'
[0.157s] INFO:colcon.colcon_cmake.task.cmake.build:Building CMake package in '/home/karthik/dds_ros2/flirCAMERA/flir_camera_driver/flir_camera_msgs'
[0.158s] INFO:colcon.colcon_core.plugin_system:Skipping extension 'colcon_core.shell.bat': Not used on non-Windows systems
[0.158s] INFO:colcon.colcon_core.shell:Skip shell extension 'powershell' for command environment: Not usable outside of PowerShell
[0.158s] DEBUG:colcon.colcon_core.shell:Skip shell extension 'dsv' for command environment
[0.164s] DEBUG:colcon.colcon_core.event_handler.log_command:Invoking command in '/home/karthik/dds_ros2/flirCAMERA/flir_camera_driver/build/flir_camera_msgs': CMAKE_PREFIX_PATH=/opt/ros/humble /usr/bin/cmake /home/karthik/dds_ros2/flirCAMERA/flir_camera_driver/flir_camera_msgs -DAMENT_CMAKE_SYMLINK_INSTALL=1 -DCMAKE_INSTALL_PREFIX=/home/karthik/dds_ros2/flirCAMERA/flir_camera_driver/install/flir_camera_msgs
[0.778s] DEBUG:colcon.colcon_core.event_handler.log_command:Invoked command in '/home/karthik/dds_ros2/flirCAMERA/flir_camera_driver/build/flir_camera_msgs' returned '0': CMAKE_PREFIX_PATH=/opt/ros/humble /usr/bin/cmake /home/karthik/dds_ros2/flirCAMERA/flir_camera_driver/flir_camera_msgs -DAMENT_CMAKE_SYMLINK_INSTALL=1 -DCMAKE_INSTALL_PREFIX=/home/karthik/dds_ros2/flirCAMERA/flir_camera_driver/install/flir_camera_msgs
[0.780s] DEBUG:colcon.colcon_core.event_handler.log_command:Invoking command in '/home/karthik/dds_ros2/flirCAMERA/flir_camera_driver/build/flir_camera_msgs': CMAKE_PREFIX_PATH=/opt/ros/humble /usr/bin/cmake --build /home/karthik/dds_ros2/flirCAMERA/flir_camera_driver/build/flir_camera_msgs -- -j128 -l128
[1.760s] DEBUG:colcon.colcon_core.event_handler.log_command:Invoked command in '/home/karthik/dds_ros2/flirCAMERA/flir_camera_driver/build/flir_camera_msgs' returned '0': CMAKE_PREFIX_PATH=/opt/ros/humble /usr/bin/cmake --build /home/karthik/dds_ros2/flirCAMERA/flir_camera_driver/build/flir_camera_msgs -- -j128 -l128
[1.765s] DEBUG:colcon.colcon_core.event_handler.log_command:Invoking command in '/home/karthik/dds_ros2/flirCAMERA/flir_camera_driver/build/flir_camera_msgs': CMAKE_PREFIX_PATH=/opt/ros/humble /usr/bin/cmake --install /home/karthik/dds_ros2/flirCAMERA/flir_camera_driver/build/flir_camera_msgs
[2.122s] Level 1:colcon.colcon_core.environment:create_environment_scripts_only(flir_camera_msgs)
[2.122s] DEBUG:colcon.colcon_core.event_handler.log_command:Invoked command in '/home/karthik/dds_ros2/flirCAMERA/flir_camera_driver/build/flir_camera_msgs' returned '0': CMAKE_PREFIX_PATH=/opt/ros/humble /usr/bin/cmake --install /home/karthik/dds_ros2/flirCAMERA/flir_camera_driver/build/flir_camera_msgs
[2.124s] Level 1:colcon.colcon_core.environment:checking '/home/karthik/dds_ros2/flirCAMERA/flir_camera_driver/install/flir_camera_msgs' for CMake module files
[2.124s] Level 1:colcon.colcon_core.environment:checking '/home/karthik/dds_ros2/flirCAMERA/flir_camera_driver/install/flir_camera_msgs' for CMake config files
[2.125s] Level 1:colcon.colcon_core.shell:create_environment_hook('flir_camera_msgs', 'cmake_prefix_path')
[2.125s] INFO:colcon.colcon_core.shell:Creating environment hook '/home/karthik/dds_ros2/flirCAMERA/flir_camera_driver/install/flir_camera_msgs/share/flir_camera_msgs/hook/cmake_prefix_path.ps1'
[2.125s] INFO:colcon.colcon_core.shell:Creating environment descriptor '/home/karthik/dds_ros2/flirCAMERA/flir_camera_driver/install/flir_camera_msgs/share/flir_camera_msgs/hook/cmake_prefix_path.dsv'
[2.125s] INFO:colcon.colcon_core.shell:Creating environment hook '/home/karthik/dds_ros2/flirCAMERA/flir_camera_driver/install/flir_camera_msgs/share/flir_camera_msgs/hook/cmake_prefix_path.sh'
[2.126s] Level 1:colcon.colcon_core.environment:checking '/home/karthik/dds_ros2/flirCAMERA/flir_camera_driver/install/flir_camera_msgs/lib'
[2.126s] Level 1:colcon.colcon_core.shell:create_environment_hook('flir_camera_msgs', 'ld_library_path_lib')
[2.126s] INFO:colcon.colcon_core.shell:Creating environment hook '/home/karthik/dds_ros2/flirCAMERA/flir_camera_driver/install/flir_camera_msgs/share/flir_camera_msgs/hook/ld_library_path_lib.ps1'
[2.126s] INFO:colcon.colcon_core.shell:Creating environment descriptor '/home/karthik/dds_ros2/flirCAMERA/flir_camera_driver/install/flir_camera_msgs/share/flir_camera_msgs/hook/ld_library_path_lib.dsv'
[2.126s] INFO:colcon.colcon_core.shell:Creating environment hook '/home/karthik/dds_ros2/flirCAMERA/flir_camera_driver/install/flir_camera_msgs/share/flir_camera_msgs/hook/ld_library_path_lib.sh'
[2.126s] Level 1:colcon.colcon_core.environment:checking '/home/karthik/dds_ros2/flirCAMERA/flir_camera_driver/install/flir_camera_msgs/bin'
[2.126s] Level 1:colcon.colcon_core.environment:checking '/home/karthik/dds_ros2/flirCAMERA/flir_camera_driver/install/flir_camera_msgs/lib/pkgconfig/flir_camera_msgs.pc'
[2.126s] Level 1:colcon.colcon_core.environment:checking '/home/karthik/dds_ros2/flirCAMERA/flir_camera_driver/install/flir_camera_msgs/lib/python3.10/site-packages'
[2.127s] Level 1:colcon.colcon_core.environment:checking '/home/karthik/dds_ros2/flirCAMERA/flir_camera_driver/install/flir_camera_msgs/bin'
[2.127s] INFO:colcon.colcon_core.shell:Creating package script '/home/karthik/dds_ros2/flirCAMERA/flir_camera_driver/install/flir_camera_msgs/share/flir_camera_msgs/package.ps1'
[2.127s] INFO:colcon.colcon_core.shell:Creating package descriptor '/home/karthik/dds_ros2/flirCAMERA/flir_camera_driver/install/flir_camera_msgs/share/flir_camera_msgs/package.dsv'
[2.127s] INFO:colcon.colcon_core.shell:Creating package script '/home/karthik/dds_ros2/flirCAMERA/flir_camera_driver/install/flir_camera_msgs/share/flir_camera_msgs/package.sh'
[2.128s] INFO:colcon.colcon_core.shell:Creating package script '/home/karthik/dds_ros2/flirCAMERA/flir_camera_driver/install/flir_camera_msgs/share/flir_camera_msgs/package.bash'
[2.128s] INFO:colcon.colcon_core.shell:Creating package script '/home/karthik/dds_ros2/flirCAMERA/flir_camera_driver/install/flir_camera_msgs/share/flir_camera_msgs/package.zsh'
[2.128s] Level 1:colcon.colcon_core.environment:create_file_with_runtime_dependencies(/home/karthik/dds_ros2/flirCAMERA/flir_camera_driver/install/flir_camera_msgs/share/colcon-core/packages/flir_camera_msgs)
[2.128s] Level 1:colcon.colcon_core.environment:create_environment_scripts_only(flir_camera_msgs)
[2.128s] Level 1:colcon.colcon_core.environment:checking '/home/karthik/dds_ros2/flirCAMERA/flir_camera_driver/install/flir_camera_msgs' for CMake module files
[2.129s] Level 1:colcon.colcon_core.environment:checking '/home/karthik/dds_ros2/flirCAMERA/flir_camera_driver/install/flir_camera_msgs' for CMake config files
[2.129s] Level 1:colcon.colcon_core.shell:create_environment_hook('flir_camera_msgs', 'cmake_prefix_path')
[2.129s] INFO:colcon.colcon_core.shell:Creating environment hook '/home/karthik/dds_ros2/flirCAMERA/flir_camera_driver/install/flir_camera_msgs/share/flir_camera_msgs/hook/cmake_prefix_path.ps1'
[2.129s] INFO:colcon.colcon_core.shell:Creating environment descriptor '/home/karthik/dds_ros2/flirCAMERA/flir_camera_driver/install/flir_camera_msgs/share/flir_camera_msgs/hook/cmake_prefix_path.dsv'
[2.129s] INFO:colcon.colcon_core.shell:Creating environment hook '/home/karthik/dds_ros2/flirCAMERA/flir_camera_driver/install/flir_camera_msgs/share/flir_camera_msgs/hook/cmake_prefix_path.sh'
[2.129s] Level 1:colcon.colcon_core.environment:checking '/home/karthik/dds_ros2/flirCAMERA/flir_camera_driver/install/flir_camera_msgs/lib'
[2.129s] Level 1:colcon.colcon_core.shell:create_environment_hook('flir_camera_msgs', 'ld_library_path_lib')
[2.130s] INFO:colcon.colcon_core.shell:Creating environment hook '/home/karthik/dds_ros2/flirCAMERA/flir_camera_driver/install/flir_camera_msgs/share/flir_camera_msgs/hook/ld_library_path_lib.ps1'
[2.130s] INFO:colcon.colcon_core.shell:Creating environment descriptor '/home/karthik/dds_ros2/flirCAMERA/flir_camera_driver/install/flir_camera_msgs/share/flir_camera_msgs/hook/ld_library_path_lib.dsv'
[2.130s] INFO:colcon.colcon_core.shell:Creating environment hook '/home/karthik/dds_ros2/flirCAMERA/flir_camera_driver/install/flir_camera_msgs/share/flir_camera_msgs/hook/ld_library_path_lib.sh'
[2.130s] Level 1:colcon.colcon_core.environment:checking '/home/karthik/dds_ros2/flirCAMERA/flir_camera_driver/install/flir_camera_msgs/bin'
[2.130s] Level 1:colcon.colcon_core.environment:checking '/home/karthik/dds_ros2/flirCAMERA/flir_camera_driver/install/flir_camera_msgs/lib/pkgconfig/flir_camera_msgs.pc'
[2.130s] Level 1:colcon.colcon_core.environment:checking '/home/karthik/dds_ros2/flirCAMERA/flir_camera_driver/install/flir_camera_msgs/lib/python3.10/site-packages'
[2.130s] Level 1:colcon.colcon_core.environment:checking '/home/karthik/dds_ros2/flirCAMERA/flir_camera_driver/install/flir_camera_msgs/bin'
[2.130s] INFO:colcon.colcon_core.shell:Creating package script '/home/karthik/dds_ros2/flirCAMERA/flir_camera_driver/install/flir_camera_msgs/share/flir_camera_msgs/package.ps1'
[2.136s] INFO:colcon.colcon_core.shell:Creating package descriptor '/home/karthik/dds_ros2/flirCAMERA/flir_camera_driver/install/flir_camera_msgs/share/flir_camera_msgs/package.dsv'
[2.136s] INFO:colcon.colcon_core.shell:Creating package script '/home/karthik/dds_ros2/flirCAMERA/flir_camera_driver/install/flir_camera_msgs/share/flir_camera_msgs/package.sh'
[2.137s] INFO:colcon.colcon_core.shell:Creating package script '/home/karthik/dds_ros2/flirCAMERA/flir_camera_driver/install/flir_camera_msgs/share/flir_camera_msgs/package.bash'
[2.137s] INFO:colcon.colcon_core.shell:Creating package script '/home/karthik/dds_ros2/flirCAMERA/flir_camera_driver/install/flir_camera_msgs/share/flir_camera_msgs/package.zsh'
[2.137s] Level 1:colcon.colcon_core.environment:create_file_with_runtime_dependencies(/home/karthik/dds_ros2/flirCAMERA/flir_camera_driver/install/flir_camera_msgs/share/colcon-core/packages/flir_camera_msgs)
[2.137s] INFO:colcon.colcon_ros.task.ament_cmake.build:Building ROS package in '/home/karthik/dds_ros2/flirCAMERA/flir_camera_driver/spinnaker_camera_driver' with build type 'ament_cmake'
[2.137s] INFO:colcon.colcon_cmake.task.cmake.build:Building CMake package in '/home/karthik/dds_ros2/flirCAMERA/flir_camera_driver/spinnaker_camera_driver'
[2.138s] INFO:colcon.colcon_core.shell:Skip shell extension 'powershell' for command environment: Not usable outside of PowerShell
[2.138s] DEBUG:colcon.colcon_core.shell:Skip shell extension 'dsv' for command environment
[2.145s] DEBUG:colcon.colcon_core.event_handler.log_command:Invoking command in '/home/karthik/dds_ros2/flirCAMERA/flir_camera_driver/build/spinnaker_camera_driver': AMENT_PREFIX_PATH=/home/karthik/dds_ros2/flirCAMERA/flir_camera_driver/install/flir_camera_msgs:${AMENT_PREFIX_PATH} CMAKE_PREFIX_PATH=/home/karthik/dds_ros2/flirCAMERA/flir_camera_driver/install/flir_camera_msgs:/opt/ros/humble LD_LIBRARY_PATH=/home/karthik/dds_ros2/flirCAMERA/flir_camera_driver/install/flir_camera_msgs/lib:${LD_LIBRARY_PATH} PYTHONPATH=/home/karthik/dds_ros2/flirCAMERA/flir_camera_driver/install/flir_camera_msgs/local/lib/python3.10/dist-packages:${PYTHONPATH} /usr/bin/cmake /home/karthik/dds_ros2/flirCAMERA/flir_camera_driver/spinnaker_camera_driver -DAMENT_CMAKE_SYMLINK_INSTALL=1 -DCMAKE_INSTALL_PREFIX=/home/karthik/dds_ros2/flirCAMERA/flir_camera_driver/install/spinnaker_camera_driver
[2.805s] DEBUG:colcon.colcon_core.event_handler.log_command:Invoked command in '/home/karthik/dds_ros2/flirCAMERA/flir_camera_driver/build/spinnaker_camera_driver' returned '0': AMENT_PREFIX_PATH=/home/karthik/dds_ros2/flirCAMERA/flir_camera_driver/install/flir_camera_msgs:${AMENT_PREFIX_PATH} CMAKE_PREFIX_PATH=/home/karthik/dds_ros2/flirCAMERA/flir_camera_driver/install/flir_camera_msgs:/opt/ros/humble LD_LIBRARY_PATH=/home/karthik/dds_ros2/flirCAMERA/flir_camera_driver/install/flir_camera_msgs/lib:${LD_LIBRARY_PATH} PYTHONPATH=/home/karthik/dds_ros2/flirCAMERA/flir_camera_driver/install/flir_camera_msgs/local/lib/python3.10/dist-packages:${PYTHONPATH} /usr/bin/cmake /home/karthik/dds_ros2/flirCAMERA/flir_camera_driver/spinnaker_camera_driver -DAMENT_CMAKE_SYMLINK_INSTALL=1 -DCMAKE_INSTALL_PREFIX=/home/karthik/dds_ros2/flirCAMERA/flir_camera_driver/install/spinnaker_camera_driver
[2.806s] DEBUG:colcon.colcon_core.event_handler.log_command:Invoking command in '/home/karthik/dds_ros2/flirCAMERA/flir_camera_driver/build/spinnaker_camera_driver': AMENT_PREFIX_PATH=/home/karthik/dds_ros2/flirCAMERA/flir_camera_driver/install/flir_camera_msgs:${AMENT_PREFIX_PATH} CMAKE_PREFIX_PATH=/home/karthik/dds_ros2/flirCAMERA/flir_camera_driver/install/flir_camera_msgs:/opt/ros/humble LD_LIBRARY_PATH=/home/karthik/dds_ros2/flirCAMERA/flir_camera_driver/install/flir_camera_msgs/lib:${LD_LIBRARY_PATH} PYTHONPATH=/home/karthik/dds_ros2/flirCAMERA/flir_camera_driver/install/flir_camera_msgs/local/lib/python3.10/dist-packages:${PYTHONPATH} /usr/bin/cmake --build /home/karthik/dds_ros2/flirCAMERA/flir_camera_driver/build/spinnaker_camera_driver -- -j128 -l128
[17.482s] DEBUG:colcon.colcon_core.event_handler.log_command:Invoked command in '/home/karthik/dds_ros2/flirCAMERA/flir_camera_driver/build/spinnaker_camera_driver' returned '0': AMENT_PREFIX_PATH=/home/karthik/dds_ros2/flirCAMERA/flir_camera_driver/install/flir_camera_msgs:${AMENT_PREFIX_PATH} CMAKE_PREFIX_PATH=/home/karthik/dds_ros2/flirCAMERA/flir_camera_driver/install/flir_camera_msgs:/opt/ros/humble LD_LIBRARY_PATH=/home/karthik/dds_ros2/flirCAMERA/flir_camera_driver/install/flir_camera_msgs/lib:${LD_LIBRARY_PATH} PYTHONPATH=/home/karthik/dds_ros2/flirCAMERA/flir_camera_driver/install/flir_camera_msgs/local/lib/python3.10/dist-packages:${PYTHONPATH} /usr/bin/cmake --build /home/karthik/dds_ros2/flirCAMERA/flir_camera_driver/build/spinnaker_camera_driver -- -j128 -l128
[17.483s] DEBUG:colcon.colcon_core.event_handler.log_command:Invoking command in '/home/karthik/dds_ros2/flirCAMERA/flir_camera_driver/build/spinnaker_camera_driver': AMENT_PREFIX_PATH=/home/karthik/dds_ros2/flirCAMERA/flir_camera_driver/install/flir_camera_msgs:${AMENT_PREFIX_PATH} CMAKE_PREFIX_PATH=/home/karthik/dds_ros2/flirCAMERA/flir_camera_driver/install/flir_camera_msgs:/opt/ros/humble LD_LIBRARY_PATH=/home/karthik/dds_ros2/flirCAMERA/flir_camera_driver/install/flir_camera_msgs/lib:${LD_LIBRARY_PATH} PYTHONPATH=/home/karthik/dds_ros2/flirCAMERA/flir_camera_driver/install/flir_camera_msgs/local/lib/python3.10/dist-packages:${PYTHONPATH} /usr/bin/cmake --install /home/karthik/dds_ros2/flirCAMERA/flir_camera_driver/build/spinnaker_camera_driver
[17.668s] Level 1:colcon.colcon_core.environment:create_environment_scripts_only(spinnaker_camera_driver)
[17.669s] Level 1:colcon.colcon_core.environment:checking '/home/karthik/dds_ros2/flirCAMERA/flir_camera_driver/install/spinnaker_camera_driver' for CMake module files
[17.669s] DEBUG:colcon.colcon_core.event_handler.log_command:Invoked command in '/home/karthik/dds_ros2/flirCAMERA/flir_camera_driver/build/spinnaker_camera_driver' returned '0': AMENT_PREFIX_PATH=/home/karthik/dds_ros2/flirCAMERA/flir_camera_driver/install/flir_camera_msgs:${AMENT_PREFIX_PATH} CMAKE_PREFIX_PATH=/home/karthik/dds_ros2/flirCAMERA/flir_camera_driver/install/flir_camera_msgs:/opt/ros/humble LD_LIBRARY_PATH=/home/karthik/dds_ros2/flirCAMERA/flir_camera_driver/install/flir_camera_msgs/lib:${LD_LIBRARY_PATH} PYTHONPATH=/home/karthik/dds_ros2/flirCAMERA/flir_camera_driver/install/flir_camera_msgs/local/lib/python3.10/dist-packages:${PYTHONPATH} /usr/bin/cmake --install /home/karthik/dds_ros2/flirCAMERA/flir_camera_driver/build/spinnaker_camera_driver
[17.669s] Level 1:colcon.colcon_core.environment:checking '/home/karthik/dds_ros2/flirCAMERA/flir_camera_driver/install/spinnaker_camera_driver' for CMake config files
[17.669s] Level 1:colcon.colcon_core.shell:create_environment_hook('spinnaker_camera_driver', 'cmake_prefix_path')
[17.670s] INFO:colcon.colcon_core.shell:Creating environment hook '/home/karthik/dds_ros2/flirCAMERA/flir_camera_driver/install/spinnaker_camera_driver/share/spinnaker_camera_driver/hook/cmake_prefix_path.ps1'
[17.670s] INFO:colcon.colcon_core.shell:Creating environment descriptor '/home/karthik/dds_ros2/flirCAMERA/flir_camera_driver/install/spinnaker_camera_driver/share/spinnaker_camera_driver/hook/cmake_prefix_path.dsv'
[17.670s] INFO:colcon.colcon_core.shell:Creating environment hook '/home/karthik/dds_ros2/flirCAMERA/flir_camera_driver/install/spinnaker_camera_driver/share/spinnaker_camera_driver/hook/cmake_prefix_path.sh'
[17.670s] Level 1:colcon.colcon_core.environment:checking '/home/karthik/dds_ros2/flirCAMERA/flir_camera_driver/install/spinnaker_camera_driver/lib'
[17.670s] Level 1:colcon.colcon_core.shell:create_environment_hook('spinnaker_camera_driver', 'ld_library_path_lib')
[17.670s] INFO:colcon.colcon_core.shell:Creating environment hook '/home/karthik/dds_ros2/flirCAMERA/flir_camera_driver/install/spinnaker_camera_driver/share/spinnaker_camera_driver/hook/ld_library_path_lib.ps1'
[17.671s] INFO:colcon.colcon_core.shell:Creating environment descriptor '/home/karthik/dds_ros2/flirCAMERA/flir_camera_driver/install/spinnaker_camera_driver/share/spinnaker_camera_driver/hook/ld_library_path_lib.dsv'
[17.671s] INFO:colcon.colcon_core.shell:Creating environment hook '/home/karthik/dds_ros2/flirCAMERA/flir_camera_driver/install/spinnaker_camera_driver/share/spinnaker_camera_driver/hook/ld_library_path_lib.sh'
[17.671s] Level 1:colcon.colcon_core.environment:checking '/home/karthik/dds_ros2/flirCAMERA/flir_camera_driver/install/spinnaker_camera_driver/bin'
[17.671s] Level 1:colcon.colcon_core.environment:checking '/home/karthik/dds_ros2/flirCAMERA/flir_camera_driver/install/spinnaker_camera_driver/lib/pkgconfig/spinnaker_camera_driver.pc'
[17.671s] Level 1:colcon.colcon_core.environment:checking '/home/karthik/dds_ros2/flirCAMERA/flir_camera_driver/install/spinnaker_camera_driver/lib/python3.10/site-packages'
[17.671s] Level 1:colcon.colcon_core.environment:checking '/home/karthik/dds_ros2/flirCAMERA/flir_camera_driver/install/spinnaker_camera_driver/bin'
[17.671s] INFO:colcon.colcon_core.shell:Creating package script '/home/karthik/dds_ros2/flirCAMERA/flir_camera_driver/install/spinnaker_camera_driver/share/spinnaker_camera_driver/package.ps1'
[17.671s] INFO:colcon.colcon_core.shell:Creating package descriptor '/home/karthik/dds_ros2/flirCAMERA/flir_camera_driver/install/spinnaker_camera_driver/share/spinnaker_camera_driver/package.dsv'
[17.672s] INFO:colcon.colcon_core.shell:Creating package script '/home/karthik/dds_ros2/flirCAMERA/flir_camera_driver/install/spinnaker_camera_driver/share/spinnaker_camera_driver/package.sh'
[17.672s] INFO:colcon.colcon_core.shell:Creating package script '/home/karthik/dds_ros2/flirCAMERA/flir_camera_driver/install/spinnaker_camera_driver/share/spinnaker_camera_driver/package.bash'
[17.672s] INFO:colcon.colcon_core.shell:Creating package script '/home/karthik/dds_ros2/flirCAMERA/flir_camera_driver/install/spinnaker_camera_driver/share/spinnaker_camera_driver/package.zsh'
[17.672s] Level 1:colcon.colcon_core.environment:create_file_with_runtime_dependencies(/home/karthik/dds_ros2/flirCAMERA/flir_camera_driver/install/spinnaker_camera_driver/share/colcon-core/packages/spinnaker_camera_driver)
[17.672s] Level 1:colcon.colcon_core.environment:create_environment_scripts_only(spinnaker_camera_driver)
[17.672s] Level 1:colcon.colcon_core.environment:checking '/home/karthik/dds_ros2/flirCAMERA/flir_camera_driver/install/spinnaker_camera_driver' for CMake module files
[17.672s] Level 1:colcon.colcon_core.environment:checking '/home/karthik/dds_ros2/flirCAMERA/flir_camera_driver/install/spinnaker_camera_driver' for CMake config files
[17.673s] Level 1:colcon.colcon_core.shell:create_environment_hook('spinnaker_camera_driver', 'cmake_prefix_path')
[17.673s] INFO:colcon.colcon_core.shell:Creating environment hook '/home/karthik/dds_ros2/flirCAMERA/flir_camera_driver/install/spinnaker_camera_driver/share/spinnaker_camera_driver/hook/cmake_prefix_path.ps1'
[17.673s] INFO:colcon.colcon_core.shell:Creating environment descriptor '/home/karthik/dds_ros2/flirCAMERA/flir_camera_driver/install/spinnaker_camera_driver/share/spinnaker_camera_driver/hook/cmake_prefix_path.dsv'
[17.673s] INFO:colcon.colcon_core.shell:Creating environment hook '/home/karthik/dds_ros2/flirCAMERA/flir_camera_driver/install/spinnaker_camera_driver/share/spinnaker_camera_driver/hook/cmake_prefix_path.sh'
[17.673s] Level 1:colcon.colcon_core.environment:checking '/home/karthik/dds_ros2/flirCAMERA/flir_camera_driver/install/spinnaker_camera_driver/lib'
[17.673s] Level 1:colcon.colcon_core.shell:create_environment_hook('spinnaker_camera_driver', 'ld_library_path_lib')
[17.673s] INFO:colcon.colcon_core.shell:Creating environment hook '/home/karthik/dds_ros2/flirCAMERA/flir_camera_driver/install/spinnaker_camera_driver/share/spinnaker_camera_driver/hook/ld_library_path_lib.ps1'
[17.673s] INFO:colcon.colcon_core.shell:Creating environment descriptor '/home/karthik/dds_ros2/flirCAMERA/flir_camera_driver/install/spinnaker_camera_driver/share/spinnaker_camera_driver/hook/ld_library_path_lib.dsv'
[17.674s] INFO:colcon.colcon_core.shell:Creating environment hook '/home/karthik/dds_ros2/flirCAMERA/flir_camera_driver/install/spinnaker_camera_driver/share/spinnaker_camera_driver/hook/ld_library_path_lib.sh'
[17.674s] Level 1:colcon.colcon_core.environment:checking '/home/karthik/dds_ros2/flirCAMERA/flir_camera_driver/install/spinnaker_camera_driver/bin'
[17.674s] Level 1:colcon.colcon_core.environment:checking '/home/karthik/dds_ros2/flirCAMERA/flir_camera_driver/install/spinnaker_camera_driver/lib/pkgconfig/spinnaker_camera_driver.pc'
[17.674s] Level 1:colcon.colcon_core.environment:checking '/home/karthik/dds_ros2/flirCAMERA/flir_camera_driver/install/spinnaker_camera_driver/lib/python3.10/site-packages'
[17.674s] Level 1:colcon.colcon_core.environment:checking '/home/karthik/dds_ros2/flirCAMERA/flir_camera_driver/install/spinnaker_camera_driver/bin'
[17.674s] INFO:colcon.colcon_core.shell:Creating package script '/home/karthik/dds_ros2/flirCAMERA/flir_camera_driver/install/spinnaker_camera_driver/share/spinnaker_camera_driver/package.ps1'
[17.674s] INFO:colcon.colcon_core.shell:Creating package descriptor '/home/karthik/dds_ros2/flirCAMERA/flir_camera_driver/install/spinnaker_camera_driver/share/spinnaker_camera_driver/package.dsv'
[17.674s] INFO:colcon.colcon_core.shell:Creating package script '/home/karthik/dds_ros2/flirCAMERA/flir_camera_driver/install/spinnaker_camera_driver/share/spinnaker_camera_driver/package.sh'
[17.675s] INFO:colcon.colcon_core.shell:Creating package script '/home/karthik/dds_ros2/flirCAMERA/flir_camera_driver/install/spinnaker_camera_driver/share/spinnaker_camera_driver/package.bash'
[17.675s] INFO:colcon.colcon_core.shell:Creating package script '/home/karthik/dds_ros2/flirCAMERA/flir_camera_driver/install/spinnaker_camera_driver/share/spinnaker_camera_driver/package.zsh'
[17.675s] Level 1:colcon.colcon_core.environment:create_file_with_runtime_dependencies(/home/karthik/dds_ros2/flirCAMERA/flir_camera_driver/install/spinnaker_camera_driver/share/colcon-core/packages/spinnaker_camera_driver)
[17.675s] DEBUG:colcon.colcon_parallel_executor.executor.parallel:closing loop
[17.675s] DEBUG:colcon.colcon_parallel_executor.executor.parallel:loop closed
[17.675s] DEBUG:colcon.colcon_parallel_executor.executor.parallel:run_until_complete finished with '0'
[17.675s] DEBUG:colcon.colcon_core.event_reactor:joining thread
[17.678s] INFO:colcon.colcon_core.plugin_system:Skipping extension 'colcon_notification.desktop_notification.terminal_notifier': Not used on non-Darwin systems
[17.678s] INFO:colcon.colcon_core.plugin_system:Skipping extension 'colcon_notification.desktop_notification.win32': Not used on non-Windows systems
[17.678s] INFO:colcon.colcon_notification.desktop_notification:Sending desktop notification using 'notify2'
[17.685s] DEBUG:colcon.colcon_core.event_reactor:joined thread
[17.685s] INFO:colcon.colcon_core.shell:Creating prefix script '/home/karthik/dds_ros2/flirCAMERA/flir_camera_driver/install/local_setup.ps1'
[17.686s] INFO:colcon.colcon_core.shell:Creating prefix util module '/home/karthik/dds_ros2/flirCAMERA/flir_camera_driver/install/_local_setup_util_ps1.py'
[17.686s] INFO:colcon.colcon_core.shell:Creating prefix chain script '/home/karthik/dds_ros2/flirCAMERA/flir_camera_driver/install/setup.ps1'
[17.687s] INFO:colcon.colcon_core.shell:Creating prefix script '/home/karthik/dds_ros2/flirCAMERA/flir_camera_driver/install/local_setup.sh'
[17.687s] INFO:colcon.colcon_core.shell:Creating prefix util module '/home/karthik/dds_ros2/flirCAMERA/flir_camera_driver/install/_local_setup_util_sh.py'
[17.687s] INFO:colcon.colcon_core.shell:Creating prefix chain script '/home/karthik/dds_ros2/flirCAMERA/flir_camera_driver/install/setup.sh'
[17.687s] INFO:colcon.colcon_core.shell:Creating prefix script '/home/karthik/dds_ros2/flirCAMERA/flir_camera_driver/install/local_setup.bash'
[17.688s] INFO:colcon.colcon_core.shell:Creating prefix chain script '/home/karthik/dds_ros2/flirCAMERA/flir_camera_driver/install/setup.bash'
[17.688s] INFO:colcon.colcon_core.shell:Creating prefix script '/home/karthik/dds_ros2/flirCAMERA/flir_camera_driver/install/local_setup.zsh'
[17.688s] INFO:colcon.colcon_core.shell:Creating prefix chain script '/home/karthik/dds_ros2/flirCAMERA/flir_camera_driver/install/setup.zsh'
