[0.006s] Invoking command in '/home/karthik/dds_ros2/flirCAMERA/flir_camera_driver/build/spinnaker_camera_driver': AMENT_PREFIX_PATH=/home/karthik/dds_ros2/flirCAMERA/flir_camera_driver/install/flir_camera_msgs:${AMENT_PREFIX_PATH} CMAKE_PREFIX_PATH=/home/karthik/dds_ros2/flirCAMERA/flir_camera_driver/install/flir_camera_msgs:/opt/ros/humble LD_LIBRARY_PATH=/home/karthik/dds_ros2/flirCAMERA/flir_camera_driver/install/flir_camera_msgs/lib:${LD_LIBRARY_PATH} PYTHONPATH=/home/karthik/dds_ros2/flirCAMERA/flir_camera_driver/install/flir_camera_msgs/local/lib/python3.10/dist-packages:${PYTHONPATH} /usr/bin/cmake --build /home/karthik/dds_ros2/flirCAMERA/flir_camera_driver/build/spinnaker_camera_driver -- -j128 -l128
[0.032s] [35m[1mConsolidate compiler generated dependencies of target camera_driver[0m
[0.047s] [ 81%] Built target camera_driver
[0.053s] [35m[1mConsolidate compiler generated dependencies of target camera_driver_node[0m
[0.062s] [100%] Built target camera_driver_node
[0.067s] Invoked command in '/home/karthik/dds_ros2/flirCAMERA/flir_camera_driver/build/spinnaker_camera_driver' returned '0': AMENT_PREFIX_PATH=/home/karthik/dds_ros2/flirCAMERA/flir_camera_driver/install/flir_camera_msgs:${AMENT_PREFIX_PATH} CMAKE_PREFIX_PATH=/home/karthik/dds_ros2/flirCAMERA/flir_camera_driver/install/flir_camera_msgs:/opt/ros/humble LD_LIBRARY_PATH=/home/karthik/dds_ros2/flirCAMERA/flir_camera_driver/install/flir_camera_msgs/lib:${LD_LIBRARY_PATH} PYTHONPATH=/home/karthik/dds_ros2/flirCAMERA/flir_camera_driver/install/flir_camera_msgs/local/lib/python3.10/dist-packages:${PYTHONPATH} /usr/bin/cmake --build /home/karthik/dds_ros2/flirCAMERA/flir_camera_driver/build/spinnaker_camera_driver -- -j128 -l128
[0.068s] Invoking command in '/home/karthik/dds_ros2/flirCAMERA/flir_camera_driver/build/spinnaker_camera_driver': AMENT_PREFIX_PATH=/home/karthik/dds_ros2/flirCAMERA/flir_camera_driver/install/flir_camera_msgs:${AMENT_PREFIX_PATH} CMAKE_PREFIX_PATH=/home/karthik/dds_ros2/flirCAMERA/flir_camera_driver/install/flir_camera_msgs:/opt/ros/humble LD_LIBRARY_PATH=/home/karthik/dds_ros2/flirCAMERA/flir_camera_driver/install/flir_camera_msgs/lib:${LD_LIBRARY_PATH} PYTHONPATH=/home/karthik/dds_ros2/flirCAMERA/flir_camera_driver/install/flir_camera_msgs/local/lib/python3.10/dist-packages:${PYTHONPATH} /usr/bin/cmake --install /home/karthik/dds_ros2/flirCAMERA/flir_camera_driver/build/spinnaker_camera_driver
[0.072s] -- Install configuration: "RelWithDebInfo"
[0.072s] -- Execute custom install script
[0.072s] -- Up-to-date symlink: /home/karthik/dds_ros2/flirCAMERA/flir_camera_driver/install/spinnaker_camera_driver/lib/spinnaker_camera_driver//camera_driver_node
[0.072s] -- Up-to-date symlink: /home/karthik/dds_ros2/flirCAMERA/flir_camera_driver/install/spinnaker_camera_driver/lib/cmake/spinnaker_camera_driver/spinnaker_camera_driverConfig.cmake
[0.072s] -- Up-to-date symlink: /home/karthik/dds_ros2/flirCAMERA/flir_camera_driver/install/spinnaker_camera_driver/lib/cmake/spinnaker_camera_driver/spinnaker_camera_driverConfigVersion.cmake
[0.073s] -- Up-to-date symlink: /home/karthik/dds_ros2/flirCAMERA/flir_camera_driver/install/spinnaker_camera_driver/include/spinnaker_camera_driver/camera.hpp
[0.073s] -- Up-to-date symlink: /home/karthik/dds_ros2/flirCAMERA/flir_camera_driver/install/spinnaker_camera_driver/include/spinnaker_camera_driver/camera_driver.hpp
[0.073s] -- Up-to-date symlink: /home/karthik/dds_ros2/flirCAMERA/flir_camera_driver/install/spinnaker_camera_driver/include/spinnaker_camera_driver/diagnostic_levels.hpp
[0.073s] -- Up-to-date symlink: /home/karthik/dds_ros2/flirCAMERA/flir_camera_driver/install/spinnaker_camera_driver/include/spinnaker_camera_driver/exposure_controller.hpp
[0.073s] -- Up-to-date symlink: /home/karthik/dds_ros2/flirCAMERA/flir_camera_driver/install/spinnaker_camera_driver/include/spinnaker_camera_driver/image.hpp
[0.073s] -- Up-to-date symlink: /home/karthik/dds_ros2/flirCAMERA/flir_camera_driver/install/spinnaker_camera_driver/include/spinnaker_camera_driver/lifecycle_types.hpp
[0.073s] -- Up-to-date symlink: /home/karthik/dds_ros2/flirCAMERA/flir_camera_driver/install/spinnaker_camera_driver/include/spinnaker_camera_driver/logging.hpp
[0.073s] -- Up-to-date symlink: /home/karthik/dds_ros2/flirCAMERA/flir_camera_driver/install/spinnaker_camera_driver/include/spinnaker_camera_driver/pixel_format.hpp
[0.073s] -- Up-to-date symlink: /home/karthik/dds_ros2/flirCAMERA/flir_camera_driver/install/spinnaker_camera_driver/include/spinnaker_camera_driver/spinnaker_wrapper.hpp
[0.073s] -- Up-to-date symlink: /home/karthik/dds_ros2/flirCAMERA/flir_camera_driver/install/spinnaker_camera_driver/include/spinnaker_camera_driver/synchronizer.hpp
[0.073s] -- Up-to-date symlink: /home/karthik/dds_ros2/flirCAMERA/flir_camera_driver/install/spinnaker_camera_driver/include/spinnaker_camera_driver/utils.hpp
[0.073s] -- Up-to-date symlink: /home/karthik/dds_ros2/flirCAMERA/flir_camera_driver/install/spinnaker_camera_driver/share/spinnaker_camera_driver//config/blackfly.yaml
[0.073s] -- Up-to-date symlink: /home/karthik/dds_ros2/flirCAMERA/flir_camera_driver/install/spinnaker_camera_driver/share/spinnaker_camera_driver//config/blackfly_s.yaml
[0.073s] -- Up-to-date symlink: /home/karthik/dds_ros2/flirCAMERA/flir_camera_driver/install/spinnaker_camera_driver/share/spinnaker_camera_driver//config/chameleon.yaml
[0.073s] -- Up-to-date symlink: /home/karthik/dds_ros2/flirCAMERA/flir_camera_driver/install/spinnaker_camera_driver/share/spinnaker_camera_driver//config/firefly.yaml
[0.073s] -- Up-to-date symlink: /home/karthik/dds_ros2/flirCAMERA/flir_camera_driver/install/spinnaker_camera_driver/share/spinnaker_camera_driver//config/firefly_ffy_u3162c.yaml
[0.073s] -- Up-to-date symlink: /home/karthik/dds_ros2/flirCAMERA/flir_camera_driver/install/spinnaker_camera_driver/share/spinnaker_camera_driver//config/flir_ax5.yaml
[0.073s] -- Up-to-date symlink: /home/karthik/dds_ros2/flirCAMERA/flir_camera_driver/install/spinnaker_camera_driver/share/spinnaker_camera_driver//config/grasshopper.yaml
[0.074s] -- Up-to-date symlink: /home/karthik/dds_ros2/flirCAMERA/flir_camera_driver/install/spinnaker_camera_driver/share/spinnaker_camera_driver//config/oryx.yaml
[0.074s] -- Up-to-date symlink: /home/karthik/dds_ros2/flirCAMERA/flir_camera_driver/install/spinnaker_camera_driver/share/spinnaker_camera_driver//launch/driver_node.launch.py
[0.074s] -- Up-to-date symlink: /home/karthik/dds_ros2/flirCAMERA/flir_camera_driver/install/spinnaker_camera_driver/share/spinnaker_camera_driver//launch/gige_node.launch.py
[0.074s] -- Up-to-date symlink: /home/karthik/dds_ros2/flirCAMERA/flir_camera_driver/install/spinnaker_camera_driver/share/spinnaker_camera_driver//launch/multiple_cameras.launch.py
[0.074s] -- Up-to-date symlink: /home/karthik/dds_ros2/flirCAMERA/flir_camera_driver/install/spinnaker_camera_driver/share/spinnaker_camera_driver//launch/multiple_cameras_ptp.launch.py
[0.074s] -- Up-to-date symlink: /home/karthik/dds_ros2/flirCAMERA/flir_camera_driver/install/spinnaker_camera_driver/lib/spinnaker_camera_driver/linux_setup_flir
[0.074s] -- Up-to-date symlink: /home/karthik/dds_ros2/flirCAMERA/flir_camera_driver/install/spinnaker_camera_driver/share/ament_index/resource_index/package_run_dependencies/spinnaker_camera_driver
[0.074s] -- Up-to-date symlink: /home/karthik/dds_ros2/flirCAMERA/flir_camera_driver/install/spinnaker_camera_driver/share/ament_index/resource_index/parent_prefix_path/spinnaker_camera_driver
[0.074s] -- Up-to-date symlink: /home/karthik/dds_ros2/flirCAMERA/flir_camera_driver/install/spinnaker_camera_driver/share/spinnaker_camera_driver/environment/ament_prefix_path.sh
[0.074s] -- Up-to-date symlink: /home/karthik/dds_ros2/flirCAMERA/flir_camera_driver/install/spinnaker_camera_driver/share/spinnaker_camera_driver/environment/ament_prefix_path.dsv
[0.074s] -- Up-to-date symlink: /home/karthik/dds_ros2/flirCAMERA/flir_camera_driver/install/spinnaker_camera_driver/share/spinnaker_camera_driver/environment/path.sh
[0.074s] -- Up-to-date symlink: /home/karthik/dds_ros2/flirCAMERA/flir_camera_driver/install/spinnaker_camera_driver/share/spinnaker_camera_driver/environment/path.dsv
[0.074s] -- Up-to-date symlink: /home/karthik/dds_ros2/flirCAMERA/flir_camera_driver/install/spinnaker_camera_driver/share/spinnaker_camera_driver/local_setup.bash
[0.074s] -- Up-to-date symlink: /home/karthik/dds_ros2/flirCAMERA/flir_camera_driver/install/spinnaker_camera_driver/share/spinnaker_camera_driver/local_setup.sh
[0.074s] -- Up-to-date symlink: /home/karthik/dds_ros2/flirCAMERA/flir_camera_driver/install/spinnaker_camera_driver/share/spinnaker_camera_driver/local_setup.zsh
[0.074s] -- Up-to-date symlink: /home/karthik/dds_ros2/flirCAMERA/flir_camera_driver/install/spinnaker_camera_driver/share/spinnaker_camera_driver/local_setup.dsv
[0.074s] -- Symlinking: /home/karthik/dds_ros2/flirCAMERA/flir_camera_driver/install/spinnaker_camera_driver/share/spinnaker_camera_driver/package.dsv
[0.078s] -- Up-to-date symlink: /home/karthik/dds_ros2/flirCAMERA/flir_camera_driver/install/spinnaker_camera_driver/share/ament_index/resource_index/packages/spinnaker_camera_driver
[0.078s] -- Up-to-date symlink: /home/karthik/dds_ros2/flirCAMERA/flir_camera_driver/install/spinnaker_camera_driver/share/ament_index/resource_index/rclcpp_components/spinnaker_camera_driver
[0.079s] -- Up-to-date symlink: /home/karthik/dds_ros2/flirCAMERA/flir_camera_driver/install/spinnaker_camera_driver/share/spinnaker_camera_driver/cmake/spinnaker_camera_driverConfig.cmake
[0.079s] -- Up-to-date symlink: /home/karthik/dds_ros2/flirCAMERA/flir_camera_driver/install/spinnaker_camera_driver/share/spinnaker_camera_driver/cmake/spinnaker_camera_driverConfig-version.cmake
[0.079s] -- Up-to-date symlink: /home/karthik/dds_ros2/flirCAMERA/flir_camera_driver/install/spinnaker_camera_driver/share/spinnaker_camera_driver/package.xml
[0.079s] -- Up-to-date: /home/karthik/dds_ros2/flirCAMERA/flir_camera_driver/install/spinnaker_camera_driver/lib/libcamera_driver.so
[0.079s] -- Up-to-date: /home/karthik/dds_ros2/flirCAMERA/flir_camera_driver/install/spinnaker_camera_driver/lib/cmake/spinnaker_camera_driver/spinnaker_camera_driverTargets.cmake
[0.079s] -- Up-to-date: /home/karthik/dds_ros2/flirCAMERA/flir_camera_driver/install/spinnaker_camera_driver/lib/cmake/spinnaker_camera_driver/spinnaker_camera_driverTargets-relwithdebinfo.cmake
[0.081s] Invoked command in '/home/karthik/dds_ros2/flirCAMERA/flir_camera_driver/build/spinnaker_camera_driver' returned '0': AMENT_PREFIX_PATH=/home/karthik/dds_ros2/flirCAMERA/flir_camera_driver/install/flir_camera_msgs:${AMENT_PREFIX_PATH} CMAKE_PREFIX_PATH=/home/karthik/dds_ros2/flirCAMERA/flir_camera_driver/install/flir_camera_msgs:/opt/ros/humble LD_LIBRARY_PATH=/home/karthik/dds_ros2/flirCAMERA/flir_camera_driver/install/flir_camera_msgs/lib:${LD_LIBRARY_PATH} PYTHONPATH=/home/karthik/dds_ros2/flirCAMERA/flir_camera_driver/install/flir_camera_msgs/local/lib/python3.10/dist-packages:${PYTHONPATH} /usr/bin/cmake --install /home/karthik/dds_ros2/flirCAMERA/flir_camera_driver/build/spinnaker_camera_driver
