[0.044s] DEBUG:colcon:Command line arguments: ['/usr/bin/colcon', 'build', '--packages-select', 'spinnaker_camera_driver']
[0.044s] DEBUG:colcon:Parsed command line arguments: Namespace(log_base=None, log_level=None, verb_name='build', build_base='build', install_base='install', merge_install=False, symlink_install=False, test_result_base=None, continue_on_error=False, executor='parallel', parallel_workers=128, event_handlers=None, ignore_user_meta=False, metas=['./colcon.meta'], base_paths=['.'], packages_ignore=None, packages_ignore_regex=None, paths=None, packages_up_to=None, packages_up_to_regex=None, packages_above=None, packages_above_and_dependencies=None, packages_above_depth=None, packages_select_by_dep=None, packages_skip_by_dep=None, packages_skip_up_to=None, packages_select_build_failed=False, packages_skip_build_finished=False, packages_select_test_failures=False, packages_skip_test_passed=False, packages_select=['spinnaker_camera_driver'], packages_skip=None, packages_select_regex=None, packages_skip_regex=None, packages_start=None, packages_end=None, allow_overriding=[], cmake_args=None, cmake_target=None, cmake_target_skip_unavailable=False, cmake_clean_cache=False, cmake_clean_first=False, cmake_force_configure=False, ament_cmake_args=None, catkin_cmake_args=None, catkin_skip_building_tests=False, mixin_files=None, mixin=None, verb_parser=<colcon_mixin.mixin.mixin_argument.MixinArgumentDecorator object at 0x7970a810fb80>, verb_extension=<colcon_core.verb.build.BuildVerb object at 0x7970a810f6d0>, main=<bound method BuildVerb.main of <colcon_core.verb.build.BuildVerb object at 0x7970a810f6d0>>, mixin_verb=('build',))
[0.115s] Level 1:colcon.colcon_core.package_discovery:discover_packages(colcon_meta) check parameters
[0.115s] Level 1:colcon.colcon_core.package_discovery:discover_packages(recursive) check parameters
[0.115s] Level 1:colcon.colcon_core.package_discovery:discover_packages(ignore) check parameters
[0.115s] Level 1:colcon.colcon_core.package_discovery:discover_packages(path) check parameters
[0.115s] Level 1:colcon.colcon_core.package_discovery:discover_packages(colcon_meta) discover
[0.115s] Level 1:colcon.colcon_core.package_discovery:discover_packages(recursive) discover
[0.115s] INFO:colcon.colcon_core.package_discovery:Crawling recursively for packages in '/home/karthik/dds_ros2/flirCAMERA/flir_camera_driver'
[0.115s] Level 1:colcon.colcon_core.package_identification:_identify(.) by extensions ['ignore', 'ignore_ament_install']
[0.115s] Level 1:colcon.colcon_core.package_identification:_identify(.) by extension 'ignore'
[0.115s] Level 1:colcon.colcon_core.package_identification:_identify(.) by extension 'ignore_ament_install'
[0.115s] Level 1:colcon.colcon_core.package_identification:_identify(.) by extensions ['colcon_pkg']
[0.115s] Level 1:colcon.colcon_core.package_identification:_identify(.) by extension 'colcon_pkg'
[0.115s] Level 1:colcon.colcon_core.package_identification:_identify(.) by extensions ['colcon_meta']
[0.115s] Level 1:colcon.colcon_core.package_identification:_identify(.) by extension 'colcon_meta'
[0.115s] Level 1:colcon.colcon_core.package_identification:_identify(.) by extensions ['ros']
[0.115s] Level 1:colcon.colcon_core.package_identification:_identify(.) by extension 'ros'
[0.130s] Level 1:colcon.colcon_core.package_identification:_identify(.) by extensions ['cmake', 'python']
[0.130s] Level 1:colcon.colcon_core.package_identification:_identify(.) by extension 'cmake'
[0.130s] Level 1:colcon.colcon_core.package_identification:_identify(.) by extension 'python'
[0.130s] Level 1:colcon.colcon_core.package_identification:_identify(.) by extensions ['python_setup_py']
[0.130s] Level 1:colcon.colcon_core.package_identification:_identify(.) by extension 'python_setup_py'
[0.130s] Level 1:colcon.colcon_core.package_identification:_identify(build) by extensions ['ignore', 'ignore_ament_install']
[0.130s] Level 1:colcon.colcon_core.package_identification:_identify(build) by extension 'ignore'
[0.130s] Level 1:colcon.colcon_core.package_identification:_identify(build) ignored
[0.130s] Level 1:colcon.colcon_core.package_identification:_identify(doc) by extensions ['ignore', 'ignore_ament_install']
[0.130s] Level 1:colcon.colcon_core.package_identification:_identify(doc) by extension 'ignore'
[0.130s] Level 1:colcon.colcon_core.package_identification:_identify(doc) by extension 'ignore_ament_install'
[0.130s] Level 1:colcon.colcon_core.package_identification:_identify(doc) by extensions ['colcon_pkg']
[0.130s] Level 1:colcon.colcon_core.package_identification:_identify(doc) by extension 'colcon_pkg'
[0.130s] Level 1:colcon.colcon_core.package_identification:_identify(doc) by extensions ['colcon_meta']
[0.130s] Level 1:colcon.colcon_core.package_identification:_identify(doc) by extension 'colcon_meta'
[0.130s] Level 1:colcon.colcon_core.package_identification:_identify(doc) by extensions ['ros']
[0.130s] Level 1:colcon.colcon_core.package_identification:_identify(doc) by extension 'ros'
[0.130s] Level 1:colcon.colcon_core.package_identification:_identify(doc) by extensions ['cmake', 'python']
[0.130s] Level 1:colcon.colcon_core.package_identification:_identify(doc) by extension 'cmake'
[0.130s] Level 1:colcon.colcon_core.package_identification:_identify(doc) by extension 'python'
[0.130s] Level 1:colcon.colcon_core.package_identification:_identify(doc) by extensions ['python_setup_py']
[0.130s] Level 1:colcon.colcon_core.package_identification:_identify(doc) by extension 'python_setup_py'
[0.130s] Level 1:colcon.colcon_core.package_identification:_identify(flir_camera_description) by extensions ['ignore', 'ignore_ament_install']
[0.130s] Level 1:colcon.colcon_core.package_identification:_identify(flir_camera_description) by extension 'ignore'
[0.130s] Level 1:colcon.colcon_core.package_identification:_identify(flir_camera_description) by extension 'ignore_ament_install'
[0.130s] Level 1:colcon.colcon_core.package_identification:_identify(flir_camera_description) by extensions ['colcon_pkg']
[0.131s] Level 1:colcon.colcon_core.package_identification:_identify(flir_camera_description) by extension 'colcon_pkg'
[0.131s] Level 1:colcon.colcon_core.package_identification:_identify(flir_camera_description) by extensions ['colcon_meta']
[0.131s] Level 1:colcon.colcon_core.package_identification:_identify(flir_camera_description) by extension 'colcon_meta'
[0.131s] Level 1:colcon.colcon_core.package_identification:_identify(flir_camera_description) by extensions ['ros']
[0.131s] Level 1:colcon.colcon_core.package_identification:_identify(flir_camera_description) by extension 'ros'
[0.132s] DEBUG:colcon.colcon_core.package_identification:Package 'flir_camera_description' with type 'ros.ament_cmake' and name 'flir_camera_description'
[0.132s] Level 1:colcon.colcon_core.package_identification:_identify(flir_camera_msgs) by extensions ['ignore', 'ignore_ament_install']
[0.132s] Level 1:colcon.colcon_core.package_identification:_identify(flir_camera_msgs) by extension 'ignore'
[0.132s] Level 1:colcon.colcon_core.package_identification:_identify(flir_camera_msgs) by extension 'ignore_ament_install'
[0.132s] Level 1:colcon.colcon_core.package_identification:_identify(flir_camera_msgs) by extensions ['colcon_pkg']
[0.132s] Level 1:colcon.colcon_core.package_identification:_identify(flir_camera_msgs) by extension 'colcon_pkg'
[0.132s] Level 1:colcon.colcon_core.package_identification:_identify(flir_camera_msgs) by extensions ['colcon_meta']
[0.132s] Level 1:colcon.colcon_core.package_identification:_identify(flir_camera_msgs) by extension 'colcon_meta'
[0.132s] Level 1:colcon.colcon_core.package_identification:_identify(flir_camera_msgs) by extensions ['ros']
[0.132s] Level 1:colcon.colcon_core.package_identification:_identify(flir_camera_msgs) by extension 'ros'
[0.132s] DEBUG:colcon.colcon_core.package_identification:Package 'flir_camera_msgs' with type 'ros.ament_cmake' and name 'flir_camera_msgs'
[0.132s] Level 1:colcon.colcon_core.package_identification:_identify(install) by extensions ['ignore', 'ignore_ament_install']
[0.132s] Level 1:colcon.colcon_core.package_identification:_identify(install) by extension 'ignore'
[0.132s] Level 1:colcon.colcon_core.package_identification:_identify(install) ignored
[0.132s] Level 1:colcon.colcon_core.package_identification:_identify(log) by extensions ['ignore', 'ignore_ament_install']
[0.132s] Level 1:colcon.colcon_core.package_identification:_identify(log) by extension 'ignore'
[0.132s] Level 1:colcon.colcon_core.package_identification:_identify(log) ignored
[0.132s] Level 1:colcon.colcon_core.package_identification:_identify(spinnaker_camera_driver) by extensions ['ignore', 'ignore_ament_install']
[0.132s] Level 1:colcon.colcon_core.package_identification:_identify(spinnaker_camera_driver) by extension 'ignore'
[0.132s] Level 1:colcon.colcon_core.package_identification:_identify(spinnaker_camera_driver) by extension 'ignore_ament_install'
[0.132s] Level 1:colcon.colcon_core.package_identification:_identify(spinnaker_camera_driver) by extensions ['colcon_pkg']
[0.132s] Level 1:colcon.colcon_core.package_identification:_identify(spinnaker_camera_driver) by extension 'colcon_pkg'
[0.132s] Level 1:colcon.colcon_core.package_identification:_identify(spinnaker_camera_driver) by extensions ['colcon_meta']
[0.132s] Level 1:colcon.colcon_core.package_identification:_identify(spinnaker_camera_driver) by extension 'colcon_meta'
[0.132s] Level 1:colcon.colcon_core.package_identification:_identify(spinnaker_camera_driver) by extensions ['ros']
[0.132s] Level 1:colcon.colcon_core.package_identification:_identify(spinnaker_camera_driver) by extension 'ros'
[0.133s] DEBUG:colcon.colcon_core.package_identification:Package 'spinnaker_camera_driver' with type 'ros.ament_cmake' and name 'spinnaker_camera_driver'
[0.133s] Level 1:colcon.colcon_core.package_identification:_identify(spinnaker_synchronized_camera_driver) by extensions ['ignore', 'ignore_ament_install']
[0.133s] Level 1:colcon.colcon_core.package_identification:_identify(spinnaker_synchronized_camera_driver) by extension 'ignore'
[0.133s] Level 1:colcon.colcon_core.package_identification:_identify(spinnaker_synchronized_camera_driver) by extension 'ignore_ament_install'
[0.133s] Level 1:colcon.colcon_core.package_identification:_identify(spinnaker_synchronized_camera_driver) by extensions ['colcon_pkg']
[0.133s] Level 1:colcon.colcon_core.package_identification:_identify(spinnaker_synchronized_camera_driver) by extension 'colcon_pkg'
[0.133s] Level 1:colcon.colcon_core.package_identification:_identify(spinnaker_synchronized_camera_driver) by extensions ['colcon_meta']
[0.133s] Level 1:colcon.colcon_core.package_identification:_identify(spinnaker_synchronized_camera_driver) by extension 'colcon_meta'
[0.133s] Level 1:colcon.colcon_core.package_identification:_identify(spinnaker_synchronized_camera_driver) by extensions ['ros']
[0.133s] Level 1:colcon.colcon_core.package_identification:_identify(spinnaker_synchronized_camera_driver) by extension 'ros'
[0.133s] DEBUG:colcon.colcon_core.package_identification:Package 'spinnaker_synchronized_camera_driver' with type 'ros.ament_cmake' and name 'spinnaker_synchronized_camera_driver'
[0.134s] Level 1:colcon.colcon_core.package_discovery:discover_packages(recursive) using defaults
[0.134s] Level 1:colcon.colcon_core.package_discovery:discover_packages(ignore) discover
[0.134s] Level 1:colcon.colcon_core.package_discovery:discover_packages(ignore) using defaults
[0.134s] Level 1:colcon.colcon_core.package_discovery:discover_packages(path) discover
[0.134s] Level 1:colcon.colcon_core.package_discovery:discover_packages(path) using defaults
[0.141s] INFO:colcon.colcon_core.package_selection:Skipping not selected package 'flir_camera_description' in 'flir_camera_description'
[0.142s] INFO:colcon.colcon_core.package_selection:Skipping not selected package 'flir_camera_msgs' in 'flir_camera_msgs'
[0.142s] INFO:colcon.colcon_core.package_selection:Skipping not selected package 'spinnaker_synchronized_camera_driver' in 'spinnaker_synchronized_camera_driver'
[0.142s] Level 1:colcon.colcon_core.package_discovery:discover_packages(prefix_path) check parameters
[0.142s] Level 1:colcon.colcon_core.package_discovery:discover_packages(prefix_path) discover
[0.143s] DEBUG:colcon.colcon_installed_package_information.package_discovery:Found 284 installed packages in /opt/ros/humble
[0.143s] Level 1:colcon.colcon_core.package_discovery:discover_packages(prefix_path) using defaults
[0.156s] Level 5:colcon.colcon_core.verb:set package 'spinnaker_camera_driver' build argument 'cmake_args' from command line to 'None'
[0.156s] Level 5:colcon.colcon_core.verb:set package 'spinnaker_camera_driver' build argument 'cmake_target' from command line to 'None'
[0.156s] Level 5:colcon.colcon_core.verb:set package 'spinnaker_camera_driver' build argument 'cmake_target_skip_unavailable' from command line to 'False'
[0.156s] Level 5:colcon.colcon_core.verb:set package 'spinnaker_camera_driver' build argument 'cmake_clean_cache' from command line to 'False'
[0.156s] Level 5:colcon.colcon_core.verb:set package 'spinnaker_camera_driver' build argument 'cmake_clean_first' from command line to 'False'
[0.157s] Level 5:colcon.colcon_core.verb:set package 'spinnaker_camera_driver' build argument 'cmake_force_configure' from command line to 'False'
[0.157s] Level 5:colcon.colcon_core.verb:set package 'spinnaker_camera_driver' build argument 'ament_cmake_args' from command line to 'None'
[0.157s] Level 5:colcon.colcon_core.verb:set package 'spinnaker_camera_driver' build argument 'catkin_cmake_args' from command line to 'None'
[0.157s] Level 5:colcon.colcon_core.verb:set package 'spinnaker_camera_driver' build argument 'catkin_skip_building_tests' from command line to 'False'
[0.157s] DEBUG:colcon.colcon_core.verb:Building package 'spinnaker_camera_driver' with the following arguments: {'ament_cmake_args': None, 'build_base': '/home/karthik/dds_ros2/flirCAMERA/flir_camera_driver/build/spinnaker_camera_driver', 'catkin_cmake_args': None, 'catkin_skip_building_tests': False, 'cmake_args': None, 'cmake_clean_cache': False, 'cmake_clean_first': False, 'cmake_force_configure': False, 'cmake_target': None, 'cmake_target_skip_unavailable': False, 'install_base': '/home/karthik/dds_ros2/flirCAMERA/flir_camera_driver/install/spinnaker_camera_driver', 'merge_install': False, 'path': '/home/karthik/dds_ros2/flirCAMERA/flir_camera_driver/spinnaker_camera_driver', 'symlink_install': False, 'test_result_base': None}
[0.157s] INFO:colcon.colcon_core.executor:Executing jobs using 'parallel' executor
[0.157s] DEBUG:colcon.colcon_parallel_executor.executor.parallel:run_until_complete
[0.157s] INFO:colcon.colcon_ros.task.ament_cmake.build:Building ROS package in '/home/karthik/dds_ros2/flirCAMERA/flir_camera_driver/spinnaker_camera_driver' with build type 'ament_cmake'
[0.158s] INFO:colcon.colcon_cmake.task.cmake.build:Building CMake package in '/home/karthik/dds_ros2/flirCAMERA/flir_camera_driver/spinnaker_camera_driver'
[0.159s] INFO:colcon.colcon_core.plugin_system:Skipping extension 'colcon_core.shell.bat': Not used on non-Windows systems
[0.159s] INFO:colcon.colcon_core.shell:Skip shell extension 'powershell' for command environment: Not usable outside of PowerShell
[0.159s] DEBUG:colcon.colcon_core.shell:Skip shell extension 'dsv' for command environment
[0.159s] WARNING:colcon.colcon_core.shell:The following packages are in the workspace but haven't been built:
- flir_camera_msgs
They are being used from the following locations instead:
- /opt/ros/humble
To suppress this warning ignore these packages in the workspace:
--packages-ignore flir_camera_msgs
[0.164s] DEBUG:colcon.colcon_core.event_handler.log_command:Invoking command in '/home/karthik/dds_ros2/flirCAMERA/flir_camera_driver/build/spinnaker_camera_driver': CMAKE_PREFIX_PATH=/opt/ros/humble /usr/bin/cmake --build /home/karthik/dds_ros2/flirCAMERA/flir_camera_driver/build/spinnaker_camera_driver -- -j128 -l128
[0.216s] DEBUG:colcon.colcon_core.event_handler.log_command:Invoked command in '/home/karthik/dds_ros2/flirCAMERA/flir_camera_driver/build/spinnaker_camera_driver' returned '0': CMAKE_PREFIX_PATH=/opt/ros/humble /usr/bin/cmake --build /home/karthik/dds_ros2/flirCAMERA/flir_camera_driver/build/spinnaker_camera_driver -- -j128 -l128
[0.221s] DEBUG:colcon.colcon_core.event_handler.log_command:Invoking command in '/home/karthik/dds_ros2/flirCAMERA/flir_camera_driver/build/spinnaker_camera_driver': CMAKE_PREFIX_PATH=/opt/ros/humble /usr/bin/cmake --install /home/karthik/dds_ros2/flirCAMERA/flir_camera_driver/build/spinnaker_camera_driver
[0.227s] Level 1:colcon.colcon_core.environment:create_environment_scripts_only(spinnaker_camera_driver)
[0.227s] DEBUG:colcon.colcon_core.event_handler.log_command:Invoked command in '/home/karthik/dds_ros2/flirCAMERA/flir_camera_driver/build/spinnaker_camera_driver' returned '0': CMAKE_PREFIX_PATH=/opt/ros/humble /usr/bin/cmake --install /home/karthik/dds_ros2/flirCAMERA/flir_camera_driver/build/spinnaker_camera_driver
[0.229s] Level 1:colcon.colcon_core.environment:checking '/home/karthik/dds_ros2/flirCAMERA/flir_camera_driver/install/spinnaker_camera_driver' for CMake module files
[0.229s] Level 1:colcon.colcon_core.environment:checking '/home/karthik/dds_ros2/flirCAMERA/flir_camera_driver/install/spinnaker_camera_driver' for CMake config files
[0.229s] Level 1:colcon.colcon_core.shell:create_environment_hook('spinnaker_camera_driver', 'cmake_prefix_path')
[0.229s] INFO:colcon.colcon_core.shell:Creating environment hook '/home/karthik/dds_ros2/flirCAMERA/flir_camera_driver/install/spinnaker_camera_driver/share/spinnaker_camera_driver/hook/cmake_prefix_path.ps1'
[0.230s] INFO:colcon.colcon_core.shell:Creating environment descriptor '/home/karthik/dds_ros2/flirCAMERA/flir_camera_driver/install/spinnaker_camera_driver/share/spinnaker_camera_driver/hook/cmake_prefix_path.dsv'
[0.230s] INFO:colcon.colcon_core.shell:Creating environment hook '/home/karthik/dds_ros2/flirCAMERA/flir_camera_driver/install/spinnaker_camera_driver/share/spinnaker_camera_driver/hook/cmake_prefix_path.sh'
[0.230s] Level 1:colcon.colcon_core.environment:checking '/home/karthik/dds_ros2/flirCAMERA/flir_camera_driver/install/spinnaker_camera_driver/lib'
[0.230s] Level 1:colcon.colcon_core.shell:create_environment_hook('spinnaker_camera_driver', 'ld_library_path_lib')
[0.230s] INFO:colcon.colcon_core.shell:Creating environment hook '/home/karthik/dds_ros2/flirCAMERA/flir_camera_driver/install/spinnaker_camera_driver/share/spinnaker_camera_driver/hook/ld_library_path_lib.ps1'
[0.230s] INFO:colcon.colcon_core.shell:Creating environment descriptor '/home/karthik/dds_ros2/flirCAMERA/flir_camera_driver/install/spinnaker_camera_driver/share/spinnaker_camera_driver/hook/ld_library_path_lib.dsv'
[0.231s] INFO:colcon.colcon_core.shell:Creating environment hook '/home/karthik/dds_ros2/flirCAMERA/flir_camera_driver/install/spinnaker_camera_driver/share/spinnaker_camera_driver/hook/ld_library_path_lib.sh'
[0.231s] Level 1:colcon.colcon_core.environment:checking '/home/karthik/dds_ros2/flirCAMERA/flir_camera_driver/install/spinnaker_camera_driver/bin'
[0.231s] Level 1:colcon.colcon_core.environment:checking '/home/karthik/dds_ros2/flirCAMERA/flir_camera_driver/install/spinnaker_camera_driver/lib/pkgconfig/spinnaker_camera_driver.pc'
[0.231s] Level 1:colcon.colcon_core.environment:checking '/home/karthik/dds_ros2/flirCAMERA/flir_camera_driver/install/spinnaker_camera_driver/lib/python3.10/site-packages'
[0.231s] Level 1:colcon.colcon_core.environment:checking '/home/karthik/dds_ros2/flirCAMERA/flir_camera_driver/install/spinnaker_camera_driver/bin'
[0.231s] INFO:colcon.colcon_core.shell:Creating package script '/home/karthik/dds_ros2/flirCAMERA/flir_camera_driver/install/spinnaker_camera_driver/share/spinnaker_camera_driver/package.ps1'
[0.232s] INFO:colcon.colcon_core.shell:Creating package descriptor '/home/karthik/dds_ros2/flirCAMERA/flir_camera_driver/install/spinnaker_camera_driver/share/spinnaker_camera_driver/package.dsv'
[0.232s] INFO:colcon.colcon_core.shell:Creating package script '/home/karthik/dds_ros2/flirCAMERA/flir_camera_driver/install/spinnaker_camera_driver/share/spinnaker_camera_driver/package.sh'
[0.232s] INFO:colcon.colcon_core.shell:Creating package script '/home/karthik/dds_ros2/flirCAMERA/flir_camera_driver/install/spinnaker_camera_driver/share/spinnaker_camera_driver/package.bash'
[0.232s] INFO:colcon.colcon_core.shell:Creating package script '/home/karthik/dds_ros2/flirCAMERA/flir_camera_driver/install/spinnaker_camera_driver/share/spinnaker_camera_driver/package.zsh'
[0.233s] Level 1:colcon.colcon_core.environment:create_file_with_runtime_dependencies(/home/karthik/dds_ros2/flirCAMERA/flir_camera_driver/install/spinnaker_camera_driver/share/colcon-core/packages/spinnaker_camera_driver)
[0.233s] Level 1:colcon.colcon_core.environment:create_environment_scripts_only(spinnaker_camera_driver)
[0.233s] Level 1:colcon.colcon_core.environment:checking '/home/karthik/dds_ros2/flirCAMERA/flir_camera_driver/install/spinnaker_camera_driver' for CMake module files
[0.233s] Level 1:colcon.colcon_core.environment:checking '/home/karthik/dds_ros2/flirCAMERA/flir_camera_driver/install/spinnaker_camera_driver' for CMake config files
[0.233s] Level 1:colcon.colcon_core.shell:create_environment_hook('spinnaker_camera_driver', 'cmake_prefix_path')
[0.233s] INFO:colcon.colcon_core.shell:Creating environment hook '/home/karthik/dds_ros2/flirCAMERA/flir_camera_driver/install/spinnaker_camera_driver/share/spinnaker_camera_driver/hook/cmake_prefix_path.ps1'
[0.233s] INFO:colcon.colcon_core.shell:Creating environment descriptor '/home/karthik/dds_ros2/flirCAMERA/flir_camera_driver/install/spinnaker_camera_driver/share/spinnaker_camera_driver/hook/cmake_prefix_path.dsv'
[0.234s] INFO:colcon.colcon_core.shell:Creating environment hook '/home/karthik/dds_ros2/flirCAMERA/flir_camera_driver/install/spinnaker_camera_driver/share/spinnaker_camera_driver/hook/cmake_prefix_path.sh'
[0.234s] Level 1:colcon.colcon_core.environment:checking '/home/karthik/dds_ros2/flirCAMERA/flir_camera_driver/install/spinnaker_camera_driver/lib'
[0.234s] Level 1:colcon.colcon_core.shell:create_environment_hook('spinnaker_camera_driver', 'ld_library_path_lib')
[0.234s] INFO:colcon.colcon_core.shell:Creating environment hook '/home/karthik/dds_ros2/flirCAMERA/flir_camera_driver/install/spinnaker_camera_driver/share/spinnaker_camera_driver/hook/ld_library_path_lib.ps1'
[0.234s] INFO:colcon.colcon_core.shell:Creating environment descriptor '/home/karthik/dds_ros2/flirCAMERA/flir_camera_driver/install/spinnaker_camera_driver/share/spinnaker_camera_driver/hook/ld_library_path_lib.dsv'
[0.234s] INFO:colcon.colcon_core.shell:Creating environment hook '/home/karthik/dds_ros2/flirCAMERA/flir_camera_driver/install/spinnaker_camera_driver/share/spinnaker_camera_driver/hook/ld_library_path_lib.sh'
[0.234s] Level 1:colcon.colcon_core.environment:checking '/home/karthik/dds_ros2/flirCAMERA/flir_camera_driver/install/spinnaker_camera_driver/bin'
[0.234s] Level 1:colcon.colcon_core.environment:checking '/home/karthik/dds_ros2/flirCAMERA/flir_camera_driver/install/spinnaker_camera_driver/lib/pkgconfig/spinnaker_camera_driver.pc'
[0.234s] Level 1:colcon.colcon_core.environment:checking '/home/karthik/dds_ros2/flirCAMERA/flir_camera_driver/install/spinnaker_camera_driver/lib/python3.10/site-packages'
[0.235s] Level 1:colcon.colcon_core.environment:checking '/home/karthik/dds_ros2/flirCAMERA/flir_camera_driver/install/spinnaker_camera_driver/bin'
[0.235s] INFO:colcon.colcon_core.shell:Creating package script '/home/karthik/dds_ros2/flirCAMERA/flir_camera_driver/install/spinnaker_camera_driver/share/spinnaker_camera_driver/package.ps1'
[0.235s] INFO:colcon.colcon_core.shell:Creating package descriptor '/home/karthik/dds_ros2/flirCAMERA/flir_camera_driver/install/spinnaker_camera_driver/share/spinnaker_camera_driver/package.dsv'
[0.235s] INFO:colcon.colcon_core.shell:Creating package script '/home/karthik/dds_ros2/flirCAMERA/flir_camera_driver/install/spinnaker_camera_driver/share/spinnaker_camera_driver/package.sh'
[0.235s] INFO:colcon.colcon_core.shell:Creating package script '/home/karthik/dds_ros2/flirCAMERA/flir_camera_driver/install/spinnaker_camera_driver/share/spinnaker_camera_driver/package.bash'
[0.235s] INFO:colcon.colcon_core.shell:Creating package script '/home/karthik/dds_ros2/flirCAMERA/flir_camera_driver/install/spinnaker_camera_driver/share/spinnaker_camera_driver/package.zsh'
[0.236s] Level 1:colcon.colcon_core.environment:create_file_with_runtime_dependencies(/home/karthik/dds_ros2/flirCAMERA/flir_camera_driver/install/spinnaker_camera_driver/share/colcon-core/packages/spinnaker_camera_driver)
[0.236s] DEBUG:colcon.colcon_parallel_executor.executor.parallel:closing loop
[0.236s] DEBUG:colcon.colcon_parallel_executor.executor.parallel:loop closed
[0.236s] DEBUG:colcon.colcon_parallel_executor.executor.parallel:run_until_complete finished with '0'
[0.236s] DEBUG:colcon.colcon_core.event_reactor:joining thread
[0.239s] INFO:colcon.colcon_core.plugin_system:Skipping extension 'colcon_notification.desktop_notification.terminal_notifier': Not used on non-Darwin systems
[0.239s] INFO:colcon.colcon_core.plugin_system:Skipping extension 'colcon_notification.desktop_notification.win32': Not used on non-Windows systems
[0.239s] INFO:colcon.colcon_notification.desktop_notification:Sending desktop notification using 'notify2'
[0.246s] DEBUG:colcon.colcon_core.event_reactor:joined thread
[0.246s] INFO:colcon.colcon_core.shell:Creating prefix script '/home/karthik/dds_ros2/flirCAMERA/flir_camera_driver/install/local_setup.ps1'
[0.247s] INFO:colcon.colcon_core.shell:Creating prefix util module '/home/karthik/dds_ros2/flirCAMERA/flir_camera_driver/install/_local_setup_util_ps1.py'
[0.247s] INFO:colcon.colcon_core.shell:Creating prefix chain script '/home/karthik/dds_ros2/flirCAMERA/flir_camera_driver/install/setup.ps1'
[0.247s] INFO:colcon.colcon_core.shell:Creating prefix script '/home/karthik/dds_ros2/flirCAMERA/flir_camera_driver/install/local_setup.sh'
[0.248s] INFO:colcon.colcon_core.shell:Creating prefix util module '/home/karthik/dds_ros2/flirCAMERA/flir_camera_driver/install/_local_setup_util_sh.py'
[0.248s] INFO:colcon.colcon_core.shell:Creating prefix chain script '/home/karthik/dds_ros2/flirCAMERA/flir_camera_driver/install/setup.sh'
[0.248s] INFO:colcon.colcon_core.shell:Creating prefix script '/home/karthik/dds_ros2/flirCAMERA/flir_camera_driver/install/local_setup.bash'
[0.249s] INFO:colcon.colcon_core.shell:Creating prefix chain script '/home/karthik/dds_ros2/flirCAMERA/flir_camera_driver/install/setup.bash'
[0.249s] INFO:colcon.colcon_core.shell:Creating prefix script '/home/karthik/dds_ros2/flirCAMERA/flir_camera_driver/install/local_setup.zsh'
[0.249s] INFO:colcon.colcon_core.shell:Creating prefix chain script '/home/karthik/dds_ros2/flirCAMERA/flir_camera_driver/install/setup.zsh'
