[0.006s] Invoking command in '/home/karthik/dds_ros2/flirCAMERA/flir_camera_driver/build/spinnaker_camera_driver': CMAKE_PREFIX_PATH=/home/karthik/dds_ros2/flirCAMERA/flir_camera_driver/install/flir_camera_msgs:/home/karthik/dds_ros2/flirCAMERA/flir_camera_driver/install/spinnaker_camera_driver:/opt/ros/humble LD_LIBRARY_PATH=/home/karthik/dds_ros2/flirCAMERA/flir_camera_driver/install/flir_camera_msgs/lib:/home/karthik/dds_ros2/flirCAMERA/flir_camera_driver/install/spinnaker_camera_driver/lib:/opt/ros/humble/opt/rviz_ogre_vendor/lib:/opt/ros/humble/lib/x86_64-linux-gnu:/opt/ros/humble/lib /usr/bin/cmake /home/karthik/dds_ros2/flirCAMERA/flir_camera_driver/spinnaker_camera_driver -DAMENT_CMAKE_SYMLINK_INSTALL=1 -DCMAKE_INSTALL_PREFIX=/home/karthik/dds_ros2/flirCAMERA/flir_camera_driver/install/spinnaker_camera_driver
[0.033s] -- The C compiler identification is GNU 11.4.0
[0.062s] -- The CXX compiler identification is GNU 11.4.0
[0.066s] -- Detecting C compiler ABI info
[0.099s] -- Detecting C compiler ABI info - done
[0.102s] -- Check for working C compiler: /usr/bin/cc - skipped
[0.103s] -- Detecting C compile features
[0.103s] -- Detecting C compile features - done
[0.104s] -- Detecting CXX compiler ABI info
[0.143s] -- Detecting CXX compiler ABI info - done
[0.147s] -- Check for working CXX compiler: /usr/bin/c++ - skipped
[0.147s] -- Detecting CXX compile features
[0.147s] -- Detecting CXX compile features - done
[0.149s] -- Found inc dir: /opt/spinnaker/include
[0.149s] -- Found variable: TRUE at /opt/spinnaker/lib/libSpinnaker.so and /opt/spinnaker/include
[0.149s] -- spinnaker SDK found installed
[0.149s] -- libSpinnaker library location: /opt/spinnaker/lib/libSpinnaker.so
[0.149s] -- libSpinnaker include location: /opt/spinnaker/include
[0.149s] -- Found inc dir: /opt/spinnaker/include
[0.149s] -- Found SPINNAKER: /opt/spinnaker/include  
[0.150s] -- Found ament_cmake: 1.3.12 (/opt/ros/humble/share/ament_cmake/cmake)
[0.227s] -- Found Python3: /usr/bin/python3 (found version "3.10.12") found components: Interpreter 
[0.256s] -- Override CMake install command with custom implementation using symlinks instead of copying resources
[0.266s] -- Found ament_cmake_ros: 0.10.0 (/opt/ros/humble/share/ament_cmake_ros/cmake)
[0.269s] -- Found camera_info_manager: 3.1.12 (/opt/ros/humble/share/camera_info_manager/cmake)
[0.287s] -- Found rosidl_generator_c: 3.1.7 (/opt/ros/humble/share/rosidl_generator_c/cmake)
[0.289s] -- Found rosidl_adapter: 3.1.7 (/opt/ros/humble/share/rosidl_adapter/cmake)
[0.292s] -- Found rosidl_generator_cpp: 3.1.7 (/opt/ros/humble/share/rosidl_generator_cpp/cmake)
[0.296s] -- Using all available rosidl_typesupport_c: rosidl_typesupport_fastrtps_c;rosidl_typesupport_introspection_c
[0.302s] -- Using all available rosidl_typesupport_cpp: rosidl_typesupport_fastrtps_cpp;rosidl_typesupport_introspection_cpp
[0.317s] -- Found rmw_implementation_cmake: 6.1.2 (/opt/ros/humble/share/rmw_implementation_cmake/cmake)
[0.318s] -- Found rmw_fastrtps_cpp: 6.2.9 (/opt/ros/humble/share/rmw_fastrtps_cpp/cmake)
[0.367s] -- Found OpenSSL: /usr/lib/x86_64-linux-gnu/libcrypto.so (found version "3.0.2")  
[0.381s] -- Found FastRTPS: /opt/ros/humble/include  
[0.403s] -- Using RMW implementation 'rmw_fastrtps_cpp' as default
[0.406s] -- Looking for pthread.h
[0.440s] -- Looking for pthread.h - found
[0.441s] -- Performing Test CMAKE_HAVE_LIBC_PTHREAD
[0.479s] -- Performing Test CMAKE_HAVE_LIBC_PTHREAD - Success
[0.479s] -- Found Threads: TRUE  
[0.515s] -- Found diagnostic_updater: 4.0.6 (/opt/ros/humble/share/diagnostic_updater/cmake)
[0.522s] -- Found flir_camera_msgs: 2.0.8 (/home/karthik/dds_ros2/flirCAMERA/flir_camera_driver/install/flir_camera_msgs/share/flir_camera_msgs/cmake)
[0.527s] -- Found image_transport: 3.1.12 (/opt/ros/humble/share/image_transport/cmake)
[0.539s] -- Found rclcpp_components: 16.0.16 (/opt/ros/humble/share/rclcpp_components/cmake)
[0.547s] -- Found ament_cmake_copyright: 0.12.14 (/opt/ros/humble/share/ament_cmake_copyright/cmake)
[0.547s] -- Found ament_cmake_cppcheck: 0.12.14 (/opt/ros/humble/share/ament_cmake_cppcheck/cmake)
[0.548s] -- Found ament_cmake_cpplint: 0.12.14 (/opt/ros/humble/share/ament_cmake_cpplint/cmake)
[0.548s] -- Found ament_cmake_flake8: 0.12.14 (/opt/ros/humble/share/ament_cmake_flake8/cmake)
[0.549s] -- Found ament_cmake_lint_cmake: 0.12.14 (/opt/ros/humble/share/ament_cmake_lint_cmake/cmake)
[0.549s] -- Found ament_cmake_pep257: 0.12.14 (/opt/ros/humble/share/ament_cmake_pep257/cmake)
[0.549s] -- Found ament_cmake_clang_format: 0.12.14 (/opt/ros/humble/share/ament_cmake_clang_format/cmake)
[0.550s] -- Found ament_cmake_xmllint: 0.12.14 (/opt/ros/humble/share/ament_cmake_xmllint/cmake)
[0.590s] -- Configuring done
[0.597s] -- Generating done
[0.599s] -- Build files have been written to: /home/karthik/dds_ros2/flirCAMERA/flir_camera_driver/build/spinnaker_camera_driver
[0.606s] Invoked command in '/home/karthik/dds_ros2/flirCAMERA/flir_camera_driver/build/spinnaker_camera_driver' returned '0': CMAKE_PREFIX_PATH=/home/karthik/dds_ros2/flirCAMERA/flir_camera_driver/install/flir_camera_msgs:/home/karthik/dds_ros2/flirCAMERA/flir_camera_driver/install/spinnaker_camera_driver:/opt/ros/humble LD_LIBRARY_PATH=/home/karthik/dds_ros2/flirCAMERA/flir_camera_driver/install/flir_camera_msgs/lib:/home/karthik/dds_ros2/flirCAMERA/flir_camera_driver/install/spinnaker_camera_driver/lib:/opt/ros/humble/opt/rviz_ogre_vendor/lib:/opt/ros/humble/lib/x86_64-linux-gnu:/opt/ros/humble/lib /usr/bin/cmake /home/karthik/dds_ros2/flirCAMERA/flir_camera_driver/spinnaker_camera_driver -DAMENT_CMAKE_SYMLINK_INSTALL=1 -DCMAKE_INSTALL_PREFIX=/home/karthik/dds_ros2/flirCAMERA/flir_camera_driver/install/spinnaker_camera_driver
[0.607s] Invoking command in '/home/karthik/dds_ros2/flirCAMERA/flir_camera_driver/build/spinnaker_camera_driver': CMAKE_PREFIX_PATH=/home/karthik/dds_ros2/flirCAMERA/flir_camera_driver/install/flir_camera_msgs:/home/karthik/dds_ros2/flirCAMERA/flir_camera_driver/install/spinnaker_camera_driver:/opt/ros/humble LD_LIBRARY_PATH=/home/karthik/dds_ros2/flirCAMERA/flir_camera_driver/install/flir_camera_msgs/lib:/home/karthik/dds_ros2/flirCAMERA/flir_camera_driver/install/spinnaker_camera_driver/lib:/opt/ros/humble/opt/rviz_ogre_vendor/lib:/opt/ros/humble/lib/x86_64-linux-gnu:/opt/ros/humble/lib /usr/bin/cmake --build /home/karthik/dds_ros2/flirCAMERA/flir_camera_driver/build/spinnaker_camera_driver -- -j128 -l128
[0.632s] [  9%] [32mBuilding CXX object CMakeFiles/camera_driver.dir/src/camera_driver.cpp.o[0m
[0.633s] [ 18%] [32mBuilding CXX object CMakeFiles/camera_driver.dir/src/camera.cpp.o[0m
[0.633s] [ 27%] [32mBuilding CXX object CMakeFiles/camera_driver.dir/src/image.cpp.o[0m
[0.633s] [ 36%] [32mBuilding CXX object CMakeFiles/camera_driver.dir/src/spinnaker_wrapper_impl.cpp.o[0m
[0.634s] [ 45%] [32mBuilding CXX object CMakeFiles/camera_driver.dir/src/spinnaker_wrapper.cpp.o[0m
[0.634s] [ 54%] [32mBuilding CXX object CMakeFiles/camera_driver.dir/src/pixel_format.cpp.o[0m
[0.635s] [ 63%] [32mBuilding CXX object CMakeFiles/camera_driver.dir/src/genicam_utils.cpp.o[0m
[0.635s] [ 72%] [32mBuilding CXX object CMakeFiles/camera_driver.dir/src/utils.cpp.o[0m
[12.822s] [ 81%] [32m[1mLinking CXX shared library libcamera_driver.so[0m
[13.034s] [ 81%] Built target camera_driver
[13.045s] [ 90%] [32mBuilding CXX object CMakeFiles/camera_driver_node.dir/src/camera_driver_node.cpp.o[0m
[15.294s] [100%] [32m[1mLinking CXX executable camera_driver_node[0m
[15.380s] [100%] Built target camera_driver_node
[15.392s] Invoked command in '/home/karthik/dds_ros2/flirCAMERA/flir_camera_driver/build/spinnaker_camera_driver' returned '0': CMAKE_PREFIX_PATH=/home/karthik/dds_ros2/flirCAMERA/flir_camera_driver/install/flir_camera_msgs:/home/karthik/dds_ros2/flirCAMERA/flir_camera_driver/install/spinnaker_camera_driver:/opt/ros/humble LD_LIBRARY_PATH=/home/karthik/dds_ros2/flirCAMERA/flir_camera_driver/install/flir_camera_msgs/lib:/home/karthik/dds_ros2/flirCAMERA/flir_camera_driver/install/spinnaker_camera_driver/lib:/opt/ros/humble/opt/rviz_ogre_vendor/lib:/opt/ros/humble/lib/x86_64-linux-gnu:/opt/ros/humble/lib /usr/bin/cmake --build /home/karthik/dds_ros2/flirCAMERA/flir_camera_driver/build/spinnaker_camera_driver -- -j128 -l128
[15.393s] Invoking command in '/home/karthik/dds_ros2/flirCAMERA/flir_camera_driver/build/spinnaker_camera_driver': CMAKE_PREFIX_PATH=/home/karthik/dds_ros2/flirCAMERA/flir_camera_driver/install/flir_camera_msgs:/home/karthik/dds_ros2/flirCAMERA/flir_camera_driver/install/spinnaker_camera_driver:/opt/ros/humble LD_LIBRARY_PATH=/home/karthik/dds_ros2/flirCAMERA/flir_camera_driver/install/flir_camera_msgs/lib:/home/karthik/dds_ros2/flirCAMERA/flir_camera_driver/install/spinnaker_camera_driver/lib:/opt/ros/humble/opt/rviz_ogre_vendor/lib:/opt/ros/humble/lib/x86_64-linux-gnu:/opt/ros/humble/lib /usr/bin/cmake --install /home/karthik/dds_ros2/flirCAMERA/flir_camera_driver/build/spinnaker_camera_driver
[15.396s] -- Install configuration: "RelWithDebInfo"
[15.396s] -- Execute custom install script
[15.396s] -- Symlinking: /home/karthik/dds_ros2/flirCAMERA/flir_camera_driver/install/spinnaker_camera_driver/lib/spinnaker_camera_driver//camera_driver_node
[15.401s] -- Symlinking: /home/karthik/dds_ros2/flirCAMERA/flir_camera_driver/install/spinnaker_camera_driver/lib/cmake/spinnaker_camera_driver/spinnaker_camera_driverConfig.cmake
[15.406s] -- Symlinking: /home/karthik/dds_ros2/flirCAMERA/flir_camera_driver/install/spinnaker_camera_driver/lib/cmake/spinnaker_camera_driver/spinnaker_camera_driverConfigVersion.cmake
[15.410s] -- Symlinking: /home/karthik/dds_ros2/flirCAMERA/flir_camera_driver/install/spinnaker_camera_driver/include/spinnaker_camera_driver/camera.hpp
[15.414s] -- Symlinking: /home/karthik/dds_ros2/flirCAMERA/flir_camera_driver/install/spinnaker_camera_driver/include/spinnaker_camera_driver/camera_driver.hpp
[15.418s] -- Symlinking: /home/karthik/dds_ros2/flirCAMERA/flir_camera_driver/install/spinnaker_camera_driver/include/spinnaker_camera_driver/diagnostic_levels.hpp
[15.424s] -- Symlinking: /home/karthik/dds_ros2/flirCAMERA/flir_camera_driver/install/spinnaker_camera_driver/include/spinnaker_camera_driver/exposure_controller.hpp
[15.429s] -- Symlinking: /home/karthik/dds_ros2/flirCAMERA/flir_camera_driver/install/spinnaker_camera_driver/include/spinnaker_camera_driver/image.hpp
[15.432s] -- Symlinking: /home/karthik/dds_ros2/flirCAMERA/flir_camera_driver/install/spinnaker_camera_driver/include/spinnaker_camera_driver/lifecycle_types.hpp
[15.436s] -- Symlinking: /home/karthik/dds_ros2/flirCAMERA/flir_camera_driver/install/spinnaker_camera_driver/include/spinnaker_camera_driver/logging.hpp
[15.440s] -- Symlinking: /home/karthik/dds_ros2/flirCAMERA/flir_camera_driver/install/spinnaker_camera_driver/include/spinnaker_camera_driver/pixel_format.hpp
[15.444s] -- Symlinking: /home/karthik/dds_ros2/flirCAMERA/flir_camera_driver/install/spinnaker_camera_driver/include/spinnaker_camera_driver/spinnaker_wrapper.hpp
[15.447s] -- Symlinking: /home/karthik/dds_ros2/flirCAMERA/flir_camera_driver/install/spinnaker_camera_driver/include/spinnaker_camera_driver/synchronizer.hpp
[15.451s] -- Symlinking: /home/karthik/dds_ros2/flirCAMERA/flir_camera_driver/install/spinnaker_camera_driver/include/spinnaker_camera_driver/utils.hpp
[15.456s] -- Symlinking: /home/karthik/dds_ros2/flirCAMERA/flir_camera_driver/install/spinnaker_camera_driver/share/spinnaker_camera_driver//config/blackfly.yaml
[15.460s] -- Symlinking: /home/karthik/dds_ros2/flirCAMERA/flir_camera_driver/install/spinnaker_camera_driver/share/spinnaker_camera_driver//config/blackfly_s.yaml
[15.464s] -- Symlinking: /home/karthik/dds_ros2/flirCAMERA/flir_camera_driver/install/spinnaker_camera_driver/share/spinnaker_camera_driver//config/chameleon.yaml
[15.468s] -- Symlinking: /home/karthik/dds_ros2/flirCAMERA/flir_camera_driver/install/spinnaker_camera_driver/share/spinnaker_camera_driver//config/firefly.yaml
[15.472s] -- Symlinking: /home/karthik/dds_ros2/flirCAMERA/flir_camera_driver/install/spinnaker_camera_driver/share/spinnaker_camera_driver//config/firefly_ffy_u3162c.yaml
[15.476s] -- Symlinking: /home/karthik/dds_ros2/flirCAMERA/flir_camera_driver/install/spinnaker_camera_driver/share/spinnaker_camera_driver//config/flir_ax5.yaml
[15.480s] -- Symlinking: /home/karthik/dds_ros2/flirCAMERA/flir_camera_driver/install/spinnaker_camera_driver/share/spinnaker_camera_driver//config/grasshopper.yaml
[15.483s] -- Symlinking: /home/karthik/dds_ros2/flirCAMERA/flir_camera_driver/install/spinnaker_camera_driver/share/spinnaker_camera_driver//config/oryx.yaml
[15.487s] -- Symlinking: /home/karthik/dds_ros2/flirCAMERA/flir_camera_driver/install/spinnaker_camera_driver/share/spinnaker_camera_driver//launch/driver_node.launch.py
[15.491s] -- Symlinking: /home/karthik/dds_ros2/flirCAMERA/flir_camera_driver/install/spinnaker_camera_driver/share/spinnaker_camera_driver//launch/gige_node.launch.py
[15.495s] -- Symlinking: /home/karthik/dds_ros2/flirCAMERA/flir_camera_driver/install/spinnaker_camera_driver/share/spinnaker_camera_driver//launch/multiple_cameras.launch.py
[15.499s] -- Symlinking: /home/karthik/dds_ros2/flirCAMERA/flir_camera_driver/install/spinnaker_camera_driver/share/spinnaker_camera_driver//launch/multiple_cameras_ptp.launch.py
[15.503s] -- Symlinking: /home/karthik/dds_ros2/flirCAMERA/flir_camera_driver/install/spinnaker_camera_driver/lib/spinnaker_camera_driver/linux_setup_flir
[15.507s] -- Symlinking: /home/karthik/dds_ros2/flirCAMERA/flir_camera_driver/install/spinnaker_camera_driver/share/ament_index/resource_index/package_run_dependencies/spinnaker_camera_driver
[15.511s] -- Symlinking: /home/karthik/dds_ros2/flirCAMERA/flir_camera_driver/install/spinnaker_camera_driver/share/ament_index/resource_index/parent_prefix_path/spinnaker_camera_driver
[15.516s] -- Symlinking: /home/karthik/dds_ros2/flirCAMERA/flir_camera_driver/install/spinnaker_camera_driver/share/spinnaker_camera_driver/environment/ament_prefix_path.sh
[15.521s] -- Symlinking: /home/karthik/dds_ros2/flirCAMERA/flir_camera_driver/install/spinnaker_camera_driver/share/spinnaker_camera_driver/environment/ament_prefix_path.dsv
[15.524s] -- Symlinking: /home/karthik/dds_ros2/flirCAMERA/flir_camera_driver/install/spinnaker_camera_driver/share/spinnaker_camera_driver/environment/path.sh
[15.528s] -- Symlinking: /home/karthik/dds_ros2/flirCAMERA/flir_camera_driver/install/spinnaker_camera_driver/share/spinnaker_camera_driver/environment/path.dsv
[15.533s] -- Symlinking: /home/karthik/dds_ros2/flirCAMERA/flir_camera_driver/install/spinnaker_camera_driver/share/spinnaker_camera_driver/local_setup.bash
[15.537s] -- Symlinking: /home/karthik/dds_ros2/flirCAMERA/flir_camera_driver/install/spinnaker_camera_driver/share/spinnaker_camera_driver/local_setup.sh
[15.541s] -- Symlinking: /home/karthik/dds_ros2/flirCAMERA/flir_camera_driver/install/spinnaker_camera_driver/share/spinnaker_camera_driver/local_setup.zsh
[15.545s] -- Symlinking: /home/karthik/dds_ros2/flirCAMERA/flir_camera_driver/install/spinnaker_camera_driver/share/spinnaker_camera_driver/local_setup.dsv
[15.548s] -- Symlinking: /home/karthik/dds_ros2/flirCAMERA/flir_camera_driver/install/spinnaker_camera_driver/share/spinnaker_camera_driver/package.dsv
[15.552s] -- Symlinking: /home/karthik/dds_ros2/flirCAMERA/flir_camera_driver/install/spinnaker_camera_driver/share/ament_index/resource_index/packages/spinnaker_camera_driver
[15.557s] -- Symlinking: /home/karthik/dds_ros2/flirCAMERA/flir_camera_driver/install/spinnaker_camera_driver/share/ament_index/resource_index/rclcpp_components/spinnaker_camera_driver
[15.561s] -- Symlinking: /home/karthik/dds_ros2/flirCAMERA/flir_camera_driver/install/spinnaker_camera_driver/share/spinnaker_camera_driver/cmake/spinnaker_camera_driverConfig.cmake
[15.565s] -- Symlinking: /home/karthik/dds_ros2/flirCAMERA/flir_camera_driver/install/spinnaker_camera_driver/share/spinnaker_camera_driver/cmake/spinnaker_camera_driverConfig-version.cmake
[15.569s] -- Symlinking: /home/karthik/dds_ros2/flirCAMERA/flir_camera_driver/install/spinnaker_camera_driver/share/spinnaker_camera_driver/package.xml
[15.573s] -- Installing: /home/karthik/dds_ros2/flirCAMERA/flir_camera_driver/install/spinnaker_camera_driver/lib/libcamera_driver.so
[15.581s] -- Set runtime path of "/home/karthik/dds_ros2/flirCAMERA/flir_camera_driver/install/spinnaker_camera_driver/lib/libcamera_driver.so" to ""
[15.581s] -- Installing: /home/karthik/dds_ros2/flirCAMERA/flir_camera_driver/install/spinnaker_camera_driver/lib/cmake/spinnaker_camera_driver/spinnaker_camera_driverTargets.cmake
[15.581s] -- Installing: /home/karthik/dds_ros2/flirCAMERA/flir_camera_driver/install/spinnaker_camera_driver/lib/cmake/spinnaker_camera_driver/spinnaker_camera_driverTargets-relwithdebinfo.cmake
[15.583s] Invoked command in '/home/karthik/dds_ros2/flirCAMERA/flir_camera_driver/build/spinnaker_camera_driver' returned '0': CMAKE_PREFIX_PATH=/home/karthik/dds_ros2/flirCAMERA/flir_camera_driver/install/flir_camera_msgs:/home/karthik/dds_ros2/flirCAMERA/flir_camera_driver/install/spinnaker_camera_driver:/opt/ros/humble LD_LIBRARY_PATH=/home/karthik/dds_ros2/flirCAMERA/flir_camera_driver/install/flir_camera_msgs/lib:/home/karthik/dds_ros2/flirCAMERA/flir_camera_driver/install/spinnaker_camera_driver/lib:/opt/ros/humble/opt/rviz_ogre_vendor/lib:/opt/ros/humble/lib/x86_64-linux-gnu:/opt/ros/humble/lib /usr/bin/cmake --install /home/karthik/dds_ros2/flirCAMERA/flir_camera_driver/build/spinnaker_camera_driver
