-- The C compiler identification is GNU 11.4.0
-- The CXX compiler identification is GNU 11.4.0
-- Detecting C compiler ABI info
-- Detecting C compiler ABI info - done
-- Check for working C compiler: /usr/bin/cc - skipped
-- Detecting C compile features
-- Detecting C compile features - done
-- Detecting CXX compiler ABI info
-- Detecting CXX compiler ABI info - done
-- Check for working CXX compiler: /usr/bin/c++ - skipped
-- Detecting CXX compile features
-- Detecting CXX compile features - done
-- Found inc dir: /opt/spinnaker/include
-- Found variable: TRUE at /opt/spinnaker/lib/libSpinnaker.so and /opt/spinnaker/include
-- spinnaker SDK found installed
-- libSpinnaker library location: /opt/spinnaker/lib/libSpinnaker.so
-- libSpinnaker include location: /opt/spinnaker/include
-- Found inc dir: /opt/spinnaker/include
-- Found SPINNAKER: /opt/spinnaker/include  
-- Configuring incomplete, errors occurred!
See also "/home/karthik/dds_ros2/flirCAMERA/flir_camera_driver/spinnaker_camera_driver/build/spinnaker_camera_driver/CMakeFiles/CMakeOutput.log".
