[0.006s] Invoking command in '/home/karthik/dds_ros2/flirCAMERA/flir_camera_driver/spinnaker_camera_driver/build/spinnaker_camera_driver': /usr/bin/cmake /home/karthik/dds_ros2/flirCAMERA/flir_camera_driver/spinnaker_camera_driver -DAMENT_CMAKE_SYMLINK_INSTALL=1 -DCMAKE_INSTALL_PREFIX=/home/karthik/dds_ros2/flirCAMERA/flir_camera_driver/spinnaker_camera_driver/install/spinnaker_camera_driver
[0.036s] -- The C compiler identification is GNU 11.4.0
[0.063s] -- The CXX compiler identification is GNU 11.4.0
[0.067s] -- Detecting C compiler ABI info
[0.105s] -- Detecting C compiler ABI info - done
[0.109s] -- Check for working C compiler: /usr/bin/cc - skipped
[0.109s] -- Detecting C compile features
[0.109s] -- Detecting C compile features - done
[0.110s] -- Detecting CXX compiler ABI info
[0.152s] -- Detecting CXX compiler ABI info - done
[0.156s] -- Check for working CXX compiler: /usr/bin/c++ - skipped
[0.156s] -- Detecting CXX compile features
[0.156s] -- Detecting CXX compile features - done
[0.159s] -- Found inc dir: /opt/spinnaker/include
[0.159s] -- Found variable: TRUE at /opt/spinnaker/lib/libSpinnaker.so and /opt/spinnaker/include
[0.159s] -- spinnaker SDK found installed
[0.159s] -- libSpinnaker library location: /opt/spinnaker/lib/libSpinnaker.so
[0.159s] -- libSpinnaker include location: /opt/spinnaker/include
[0.159s] -- Found inc dir: /opt/spinnaker/include
[0.159s] -- Found SPINNAKER: /opt/spinnaker/include  
[0.164s] [31mCMake Error at CMakeLists.txt:67 (find_package):
[0.164s]   By not providing "Findament_cmake.cmake" in CMAKE_MODULE_PATH this project
[0.164s]   has asked CMake to find a package configuration file provided by
[0.164s]   "ament_cmake", but CMake did not find one.
[0.164s] 
[0.164s]   Could not find a package configuration file provided by "ament_cmake" with
[0.164s]   any of the following names:
[0.164s] 
[0.164s]     ament_cmakeConfig.cmake
[0.164s]     ament_cmake-config.cmake
[0.164s] 
[0.164s]   Add the installation prefix of "ament_cmake" to CMAKE_PREFIX_PATH or set
[0.164s]   "ament_cmake_DIR" to a directory containing one of the above files.  If
[0.164s]   "ament_cmake" provides a separate development package or SDK, be sure it
[0.164s]   has been installed.
[0.164s] 
[0.164s] [0m
[0.164s] -- Configuring incomplete, errors occurred!
[0.164s] See also "/home/karthik/dds_ros2/flirCAMERA/flir_camera_driver/spinnaker_camera_driver/build/spinnaker_camera_driver/CMakeFiles/CMakeOutput.log".
[0.166s] Invoked command in '/home/karthik/dds_ros2/flirCAMERA/flir_camera_driver/spinnaker_camera_driver/build/spinnaker_camera_driver' returned '1': /usr/bin/cmake /home/karthik/dds_ros2/flirCAMERA/flir_camera_driver/spinnaker_camera_driver -DAMENT_CMAKE_SYMLINK_INSTALL=1 -DCMAKE_INSTALL_PREFIX=/home/karthik/dds_ros2/flirCAMERA/flir_camera_driver/spinnaker_camera_driver/install/spinnaker_camera_driver
