[0.006s] Invoking command in '/home/karthik/dds_ros2/flirCAMERA/flir_camera_driver/build/flir_camera_msgs': /usr/bin/cmake /home/karthik/dds_ros2/flirCAMERA/flir_camera_driver/flir_camera_msgs -DAMENT_CMAKE_SYMLINK_INSTALL=1 -DCMAKE_INSTALL_PREFIX=/home/karthik/dds_ros2/flirCAMERA/flir_camera_driver/install/flir_camera_msgs
[0.035s] -- The C compiler identification is GNU 11.4.0
[0.062s] -- The CXX compiler identification is GNU 11.4.0
[0.065s] -- Detecting C compiler ABI info
[0.100s] -- Detecting C compiler ABI info - done
[0.103s] -- Check for working C compiler: /usr/bin/cc - skipped
[0.103s] -- Detecting C compile features
[0.103s] -- Detecting C compile features - done
[0.105s] -- Detecting CXX compiler ABI info
[0.146s] -- Detecting CXX compiler ABI info - done
[0.149s] -- Check for working CXX compiler: /usr/bin/c++ - skipped
[0.149s] -- Detecting CXX compile features
[0.150s] -- Detecting CXX compile features - done
[0.154s] [31mCMake Error at CMakeLists.txt:21 (find_package):
[0.154s]   By not providing "Findament_cmake.cmake" in CMAKE_MODULE_PATH this project
[0.154s]   has asked CMake to find a package configuration file provided by
[0.154s]   "ament_cmake", but CMake did not find one.
[0.154s] 
[0.154s]   Could not find a package configuration file provided by "ament_cmake" with
[0.154s]   any of the following names:
[0.154s] 
[0.154s]     ament_cmakeConfig.cmake
[0.154s]     ament_cmake-config.cmake
[0.154s] 
[0.154s]   Add the installation prefix of "ament_cmake" to CMAKE_PREFIX_PATH or set
[0.154s]   "ament_cmake_DIR" to a directory containing one of the above files.  If
[0.154s]   "ament_cmake" provides a separate development package or SDK, be sure it
[0.154s]   has been installed.
[0.154s] 
[0.154s] [0m
[0.154s] -- Configuring incomplete, errors occurred!
[0.154s] See also "/home/karthik/dds_ros2/flirCAMERA/flir_camera_driver/build/flir_camera_msgs/CMakeFiles/CMakeOutput.log".
[0.157s] Invoked command in '/home/karthik/dds_ros2/flirCAMERA/flir_camera_driver/build/flir_camera_msgs' returned '1': /usr/bin/cmake /home/karthik/dds_ros2/flirCAMERA/flir_camera_driver/flir_camera_msgs -DAMENT_CMAKE_SYMLINK_INSTALL=1 -DCMAKE_INSTALL_PREFIX=/home/karthik/dds_ros2/flirCAMERA/flir_camera_driver/install/flir_camera_msgs
