[0.006s] Invoking command in '/home/karthik/dds_ros2/flirCAMERA/flir_camera_driver/build/flir_camera_msgs': CMAKE_PREFIX_PATH=${CMAKE_PREFIX_PATH}:/opt/ros/humble /usr/bin/cmake /home/karthik/dds_ros2/flirCAMERA/flir_camera_driver/flir_camera_msgs -DAMENT_CMAKE_SYMLINK_INSTALL=1 -DCMAKE_INSTALL_PREFIX=/home/karthik/dds_ros2/flirCAMERA/flir_camera_driver/install/flir_camera_msgs
[0.037s] -- The C compiler identification is GNU 11.4.0
[0.063s] -- The CXX compiler identification is GNU 11.4.0
[0.066s] -- Detecting C compiler ABI info
[0.101s] -- Detecting C compiler ABI info - done
[0.104s] -- Check for working C compiler: /usr/bin/cc - skipped
[0.105s] -- Detecting C compile features
[0.105s] -- Detecting C compile features - done
[0.106s] -- Detecting CXX compiler ABI info
[0.150s] -- Detecting CXX compiler ABI info - done
[0.153s] -- Check for working CXX compiler: /usr/bin/c++ - skipped
[0.153s] -- Detecting CXX compile features
[0.153s] -- Detecting CXX compile features - done
[0.154s] -- Found ament_cmake: 1.3.12 (/opt/ros/humble/share/ament_cmake/cmake)
[0.228s] -- Found Python3: /usr/bin/python3 (found version "3.10.12") found components: Interpreter 
[0.255s] -- Override CMake install command with custom implementation using symlinks instead of copying resources
[0.263s] -- Found builtin_interfaces: 1.2.2 (/opt/ros/humble/share/builtin_interfaces/cmake)
[0.275s] -- Found rosidl_generator_c: 3.1.7 (/opt/ros/humble/share/rosidl_generator_c/cmake)
[0.277s] -- Found rosidl_adapter: 3.1.7 (/opt/ros/humble/share/rosidl_adapter/cmake)
[0.280s] -- Found rosidl_generator_cpp: 3.1.7 (/opt/ros/humble/share/rosidl_generator_cpp/cmake)
[0.284s] -- Using all available rosidl_typesupport_c: rosidl_typesupport_fastrtps_c;rosidl_typesupport_introspection_c
[0.289s] -- Using all available rosidl_typesupport_cpp: rosidl_typesupport_fastrtps_cpp;rosidl_typesupport_introspection_cpp
[0.294s] -- Found rosidl_default_generators: 1.2.0 (/opt/ros/humble/share/rosidl_default_generators/cmake)
[0.297s] -- Found std_msgs: 4.9.0 (/opt/ros/humble/share/std_msgs/cmake)
[0.433s] -- Found ament_cmake_cppcheck: 0.12.14 (/opt/ros/humble/share/ament_cmake_cppcheck/cmake)
[0.433s] -- Found ament_cmake_cpplint: 0.12.14 (/opt/ros/humble/share/ament_cmake_cpplint/cmake)
[0.434s] -- Found ament_cmake_uncrustify: 0.12.14 (/opt/ros/humble/share/ament_cmake_uncrustify/cmake)
[0.435s] -- Found ament_cmake_ros: 0.10.0 (/opt/ros/humble/share/ament_cmake_ros/cmake)
[0.604s] -- Using all available rosidl_typesupport_c: rosidl_typesupport_fastrtps_c;rosidl_typesupport_introspection_c
[0.668s] -- Using all available rosidl_typesupport_cpp: rosidl_typesupport_fastrtps_cpp;rosidl_typesupport_introspection_cpp
[0.681s] -- Found PythonInterp: /usr/bin/python3 (found suitable version "3.10.12", minimum required is "3.6") 
[0.682s] -- Found python_cmake_module: 0.10.0 (/opt/ros/humble/share/python_cmake_module/cmake)
[0.697s] -- Found PythonLibs: /usr/lib/x86_64-linux-gnu/libpython3.10.so (found suitable version "3.10.12", minimum required is "3.5") 
[0.697s] -- Using PYTHON_EXECUTABLE: /usr/bin/python3
[0.697s] -- Using PYTHON_INCLUDE_DIRS: /usr/include/python3.10
[0.697s] -- Using PYTHON_LIBRARIES: /usr/lib/x86_64-linux-gnu/libpython3.10.so
[0.706s] -- Found PythonExtra: .so  
[0.727s] -- Found ament_cmake_flake8: 0.12.14 (/opt/ros/humble/share/ament_cmake_flake8/cmake)
[0.728s] -- Found ament_cmake_pep257: 0.12.14 (/opt/ros/humble/share/ament_cmake_pep257/cmake)
[0.729s] -- Found ament_cmake_copyright: 0.12.14 (/opt/ros/humble/share/ament_cmake_copyright/cmake)
[0.730s] -- Found ament_cmake_lint_cmake: 0.12.14 (/opt/ros/humble/share/ament_cmake_lint_cmake/cmake)
[0.730s] -- Found ament_cmake_xmllint: 0.12.14 (/opt/ros/humble/share/ament_cmake_xmllint/cmake)
[0.734s] -- Configuring done
[0.746s] -- Generating done
[0.750s] -- Build files have been written to: /home/karthik/dds_ros2/flirCAMERA/flir_camera_driver/build/flir_camera_msgs
[0.757s] Invoked command in '/home/karthik/dds_ros2/flirCAMERA/flir_camera_driver/build/flir_camera_msgs' returned '0': CMAKE_PREFIX_PATH=${CMAKE_PREFIX_PATH}:/opt/ros/humble /usr/bin/cmake /home/karthik/dds_ros2/flirCAMERA/flir_camera_driver/flir_camera_msgs -DAMENT_CMAKE_SYMLINK_INSTALL=1 -DCMAKE_INSTALL_PREFIX=/home/karthik/dds_ros2/flirCAMERA/flir_camera_driver/install/flir_camera_msgs
[0.758s] Invoking command in '/home/karthik/dds_ros2/flirCAMERA/flir_camera_driver/build/flir_camera_msgs': CMAKE_PREFIX_PATH=${CMAKE_PREFIX_PATH}:/opt/ros/humble /usr/bin/cmake --build /home/karthik/dds_ros2/flirCAMERA/flir_camera_driver/build/flir_camera_msgs -- -j128 -l128
[0.780s] [  2%] [34m[1mGenerating C code for ROS interfaces[0m
[0.785s] [  5%] [34m[1mGenerating C++ code for ROS interfaces[0m
[0.790s] [  5%] Built target ament_cmake_python_symlink_flir_camera_msgs
[0.900s] running egg_info
[0.900s] creating flir_camera_msgs.egg-info
[0.900s] writing flir_camera_msgs.egg-info/PKG-INFO
[0.900s] writing dependency_links to flir_camera_msgs.egg-info/dependency_links.txt
[0.900s] writing top-level names to flir_camera_msgs.egg-info/top_level.txt
[0.900s] writing manifest file 'flir_camera_msgs.egg-info/SOURCES.txt'
[0.901s] reading manifest file 'flir_camera_msgs.egg-info/SOURCES.txt'
[0.901s] writing manifest file 'flir_camera_msgs.egg-info/SOURCES.txt'
[0.915s] [  5%] Built target ament_cmake_python_build_flir_camera_msgs_egg
[0.941s] [  5%] Built target flir_camera_msgs__cpp
[0.944s] [  7%] [32mBuilding C object CMakeFiles/flir_camera_msgs__rosidl_generator_c.dir/rosidl_generator_c/flir_camera_msgs/msg/detail/camera_control__functions.c.o[0m
[0.944s] [ 10%] [32mBuilding C object CMakeFiles/flir_camera_msgs__rosidl_generator_c.dir/rosidl_generator_c/flir_camera_msgs/msg/detail/image_meta_data__functions.c.o[0m
[0.945s] [ 12%] [34m[1mGenerating C++ type support dispatch for ROS interfaces[0m
[0.946s] [ 15%] [34m[1mGenerating C++ type support for eProsima Fast-RTPS[0m
[0.946s] [ 17%] [34m[1mGenerating C++ introspection for ROS interfaces[0m
[0.967s] [ 20%] [32m[1mLinking C shared library libflir_camera_msgs__rosidl_generator_c.so[0m
[0.987s] [ 20%] Built target flir_camera_msgs__rosidl_generator_c
[0.992s] [ 23%] [34m[1mGenerating C type support for eProsima Fast-RTPS[0m
[0.992s] [ 25%] [34m[1mGenerating C introspection for ROS interfaces[0m
[0.992s] [ 28%] [34m[1mGenerating C type support dispatch for ROS interfaces[0m
[1.090s] [ 30%] [32mBuilding CXX object CMakeFiles/flir_camera_msgs__rosidl_typesupport_cpp.dir/rosidl_typesupport_cpp/flir_camera_msgs/msg/image_meta_data__type_support.cpp.o[0m
[1.092s] [ 33%] [32mBuilding CXX object CMakeFiles/flir_camera_msgs__rosidl_typesupport_cpp.dir/rosidl_typesupport_cpp/flir_camera_msgs/msg/camera_control__type_support.cpp.o[0m
[1.096s] [ 35%] [32mBuilding CXX object CMakeFiles/flir_camera_msgs__rosidl_typesupport_introspection_cpp.dir/rosidl_typesupport_introspection_cpp/flir_camera_msgs/msg/detail/camera_control__type_support.cpp.o[0m
[1.097s] [ 38%] [32mBuilding CXX object CMakeFiles/flir_camera_msgs__rosidl_typesupport_introspection_cpp.dir/rosidl_typesupport_introspection_cpp/flir_camera_msgs/msg/detail/image_meta_data__type_support.cpp.o[0m
[1.104s] [ 41%] [32mBuilding CXX object CMakeFiles/flir_camera_msgs__rosidl_typesupport_fastrtps_cpp.dir/rosidl_typesupport_fastrtps_cpp/flir_camera_msgs/msg/detail/dds_fastrtps/image_meta_data__type_support.cpp.o[0m
[1.104s] [ 43%] [32mBuilding CXX object CMakeFiles/flir_camera_msgs__rosidl_typesupport_fastrtps_cpp.dir/rosidl_typesupport_fastrtps_cpp/flir_camera_msgs/msg/detail/dds_fastrtps/camera_control__type_support.cpp.o[0m
[1.134s] [ 46%] [32mBuilding CXX object CMakeFiles/flir_camera_msgs__rosidl_typesupport_c.dir/rosidl_typesupport_c/flir_camera_msgs/msg/image_meta_data__type_support.cpp.o[0m
[1.135s] [ 48%] [32mBuilding CXX object CMakeFiles/flir_camera_msgs__rosidl_typesupport_c.dir/rosidl_typesupport_c/flir_camera_msgs/msg/camera_control__type_support.cpp.o[0m
[1.147s] [ 51%] [32mBuilding C object CMakeFiles/flir_camera_msgs__rosidl_typesupport_introspection_c.dir/rosidl_typesupport_introspection_c/flir_camera_msgs/msg/detail/image_meta_data__type_support.c.o[0m
[1.148s] [ 53%] [32mBuilding C object CMakeFiles/flir_camera_msgs__rosidl_typesupport_introspection_c.dir/rosidl_typesupport_introspection_c/flir_camera_msgs/msg/detail/camera_control__type_support.c.o[0m
[1.152s] [ 56%] [32mBuilding CXX object CMakeFiles/flir_camera_msgs__rosidl_typesupport_fastrtps_c.dir/rosidl_typesupport_fastrtps_c/flir_camera_msgs/msg/detail/image_meta_data__type_support_c.cpp.o[0m
[1.153s] [ 58%] [32mBuilding CXX object CMakeFiles/flir_camera_msgs__rosidl_typesupport_fastrtps_c.dir/rosidl_typesupport_fastrtps_c/flir_camera_msgs/msg/detail/camera_control__type_support_c.cpp.o[0m
[1.156s] [ 61%] [32m[1mLinking CXX shared library libflir_camera_msgs__rosidl_typesupport_c.so[0m
[1.166s] [ 64%] [32m[1mLinking C shared library libflir_camera_msgs__rosidl_typesupport_introspection_c.so[0m
[1.174s] [ 64%] Built target flir_camera_msgs__rosidl_typesupport_c
[1.181s] [ 64%] Built target flir_camera_msgs__rosidl_typesupport_introspection_c
[1.205s] [ 66%] [32m[1mLinking CXX shared library libflir_camera_msgs__rosidl_typesupport_cpp.so[0m
[1.227s] [ 66%] Built target flir_camera_msgs__rosidl_typesupport_cpp
[1.260s] [ 69%] [32m[1mLinking CXX shared library libflir_camera_msgs__rosidl_typesupport_introspection_cpp.so[0m
[1.275s] [ 71%] [32m[1mLinking CXX shared library libflir_camera_msgs__rosidl_typesupport_fastrtps_cpp.so[0m
[1.293s] [ 71%] Built target flir_camera_msgs__rosidl_typesupport_introspection_cpp
[1.300s] [ 74%] [32m[1mLinking CXX shared library libflir_camera_msgs__rosidl_typesupport_fastrtps_c.so[0m
[1.311s] [ 74%] Built target flir_camera_msgs__rosidl_typesupport_fastrtps_cpp
[1.337s] [ 74%] Built target flir_camera_msgs__rosidl_typesupport_fastrtps_c
[1.347s] [ 74%] Built target flir_camera_msgs
[1.355s] [ 76%] [34m[1mGenerating Python code for ROS interfaces[0m
[1.565s] [ 76%] Built target flir_camera_msgs__py
[1.574s] [ 79%] [32mBuilding C object CMakeFiles/flir_camera_msgs__rosidl_generator_py.dir/rosidl_generator_py/flir_camera_msgs/msg/_image_meta_data_s.c.o[0m
[1.575s] [ 82%] [32mBuilding C object CMakeFiles/flir_camera_msgs__rosidl_generator_py.dir/rosidl_generator_py/flir_camera_msgs/msg/_camera_control_s.c.o[0m
[1.618s] [ 84%] [32m[1mLinking C shared library rosidl_generator_py/flir_camera_msgs/libflir_camera_msgs__rosidl_generator_py.so[0m
[1.637s] [ 84%] Built target flir_camera_msgs__rosidl_generator_py
[1.647s] [ 87%] [32mBuilding C object CMakeFiles/flir_camera_msgs__rosidl_typesupport_c__pyext.dir/rosidl_generator_py/flir_camera_msgs/_flir_camera_msgs_s.ep.rosidl_typesupport_c.c.o[0m
[1.648s] [ 89%] [32mBuilding C object CMakeFiles/flir_camera_msgs__rosidl_typesupport_introspection_c__pyext.dir/rosidl_generator_py/flir_camera_msgs/_flir_camera_msgs_s.ep.rosidl_typesupport_introspection_c.c.o[0m
[1.648s] [ 92%] [32mBuilding C object CMakeFiles/flir_camera_msgs__rosidl_typesupport_fastrtps_c__pyext.dir/rosidl_generator_py/flir_camera_msgs/_flir_camera_msgs_s.ep.rosidl_typesupport_fastrtps_c.c.o[0m
[1.692s] [ 97%] [32m[1mLinking C shared library rosidl_generator_py/flir_camera_msgs/flir_camera_msgs_s__rosidl_typesupport_introspection_c.cpython-310-x86_64-linux-gnu.so[0m
[1.692s] [ 97%] [32m[1mLinking C shared library rosidl_generator_py/flir_camera_msgs/flir_camera_msgs_s__rosidl_typesupport_c.cpython-310-x86_64-linux-gnu.so[0m
[1.692s] [100%] [32m[1mLinking C shared library rosidl_generator_py/flir_camera_msgs/flir_camera_msgs_s__rosidl_typesupport_fastrtps_c.cpython-310-x86_64-linux-gnu.so[0m
[1.709s] [100%] Built target flir_camera_msgs__rosidl_typesupport_c__pyext
[1.711s] [100%] Built target flir_camera_msgs__rosidl_typesupport_fastrtps_c__pyext
[1.711s] [100%] Built target flir_camera_msgs__rosidl_typesupport_introspection_c__pyext
[1.718s] Invoked command in '/home/karthik/dds_ros2/flirCAMERA/flir_camera_driver/build/flir_camera_msgs' returned '0': CMAKE_PREFIX_PATH=${CMAKE_PREFIX_PATH}:/opt/ros/humble /usr/bin/cmake --build /home/karthik/dds_ros2/flirCAMERA/flir_camera_driver/build/flir_camera_msgs -- -j128 -l128
[1.724s] Invoking command in '/home/karthik/dds_ros2/flirCAMERA/flir_camera_driver/build/flir_camera_msgs': CMAKE_PREFIX_PATH=${CMAKE_PREFIX_PATH}:/opt/ros/humble /usr/bin/cmake --install /home/karthik/dds_ros2/flirCAMERA/flir_camera_driver/build/flir_camera_msgs
[1.727s] -- Install configuration: ""
[1.727s] -- Execute custom install script
[1.728s] -- Symlinking: /home/karthik/dds_ros2/flirCAMERA/flir_camera_driver/install/flir_camera_msgs/share/ament_index/resource_index/rosidl_interfaces/flir_camera_msgs
[1.731s] -- Symlinking: /home/karthik/dds_ros2/flirCAMERA/flir_camera_driver/install/flir_camera_msgs/include/flir_camera_msgs/flir_camera_msgs/msg/camera_control.h
[1.735s] -- Symlinking: /home/karthik/dds_ros2/flirCAMERA/flir_camera_driver/install/flir_camera_msgs/include/flir_camera_msgs/flir_camera_msgs/msg/detail/camera_control__functions.h
[1.740s] -- Symlinking: /home/karthik/dds_ros2/flirCAMERA/flir_camera_driver/install/flir_camera_msgs/include/flir_camera_msgs/flir_camera_msgs/msg/detail/camera_control__struct.h
[1.744s] -- Symlinking: /home/karthik/dds_ros2/flirCAMERA/flir_camera_driver/install/flir_camera_msgs/include/flir_camera_msgs/flir_camera_msgs/msg/detail/camera_control__type_support.h
[1.748s] -- Symlinking: /home/karthik/dds_ros2/flirCAMERA/flir_camera_driver/install/flir_camera_msgs/include/flir_camera_msgs/flir_camera_msgs/msg/detail/image_meta_data__functions.h
[1.752s] -- Symlinking: /home/karthik/dds_ros2/flirCAMERA/flir_camera_driver/install/flir_camera_msgs/include/flir_camera_msgs/flir_camera_msgs/msg/detail/image_meta_data__struct.h
[1.755s] -- Symlinking: /home/karthik/dds_ros2/flirCAMERA/flir_camera_driver/install/flir_camera_msgs/include/flir_camera_msgs/flir_camera_msgs/msg/detail/image_meta_data__type_support.h
[1.760s] -- Symlinking: /home/karthik/dds_ros2/flirCAMERA/flir_camera_driver/install/flir_camera_msgs/include/flir_camera_msgs/flir_camera_msgs/msg/image_meta_data.h
[1.763s] -- Symlinking: /home/karthik/dds_ros2/flirCAMERA/flir_camera_driver/install/flir_camera_msgs/include/flir_camera_msgs/flir_camera_msgs/msg/rosidl_generator_c__visibility_control.h
[1.767s] -- Symlinking: /home/karthik/dds_ros2/flirCAMERA/flir_camera_driver/install/flir_camera_msgs/share/flir_camera_msgs/environment/library_path.sh
[1.771s] -- Symlinking: /home/karthik/dds_ros2/flirCAMERA/flir_camera_driver/install/flir_camera_msgs/share/flir_camera_msgs/environment/library_path.dsv
[1.776s] -- Symlinking: /home/karthik/dds_ros2/flirCAMERA/flir_camera_driver/install/flir_camera_msgs/include/flir_camera_msgs/flir_camera_msgs/msg/detail/camera_control__rosidl_typesupport_fastrtps_c.h
[1.780s] -- Symlinking: /home/karthik/dds_ros2/flirCAMERA/flir_camera_driver/install/flir_camera_msgs/include/flir_camera_msgs/flir_camera_msgs/msg/detail/image_meta_data__rosidl_typesupport_fastrtps_c.h
[1.784s] -- Symlinking: /home/karthik/dds_ros2/flirCAMERA/flir_camera_driver/install/flir_camera_msgs/include/flir_camera_msgs/flir_camera_msgs/msg/rosidl_typesupport_fastrtps_c__visibility_control.h
[1.788s] -- Symlinking: /home/karthik/dds_ros2/flirCAMERA/flir_camera_driver/install/flir_camera_msgs/include/flir_camera_msgs/flir_camera_msgs/msg/camera_control.hpp
[1.791s] -- Symlinking: /home/karthik/dds_ros2/flirCAMERA/flir_camera_driver/install/flir_camera_msgs/include/flir_camera_msgs/flir_camera_msgs/msg/detail/camera_control__builder.hpp
[1.795s] -- Symlinking: /home/karthik/dds_ros2/flirCAMERA/flir_camera_driver/install/flir_camera_msgs/include/flir_camera_msgs/flir_camera_msgs/msg/detail/camera_control__struct.hpp
[1.799s] -- Symlinking: /home/karthik/dds_ros2/flirCAMERA/flir_camera_driver/install/flir_camera_msgs/include/flir_camera_msgs/flir_camera_msgs/msg/detail/camera_control__traits.hpp
[1.803s] -- Symlinking: /home/karthik/dds_ros2/flirCAMERA/flir_camera_driver/install/flir_camera_msgs/include/flir_camera_msgs/flir_camera_msgs/msg/detail/camera_control__type_support.hpp
[1.807s] -- Symlinking: /home/karthik/dds_ros2/flirCAMERA/flir_camera_driver/install/flir_camera_msgs/include/flir_camera_msgs/flir_camera_msgs/msg/detail/image_meta_data__builder.hpp
[1.810s] -- Symlinking: /home/karthik/dds_ros2/flirCAMERA/flir_camera_driver/install/flir_camera_msgs/include/flir_camera_msgs/flir_camera_msgs/msg/detail/image_meta_data__struct.hpp
[1.815s] -- Symlinking: /home/karthik/dds_ros2/flirCAMERA/flir_camera_driver/install/flir_camera_msgs/include/flir_camera_msgs/flir_camera_msgs/msg/detail/image_meta_data__traits.hpp
[1.819s] -- Symlinking: /home/karthik/dds_ros2/flirCAMERA/flir_camera_driver/install/flir_camera_msgs/include/flir_camera_msgs/flir_camera_msgs/msg/detail/image_meta_data__type_support.hpp
[1.822s] -- Symlinking: /home/karthik/dds_ros2/flirCAMERA/flir_camera_driver/install/flir_camera_msgs/include/flir_camera_msgs/flir_camera_msgs/msg/image_meta_data.hpp
[1.826s] -- Symlinking: /home/karthik/dds_ros2/flirCAMERA/flir_camera_driver/install/flir_camera_msgs/include/flir_camera_msgs/flir_camera_msgs/msg/rosidl_generator_cpp__visibility_control.hpp
[1.831s] -- Symlinking: /home/karthik/dds_ros2/flirCAMERA/flir_camera_driver/install/flir_camera_msgs/include/flir_camera_msgs/flir_camera_msgs/msg/detail/camera_control__rosidl_typesupport_fastrtps_cpp.hpp
[1.834s] -- Symlinking: /home/karthik/dds_ros2/flirCAMERA/flir_camera_driver/install/flir_camera_msgs/include/flir_camera_msgs/flir_camera_msgs/msg/detail/image_meta_data__rosidl_typesupport_fastrtps_cpp.hpp
[1.838s] -- Symlinking: /home/karthik/dds_ros2/flirCAMERA/flir_camera_driver/install/flir_camera_msgs/include/flir_camera_msgs/flir_camera_msgs/msg/rosidl_typesupport_fastrtps_cpp__visibility_control.h
[1.841s] -- Symlinking: /home/karthik/dds_ros2/flirCAMERA/flir_camera_driver/install/flir_camera_msgs/include/flir_camera_msgs/flir_camera_msgs/msg/detail/camera_control__rosidl_typesupport_introspection_c.h
[1.845s] -- Symlinking: /home/karthik/dds_ros2/flirCAMERA/flir_camera_driver/install/flir_camera_msgs/include/flir_camera_msgs/flir_camera_msgs/msg/detail/image_meta_data__rosidl_typesupport_introspection_c.h
[1.849s] -- Symlinking: /home/karthik/dds_ros2/flirCAMERA/flir_camera_driver/install/flir_camera_msgs/include/flir_camera_msgs/flir_camera_msgs/msg/rosidl_typesupport_introspection_c__visibility_control.h
[1.853s] -- Symlinking: /home/karthik/dds_ros2/flirCAMERA/flir_camera_driver/install/flir_camera_msgs/include/flir_camera_msgs/flir_camera_msgs/msg/detail/camera_control__rosidl_typesupport_introspection_cpp.hpp
[1.858s] -- Symlinking: /home/karthik/dds_ros2/flirCAMERA/flir_camera_driver/install/flir_camera_msgs/include/flir_camera_msgs/flir_camera_msgs/msg/detail/image_meta_data__rosidl_typesupport_introspection_cpp.hpp
[1.861s] -- Symlinking: /home/karthik/dds_ros2/flirCAMERA/flir_camera_driver/install/flir_camera_msgs/share/flir_camera_msgs/environment/pythonpath.sh
[1.865s] -- Symlinking: /home/karthik/dds_ros2/flirCAMERA/flir_camera_driver/install/flir_camera_msgs/share/flir_camera_msgs/environment/pythonpath.dsv
[1.868s] -- Symlinking: /home/karthik/dds_ros2/flirCAMERA/flir_camera_driver/install/flir_camera_msgs/local/lib/python3.10/dist-packages/flir_camera_msgs-2.0.8-py3.10.egg-info/PKG-INFO
[1.873s] -- Symlinking: /home/karthik/dds_ros2/flirCAMERA/flir_camera_driver/install/flir_camera_msgs/local/lib/python3.10/dist-packages/flir_camera_msgs-2.0.8-py3.10.egg-info/SOURCES.txt
[1.877s] -- Symlinking: /home/karthik/dds_ros2/flirCAMERA/flir_camera_driver/install/flir_camera_msgs/local/lib/python3.10/dist-packages/flir_camera_msgs-2.0.8-py3.10.egg-info/dependency_links.txt
[1.880s] -- Symlinking: /home/karthik/dds_ros2/flirCAMERA/flir_camera_driver/install/flir_camera_msgs/local/lib/python3.10/dist-packages/flir_camera_msgs-2.0.8-py3.10.egg-info/top_level.txt
[1.885s] -- Symlinking: /home/karthik/dds_ros2/flirCAMERA/flir_camera_driver/install/flir_camera_msgs/local/lib/python3.10/dist-packages/flir_camera_msgs/__init__.py
[1.888s] -- Symlinking: /home/karthik/dds_ros2/flirCAMERA/flir_camera_driver/install/flir_camera_msgs/local/lib/python3.10/dist-packages/flir_camera_msgs/_flir_camera_msgs_s.ep.rosidl_typesupport_c.c
[1.891s] -- Symlinking: /home/karthik/dds_ros2/flirCAMERA/flir_camera_driver/install/flir_camera_msgs/local/lib/python3.10/dist-packages/flir_camera_msgs/_flir_camera_msgs_s.ep.rosidl_typesupport_fastrtps_c.c
[1.894s] -- Symlinking: /home/karthik/dds_ros2/flirCAMERA/flir_camera_driver/install/flir_camera_msgs/local/lib/python3.10/dist-packages/flir_camera_msgs/_flir_camera_msgs_s.ep.rosidl_typesupport_introspection_c.c
[1.899s] -- Symlinking: /home/karthik/dds_ros2/flirCAMERA/flir_camera_driver/install/flir_camera_msgs/local/lib/python3.10/dist-packages/flir_camera_msgs/flir_camera_msgs_s__rosidl_typesupport_c.cpython-310-x86_64-linux-gnu.so
[1.903s] -- Symlinking: /home/karthik/dds_ros2/flirCAMERA/flir_camera_driver/install/flir_camera_msgs/local/lib/python3.10/dist-packages/flir_camera_msgs/flir_camera_msgs_s__rosidl_typesupport_fastrtps_c.cpython-310-x86_64-linux-gnu.so
[1.906s] -- Symlinking: /home/karthik/dds_ros2/flirCAMERA/flir_camera_driver/install/flir_camera_msgs/local/lib/python3.10/dist-packages/flir_camera_msgs/flir_camera_msgs_s__rosidl_typesupport_introspection_c.cpython-310-x86_64-linux-gnu.so
[1.910s] -- Symlinking: /home/karthik/dds_ros2/flirCAMERA/flir_camera_driver/install/flir_camera_msgs/local/lib/python3.10/dist-packages/flir_camera_msgs/libflir_camera_msgs__rosidl_generator_py.so
[1.914s] -- Symlinking: /home/karthik/dds_ros2/flirCAMERA/flir_camera_driver/install/flir_camera_msgs/local/lib/python3.10/dist-packages/flir_camera_msgs/msg/__init__.py
[1.917s] -- Symlinking: /home/karthik/dds_ros2/flirCAMERA/flir_camera_driver/install/flir_camera_msgs/local/lib/python3.10/dist-packages/flir_camera_msgs/msg/_camera_control.py
[1.921s] -- Symlinking: /home/karthik/dds_ros2/flirCAMERA/flir_camera_driver/install/flir_camera_msgs/local/lib/python3.10/dist-packages/flir_camera_msgs/msg/_camera_control_s.c
[1.925s] -- Symlinking: /home/karthik/dds_ros2/flirCAMERA/flir_camera_driver/install/flir_camera_msgs/local/lib/python3.10/dist-packages/flir_camera_msgs/msg/_image_meta_data.py
[1.929s] -- Symlinking: /home/karthik/dds_ros2/flirCAMERA/flir_camera_driver/install/flir_camera_msgs/local/lib/python3.10/dist-packages/flir_camera_msgs/msg/_image_meta_data_s.c
[1.933s] -- Up-to-date symlink: /home/karthik/dds_ros2/flirCAMERA/flir_camera_driver/install/flir_camera_msgs/local/lib/python3.10/dist-packages/flir_camera_msgs/flir_camera_msgs_s__rosidl_typesupport_fastrtps_c.cpython-310-x86_64-linux-gnu.so
[1.933s] -- Up-to-date symlink: /home/karthik/dds_ros2/flirCAMERA/flir_camera_driver/install/flir_camera_msgs/local/lib/python3.10/dist-packages/flir_camera_msgs/flir_camera_msgs_s__rosidl_typesupport_introspection_c.cpython-310-x86_64-linux-gnu.so
[1.933s] -- Up-to-date symlink: /home/karthik/dds_ros2/flirCAMERA/flir_camera_driver/install/flir_camera_msgs/local/lib/python3.10/dist-packages/flir_camera_msgs/flir_camera_msgs_s__rosidl_typesupport_c.cpython-310-x86_64-linux-gnu.so
[1.933s] -- Symlinking: /home/karthik/dds_ros2/flirCAMERA/flir_camera_driver/install/flir_camera_msgs/share/flir_camera_msgs/msg/ImageMetaData.idl
[1.936s] -- Symlinking: /home/karthik/dds_ros2/flirCAMERA/flir_camera_driver/install/flir_camera_msgs/share/flir_camera_msgs/msg/CameraControl.idl
[1.940s] -- Symlinking: /home/karthik/dds_ros2/flirCAMERA/flir_camera_driver/install/flir_camera_msgs/share/flir_camera_msgs/msg/ImageMetaData.msg
[1.944s] -- Symlinking: /home/karthik/dds_ros2/flirCAMERA/flir_camera_driver/install/flir_camera_msgs/share/flir_camera_msgs/msg/CameraControl.msg
[1.948s] -- Symlinking: /home/karthik/dds_ros2/flirCAMERA/flir_camera_driver/install/flir_camera_msgs/share/ament_index/resource_index/package_run_dependencies/flir_camera_msgs
[1.952s] -- Symlinking: /home/karthik/dds_ros2/flirCAMERA/flir_camera_driver/install/flir_camera_msgs/share/ament_index/resource_index/parent_prefix_path/flir_camera_msgs
[1.956s] -- Symlinking: /home/karthik/dds_ros2/flirCAMERA/flir_camera_driver/install/flir_camera_msgs/share/flir_camera_msgs/environment/ament_prefix_path.sh
[1.960s] -- Symlinking: /home/karthik/dds_ros2/flirCAMERA/flir_camera_driver/install/flir_camera_msgs/share/flir_camera_msgs/environment/ament_prefix_path.dsv
[1.965s] -- Symlinking: /home/karthik/dds_ros2/flirCAMERA/flir_camera_driver/install/flir_camera_msgs/share/flir_camera_msgs/environment/path.sh
[1.968s] -- Symlinking: /home/karthik/dds_ros2/flirCAMERA/flir_camera_driver/install/flir_camera_msgs/share/flir_camera_msgs/environment/path.dsv
[1.972s] -- Symlinking: /home/karthik/dds_ros2/flirCAMERA/flir_camera_driver/install/flir_camera_msgs/share/flir_camera_msgs/local_setup.bash
[1.975s] -- Symlinking: /home/karthik/dds_ros2/flirCAMERA/flir_camera_driver/install/flir_camera_msgs/share/flir_camera_msgs/local_setup.sh
[1.979s] -- Symlinking: /home/karthik/dds_ros2/flirCAMERA/flir_camera_driver/install/flir_camera_msgs/share/flir_camera_msgs/local_setup.zsh
[1.983s] -- Symlinking: /home/karthik/dds_ros2/flirCAMERA/flir_camera_driver/install/flir_camera_msgs/share/flir_camera_msgs/local_setup.dsv
[1.987s] -- Symlinking: /home/karthik/dds_ros2/flirCAMERA/flir_camera_driver/install/flir_camera_msgs/share/flir_camera_msgs/package.dsv
[1.990s] -- Symlinking: /home/karthik/dds_ros2/flirCAMERA/flir_camera_driver/install/flir_camera_msgs/share/ament_index/resource_index/packages/flir_camera_msgs
[1.994s] -- Symlinking: /home/karthik/dds_ros2/flirCAMERA/flir_camera_driver/install/flir_camera_msgs/share/flir_camera_msgs/cmake/rosidl_cmake-extras.cmake
[1.998s] -- Symlinking: /home/karthik/dds_ros2/flirCAMERA/flir_camera_driver/install/flir_camera_msgs/share/flir_camera_msgs/cmake/ament_cmake_export_dependencies-extras.cmake
[2.001s] -- Symlinking: /home/karthik/dds_ros2/flirCAMERA/flir_camera_driver/install/flir_camera_msgs/share/flir_camera_msgs/cmake/ament_cmake_export_include_directories-extras.cmake
[2.005s] -- Symlinking: /home/karthik/dds_ros2/flirCAMERA/flir_camera_driver/install/flir_camera_msgs/share/flir_camera_msgs/cmake/ament_cmake_export_libraries-extras.cmake
[2.009s] -- Symlinking: /home/karthik/dds_ros2/flirCAMERA/flir_camera_driver/install/flir_camera_msgs/share/flir_camera_msgs/cmake/ament_cmake_export_targets-extras.cmake
[2.014s] -- Symlinking: /home/karthik/dds_ros2/flirCAMERA/flir_camera_driver/install/flir_camera_msgs/share/flir_camera_msgs/cmake/rosidl_cmake_export_typesupport_targets-extras.cmake
[2.017s] -- Symlinking: /home/karthik/dds_ros2/flirCAMERA/flir_camera_driver/install/flir_camera_msgs/share/flir_camera_msgs/cmake/rosidl_cmake_export_typesupport_libraries-extras.cmake
[2.021s] -- Symlinking: /home/karthik/dds_ros2/flirCAMERA/flir_camera_driver/install/flir_camera_msgs/share/flir_camera_msgs/cmake/flir_camera_msgsConfig.cmake
[2.025s] -- Symlinking: /home/karthik/dds_ros2/flirCAMERA/flir_camera_driver/install/flir_camera_msgs/share/flir_camera_msgs/cmake/flir_camera_msgsConfig-version.cmake
[2.028s] -- Symlinking: /home/karthik/dds_ros2/flirCAMERA/flir_camera_driver/install/flir_camera_msgs/share/flir_camera_msgs/package.xml
[2.032s] -- Installing: /home/karthik/dds_ros2/flirCAMERA/flir_camera_driver/install/flir_camera_msgs/lib/libflir_camera_msgs__rosidl_generator_c.so
[2.032s] -- Set runtime path of "/home/karthik/dds_ros2/flirCAMERA/flir_camera_driver/install/flir_camera_msgs/lib/libflir_camera_msgs__rosidl_generator_c.so" to ""
[2.033s] -- Installing: /home/karthik/dds_ros2/flirCAMERA/flir_camera_driver/install/flir_camera_msgs/lib/libflir_camera_msgs__rosidl_typesupport_fastrtps_c.so
[2.033s] -- Set runtime path of "/home/karthik/dds_ros2/flirCAMERA/flir_camera_driver/install/flir_camera_msgs/lib/libflir_camera_msgs__rosidl_typesupport_fastrtps_c.so" to ""
[2.033s] -- Installing: /home/karthik/dds_ros2/flirCAMERA/flir_camera_driver/install/flir_camera_msgs/lib/libflir_camera_msgs__rosidl_typesupport_fastrtps_cpp.so
[2.033s] -- Set runtime path of "/home/karthik/dds_ros2/flirCAMERA/flir_camera_driver/install/flir_camera_msgs/lib/libflir_camera_msgs__rosidl_typesupport_fastrtps_cpp.so" to ""
[2.033s] -- Installing: /home/karthik/dds_ros2/flirCAMERA/flir_camera_driver/install/flir_camera_msgs/lib/libflir_camera_msgs__rosidl_typesupport_introspection_c.so
[2.033s] -- Set runtime path of "/home/karthik/dds_ros2/flirCAMERA/flir_camera_driver/install/flir_camera_msgs/lib/libflir_camera_msgs__rosidl_typesupport_introspection_c.so" to ""
[2.033s] -- Installing: /home/karthik/dds_ros2/flirCAMERA/flir_camera_driver/install/flir_camera_msgs/lib/libflir_camera_msgs__rosidl_typesupport_c.so
[2.033s] -- Set runtime path of "/home/karthik/dds_ros2/flirCAMERA/flir_camera_driver/install/flir_camera_msgs/lib/libflir_camera_msgs__rosidl_typesupport_c.so" to ""
[2.033s] -- Installing: /home/karthik/dds_ros2/flirCAMERA/flir_camera_driver/install/flir_camera_msgs/lib/libflir_camera_msgs__rosidl_typesupport_introspection_cpp.so
[2.033s] -- Set runtime path of "/home/karthik/dds_ros2/flirCAMERA/flir_camera_driver/install/flir_camera_msgs/lib/libflir_camera_msgs__rosidl_typesupport_introspection_cpp.so" to ""
[2.033s] -- Installing: /home/karthik/dds_ros2/flirCAMERA/flir_camera_driver/install/flir_camera_msgs/lib/libflir_camera_msgs__rosidl_typesupport_cpp.so
[2.033s] -- Set runtime path of "/home/karthik/dds_ros2/flirCAMERA/flir_camera_driver/install/flir_camera_msgs/lib/libflir_camera_msgs__rosidl_typesupport_cpp.so" to ""
[2.049s] Listing '/home/karthik/dds_ros2/flirCAMERA/flir_camera_driver/install/flir_camera_msgs/local/lib/python3.10/dist-packages/flir_camera_msgs'...
[2.049s] Compiling '/home/karthik/dds_ros2/flirCAMERA/flir_camera_driver/install/flir_camera_msgs/local/lib/python3.10/dist-packages/flir_camera_msgs/__init__.py'...
[2.049s] Listing '/home/karthik/dds_ros2/flirCAMERA/flir_camera_driver/install/flir_camera_msgs/local/lib/python3.10/dist-packages/flir_camera_msgs/msg'...
[2.049s] Compiling '/home/karthik/dds_ros2/flirCAMERA/flir_camera_driver/install/flir_camera_msgs/local/lib/python3.10/dist-packages/flir_camera_msgs/msg/__init__.py'...
[2.049s] Compiling '/home/karthik/dds_ros2/flirCAMERA/flir_camera_driver/install/flir_camera_msgs/local/lib/python3.10/dist-packages/flir_camera_msgs/msg/_camera_control.py'...
[2.050s] Compiling '/home/karthik/dds_ros2/flirCAMERA/flir_camera_driver/install/flir_camera_msgs/local/lib/python3.10/dist-packages/flir_camera_msgs/msg/_image_meta_data.py'...
[2.052s] -- Installing: /home/karthik/dds_ros2/flirCAMERA/flir_camera_driver/install/flir_camera_msgs/lib/libflir_camera_msgs__rosidl_generator_py.so
[2.052s] -- Set runtime path of "/home/karthik/dds_ros2/flirCAMERA/flir_camera_driver/install/flir_camera_msgs/lib/libflir_camera_msgs__rosidl_generator_py.so" to ""
[2.052s] -- Installing: /home/karthik/dds_ros2/flirCAMERA/flir_camera_driver/install/flir_camera_msgs/share/flir_camera_msgs/cmake/export_flir_camera_msgs__rosidl_generator_cExport.cmake
[2.052s] -- Installing: /home/karthik/dds_ros2/flirCAMERA/flir_camera_driver/install/flir_camera_msgs/share/flir_camera_msgs/cmake/export_flir_camera_msgs__rosidl_generator_cExport-noconfig.cmake
[2.052s] -- Installing: /home/karthik/dds_ros2/flirCAMERA/flir_camera_driver/install/flir_camera_msgs/share/flir_camera_msgs/cmake/export_flir_camera_msgs__rosidl_typesupport_fastrtps_cExport.cmake
[2.052s] -- Installing: /home/karthik/dds_ros2/flirCAMERA/flir_camera_driver/install/flir_camera_msgs/share/flir_camera_msgs/cmake/export_flir_camera_msgs__rosidl_typesupport_fastrtps_cExport-noconfig.cmake
[2.052s] -- Installing: /home/karthik/dds_ros2/flirCAMERA/flir_camera_driver/install/flir_camera_msgs/share/flir_camera_msgs/cmake/export_flir_camera_msgs__rosidl_generator_cppExport.cmake
[2.052s] -- Installing: /home/karthik/dds_ros2/flirCAMERA/flir_camera_driver/install/flir_camera_msgs/share/flir_camera_msgs/cmake/export_flir_camera_msgs__rosidl_typesupport_fastrtps_cppExport.cmake
[2.052s] -- Installing: /home/karthik/dds_ros2/flirCAMERA/flir_camera_driver/install/flir_camera_msgs/share/flir_camera_msgs/cmake/export_flir_camera_msgs__rosidl_typesupport_fastrtps_cppExport-noconfig.cmake
[2.052s] -- Installing: /home/karthik/dds_ros2/flirCAMERA/flir_camera_driver/install/flir_camera_msgs/share/flir_camera_msgs/cmake/flir_camera_msgs__rosidl_typesupport_introspection_cExport.cmake
[2.052s] -- Installing: /home/karthik/dds_ros2/flirCAMERA/flir_camera_driver/install/flir_camera_msgs/share/flir_camera_msgs/cmake/flir_camera_msgs__rosidl_typesupport_introspection_cExport-noconfig.cmake
[2.052s] -- Installing: /home/karthik/dds_ros2/flirCAMERA/flir_camera_driver/install/flir_camera_msgs/share/flir_camera_msgs/cmake/flir_camera_msgs__rosidl_typesupport_cExport.cmake
[2.052s] -- Installing: /home/karthik/dds_ros2/flirCAMERA/flir_camera_driver/install/flir_camera_msgs/share/flir_camera_msgs/cmake/flir_camera_msgs__rosidl_typesupport_cExport-noconfig.cmake
[2.053s] -- Installing: /home/karthik/dds_ros2/flirCAMERA/flir_camera_driver/install/flir_camera_msgs/share/flir_camera_msgs/cmake/flir_camera_msgs__rosidl_typesupport_introspection_cppExport.cmake
[2.053s] -- Installing: /home/karthik/dds_ros2/flirCAMERA/flir_camera_driver/install/flir_camera_msgs/share/flir_camera_msgs/cmake/flir_camera_msgs__rosidl_typesupport_introspection_cppExport-noconfig.cmake
[2.053s] -- Installing: /home/karthik/dds_ros2/flirCAMERA/flir_camera_driver/install/flir_camera_msgs/share/flir_camera_msgs/cmake/flir_camera_msgs__rosidl_typesupport_cppExport.cmake
[2.053s] -- Installing: /home/karthik/dds_ros2/flirCAMERA/flir_camera_driver/install/flir_camera_msgs/share/flir_camera_msgs/cmake/flir_camera_msgs__rosidl_typesupport_cppExport-noconfig.cmake
[2.053s] -- Installing: /home/karthik/dds_ros2/flirCAMERA/flir_camera_driver/install/flir_camera_msgs/share/flir_camera_msgs/cmake/export_flir_camera_msgs__rosidl_generator_pyExport.cmake
[2.053s] -- Installing: /home/karthik/dds_ros2/flirCAMERA/flir_camera_driver/install/flir_camera_msgs/share/flir_camera_msgs/cmake/export_flir_camera_msgs__rosidl_generator_pyExport-noconfig.cmake
[2.055s] Invoked command in '/home/karthik/dds_ros2/flirCAMERA/flir_camera_driver/build/flir_camera_msgs' returned '0': CMAKE_PREFIX_PATH=${CMAKE_PREFIX_PATH}:/opt/ros/humble /usr/bin/cmake --install /home/karthik/dds_ros2/flirCAMERA/flir_camera_driver/build/flir_camera_msgs
