[0.006s] Invoking command in '/home/karthik/dds_ros2/flirCAMERA/flir_camera_driver/build/flir_camera_msgs': CMAKE_PREFIX_PATH=${CMAKE_PREFIX_PATH}:/opt/ros/humble /usr/bin/cmake /home/karthik/dds_ros2/flirCAMERA/flir_camera_driver/flir_camera_msgs -DAMENT_CMAKE_SYMLINK_INSTALL=1 -DCMAKE_INSTALL_PREFIX=/home/karthik/dds_ros2/flirCAMERA/flir_camera_driver/install/flir_camera_msgs
[0.036s] -- The C compiler identification is GNU 11.4.0
[0.062s] -- The CXX compiler identification is GNU 11.4.0
[0.066s] -- Detecting C compiler ABI info
[0.104s] -- Detecting C compiler ABI info - done
[0.108s] -- Check for working C compiler: /usr/bin/cc - skipped
[0.108s] -- Detecting C compile features
[0.108s] -- Detecting C compile features - done
[0.109s] -- Detecting CXX compiler ABI info
[0.150s] -- Detecting CXX compiler ABI info - done
[0.153s] -- Check for working CXX compiler: /usr/bin/c++ - skipped
[0.153s] -- Detecting CXX compile features
[0.153s] -- Detecting CXX compile features - done
[0.154s] -- Found ament_cmake: 1.3.12 (/opt/ros/humble/share/ament_cmake/cmake)
[0.229s] -- Found Python3: /usr/bin/python3 (found version "3.10.12") found components: Interpreter 
[0.256s] -- Override CMake install command with custom implementation using symlinks instead of copying resources
[0.265s] -- Found builtin_interfaces: 1.2.2 (/opt/ros/humble/share/builtin_interfaces/cmake)
[0.277s] -- Found rosidl_generator_c: 3.1.7 (/opt/ros/humble/share/rosidl_generator_c/cmake)
[0.279s] -- Found rosidl_adapter: 3.1.7 (/opt/ros/humble/share/rosidl_adapter/cmake)
[0.282s] -- Found rosidl_generator_cpp: 3.1.7 (/opt/ros/humble/share/rosidl_generator_cpp/cmake)
[0.286s] -- Using all available rosidl_typesupport_c: rosidl_typesupport_fastrtps_c;rosidl_typesupport_introspection_c
[0.293s] -- Using all available rosidl_typesupport_cpp: rosidl_typesupport_fastrtps_cpp;rosidl_typesupport_introspection_cpp
[0.299s] -- Found rosidl_default_generators: 1.2.0 (/opt/ros/humble/share/rosidl_default_generators/cmake)
[0.301s] -- Found std_msgs: 4.9.0 (/opt/ros/humble/share/std_msgs/cmake)
[0.439s] -- Found ament_cmake_cppcheck: 0.12.14 (/opt/ros/humble/share/ament_cmake_cppcheck/cmake)
[0.439s] -- Found ament_cmake_cpplint: 0.12.14 (/opt/ros/humble/share/ament_cmake_cpplint/cmake)
[0.440s] -- Found ament_cmake_uncrustify: 0.12.14 (/opt/ros/humble/share/ament_cmake_uncrustify/cmake)
[0.441s] -- Found ament_cmake_ros: 0.10.0 (/opt/ros/humble/share/ament_cmake_ros/cmake)
[0.620s] -- Using all available rosidl_typesupport_c: rosidl_typesupport_fastrtps_c;rosidl_typesupport_introspection_c
[0.688s] -- Using all available rosidl_typesupport_cpp: rosidl_typesupport_fastrtps_cpp;rosidl_typesupport_introspection_cpp
[0.699s] -- Found PythonInterp: /usr/bin/python3 (found suitable version "3.10.12", minimum required is "3.6") 
[0.700s] -- Found python_cmake_module: 0.10.0 (/opt/ros/humble/share/python_cmake_module/cmake)
[0.716s] -- Found PythonLibs: /usr/lib/x86_64-linux-gnu/libpython3.10.so (found suitable version "3.10.12", minimum required is "3.5") 
[0.716s] -- Using PYTHON_EXECUTABLE: /usr/bin/python3
[0.716s] -- Using PYTHON_INCLUDE_DIRS: /usr/include/python3.10
[0.716s] -- Using PYTHON_LIBRARIES: /usr/lib/x86_64-linux-gnu/libpython3.10.so
[0.733s] -- Found PythonExtra: .so  
[0.759s] -- Found ament_cmake_flake8: 0.12.14 (/opt/ros/humble/share/ament_cmake_flake8/cmake)
[0.760s] -- Found ament_cmake_pep257: 0.12.14 (/opt/ros/humble/share/ament_cmake_pep257/cmake)
[0.761s] -- Found ament_cmake_copyright: 0.12.14 (/opt/ros/humble/share/ament_cmake_copyright/cmake)
[0.761s] -- Found ament_cmake_lint_cmake: 0.12.14 (/opt/ros/humble/share/ament_cmake_lint_cmake/cmake)
[0.762s] -- Found ament_cmake_xmllint: 0.12.14 (/opt/ros/humble/share/ament_cmake_xmllint/cmake)
[0.766s] -- Configuring done
[0.779s] -- Generating done
[0.783s] -- Build files have been written to: /home/karthik/dds_ros2/flirCAMERA/flir_camera_driver/build/flir_camera_msgs
[0.790s] Invoked command in '/home/karthik/dds_ros2/flirCAMERA/flir_camera_driver/build/flir_camera_msgs' returned '0': CMAKE_PREFIX_PATH=${CMAKE_PREFIX_PATH}:/opt/ros/humble /usr/bin/cmake /home/karthik/dds_ros2/flirCAMERA/flir_camera_driver/flir_camera_msgs -DAMENT_CMAKE_SYMLINK_INSTALL=1 -DCMAKE_INSTALL_PREFIX=/home/karthik/dds_ros2/flirCAMERA/flir_camera_driver/install/flir_camera_msgs
[0.791s] Invoking command in '/home/karthik/dds_ros2/flirCAMERA/flir_camera_driver/build/flir_camera_msgs': CMAKE_PREFIX_PATH=${CMAKE_PREFIX_PATH}:/opt/ros/humble /usr/bin/cmake --build /home/karthik/dds_ros2/flirCAMERA/flir_camera_driver/build/flir_camera_msgs -- -j128 -l128
[0.814s] [  2%] [34m[1mGenerating C code for ROS interfaces[0m
[0.818s] [  5%] [34m[1mGenerating C++ code for ROS interfaces[0m
[0.824s] [  5%] Built target ament_cmake_python_symlink_flir_camera_msgs
[0.942s] running egg_info
[0.943s] creating flir_camera_msgs.egg-info
[0.943s] writing flir_camera_msgs.egg-info/PKG-INFO
[0.943s] writing dependency_links to flir_camera_msgs.egg-info/dependency_links.txt
[0.943s] writing top-level names to flir_camera_msgs.egg-info/top_level.txt
[0.943s] writing manifest file 'flir_camera_msgs.egg-info/SOURCES.txt'
[0.944s] reading manifest file 'flir_camera_msgs.egg-info/SOURCES.txt'
[0.944s] writing manifest file 'flir_camera_msgs.egg-info/SOURCES.txt'
[0.962s] [  5%] Built target ament_cmake_python_build_flir_camera_msgs_egg
[0.990s] [  5%] Built target flir_camera_msgs__cpp
[0.994s] [  7%] [32mBuilding C object CMakeFiles/flir_camera_msgs__rosidl_generator_c.dir/rosidl_generator_c/flir_camera_msgs/msg/detail/camera_control__functions.c.o[0m
[0.994s] [ 10%] [32mBuilding C object CMakeFiles/flir_camera_msgs__rosidl_generator_c.dir/rosidl_generator_c/flir_camera_msgs/msg/detail/image_meta_data__functions.c.o[0m
[0.994s] [ 12%] [34m[1mGenerating C++ type support for eProsima Fast-RTPS[0m
[0.995s] [ 17%] [34m[1mGenerating C++ type support dispatch for ROS interfaces[0m
[0.995s] [ 17%] [34m[1mGenerating C++ introspection for ROS interfaces[0m
[1.017s] [ 20%] [32m[1mLinking C shared library libflir_camera_msgs__rosidl_generator_c.so[0m
[1.037s] [ 20%] Built target flir_camera_msgs__rosidl_generator_c
[1.041s] [ 25%] [34m[1mGenerating C type support for eProsima Fast-RTPS[0m
[1.041s] [ 25%] [34m[1mGenerating C introspection for ROS interfaces[0m
[1.042s] [ 28%] [34m[1mGenerating C type support dispatch for ROS interfaces[0m
[1.143s] [ 30%] [32mBuilding CXX object CMakeFiles/flir_camera_msgs__rosidl_typesupport_cpp.dir/rosidl_typesupport_cpp/flir_camera_msgs/msg/image_meta_data__type_support.cpp.o[0m
[1.143s] [ 33%] [32mBuilding CXX object CMakeFiles/flir_camera_msgs__rosidl_typesupport_cpp.dir/rosidl_typesupport_cpp/flir_camera_msgs/msg/camera_control__type_support.cpp.o[0m
[1.147s] [ 35%] [32mBuilding CXX object CMakeFiles/flir_camera_msgs__rosidl_typesupport_introspection_cpp.dir/rosidl_typesupport_introspection_cpp/flir_camera_msgs/msg/detail/image_meta_data__type_support.cpp.o[0m
[1.148s] [ 38%] [32mBuilding CXX object CMakeFiles/flir_camera_msgs__rosidl_typesupport_introspection_cpp.dir/rosidl_typesupport_introspection_cpp/flir_camera_msgs/msg/detail/camera_control__type_support.cpp.o[0m
[1.154s] [ 43%] [32mBuilding CXX object CMakeFiles/flir_camera_msgs__rosidl_typesupport_fastrtps_cpp.dir/rosidl_typesupport_fastrtps_cpp/flir_camera_msgs/msg/detail/dds_fastrtps/camera_control__type_support.cpp.o[0m
[1.154s] [ 43%] [32mBuilding CXX object CMakeFiles/flir_camera_msgs__rosidl_typesupport_fastrtps_cpp.dir/rosidl_typesupport_fastrtps_cpp/flir_camera_msgs/msg/detail/dds_fastrtps/image_meta_data__type_support.cpp.o[0m
[1.189s] [ 46%] [32mBuilding CXX object CMakeFiles/flir_camera_msgs__rosidl_typesupport_c.dir/rosidl_typesupport_c/flir_camera_msgs/msg/image_meta_data__type_support.cpp.o[0m
[1.189s] [ 48%] [32mBuilding CXX object CMakeFiles/flir_camera_msgs__rosidl_typesupport_c.dir/rosidl_typesupport_c/flir_camera_msgs/msg/camera_control__type_support.cpp.o[0m
[1.201s] [ 51%] [32mBuilding C object CMakeFiles/flir_camera_msgs__rosidl_typesupport_introspection_c.dir/rosidl_typesupport_introspection_c/flir_camera_msgs/msg/detail/image_meta_data__type_support.c.o[0m
[1.201s] [ 53%] [32mBuilding C object CMakeFiles/flir_camera_msgs__rosidl_typesupport_introspection_c.dir/rosidl_typesupport_introspection_c/flir_camera_msgs/msg/detail/camera_control__type_support.c.o[0m
[1.203s] [ 58%] [32mBuilding CXX object CMakeFiles/flir_camera_msgs__rosidl_typesupport_fastrtps_c.dir/rosidl_typesupport_fastrtps_c/flir_camera_msgs/msg/detail/image_meta_data__type_support_c.cpp.o[0m
[1.203s] [ 58%] [32mBuilding CXX object CMakeFiles/flir_camera_msgs__rosidl_typesupport_fastrtps_c.dir/rosidl_typesupport_fastrtps_c/flir_camera_msgs/msg/detail/camera_control__type_support_c.cpp.o[0m
[1.210s] [ 61%] [32m[1mLinking CXX shared library libflir_camera_msgs__rosidl_typesupport_c.so[0m
[1.218s] [ 64%] [32m[1mLinking C shared library libflir_camera_msgs__rosidl_typesupport_introspection_c.so[0m
[1.231s] [ 64%] Built target flir_camera_msgs__rosidl_typesupport_c
[1.234s] [ 64%] Built target flir_camera_msgs__rosidl_typesupport_introspection_c
[1.258s] [ 66%] [32m[1mLinking CXX shared library libflir_camera_msgs__rosidl_typesupport_cpp.so[0m
[1.279s] [ 66%] Built target flir_camera_msgs__rosidl_typesupport_cpp
[1.311s] [ 69%] [32m[1mLinking CXX shared library libflir_camera_msgs__rosidl_typesupport_introspection_cpp.so[0m
[1.323s] [ 71%] [32m[1mLinking CXX shared library libflir_camera_msgs__rosidl_typesupport_fastrtps_cpp.so[0m
[1.344s] [ 71%] Built target flir_camera_msgs__rosidl_typesupport_introspection_cpp
[1.347s] [ 74%] [32m[1mLinking CXX shared library libflir_camera_msgs__rosidl_typesupport_fastrtps_c.so[0m
[1.359s] [ 74%] Built target flir_camera_msgs__rosidl_typesupport_fastrtps_cpp
[1.382s] [ 74%] Built target flir_camera_msgs__rosidl_typesupport_fastrtps_c
[1.391s] [ 74%] Built target flir_camera_msgs
[1.400s] [ 76%] [34m[1mGenerating Python code for ROS interfaces[0m
[1.620s] [ 76%] Built target flir_camera_msgs__py
[1.629s] [ 79%] [32mBuilding C object CMakeFiles/flir_camera_msgs__rosidl_generator_py.dir/rosidl_generator_py/flir_camera_msgs/msg/_image_meta_data_s.c.o[0m
[1.630s] [ 82%] [32mBuilding C object CMakeFiles/flir_camera_msgs__rosidl_generator_py.dir/rosidl_generator_py/flir_camera_msgs/msg/_camera_control_s.c.o[0m
[1.677s] [ 84%] [32m[1mLinking C shared library rosidl_generator_py/flir_camera_msgs/libflir_camera_msgs__rosidl_generator_py.so[0m
[1.697s] [ 84%] Built target flir_camera_msgs__rosidl_generator_py
[1.707s] [ 87%] [32mBuilding C object CMakeFiles/flir_camera_msgs__rosidl_typesupport_fastrtps_c__pyext.dir/rosidl_generator_py/flir_camera_msgs/_flir_camera_msgs_s.ep.rosidl_typesupport_fastrtps_c.c.o[0m
[1.708s] [ 89%] [32mBuilding C object CMakeFiles/flir_camera_msgs__rosidl_typesupport_introspection_c__pyext.dir/rosidl_generator_py/flir_camera_msgs/_flir_camera_msgs_s.ep.rosidl_typesupport_introspection_c.c.o[0m
[1.708s] [ 92%] [32mBuilding C object CMakeFiles/flir_camera_msgs__rosidl_typesupport_c__pyext.dir/rosidl_generator_py/flir_camera_msgs/_flir_camera_msgs_s.ep.rosidl_typesupport_c.c.o[0m
[1.750s] [ 94%] [32m[1mLinking C shared library rosidl_generator_py/flir_camera_msgs/flir_camera_msgs_s__rosidl_typesupport_fastrtps_c.cpython-310-x86_64-linux-gnu.so[0m
[1.753s] [ 97%] [32m[1mLinking C shared library rosidl_generator_py/flir_camera_msgs/flir_camera_msgs_s__rosidl_typesupport_introspection_c.cpython-310-x86_64-linux-gnu.so[0m
[1.753s] [100%] [32m[1mLinking C shared library rosidl_generator_py/flir_camera_msgs/flir_camera_msgs_s__rosidl_typesupport_c.cpython-310-x86_64-linux-gnu.so[0m
[1.768s] [100%] Built target flir_camera_msgs__rosidl_typesupport_fastrtps_c__pyext
[1.770s] [100%] Built target flir_camera_msgs__rosidl_typesupport_introspection_c__pyext
[1.773s] [100%] Built target flir_camera_msgs__rosidl_typesupport_c__pyext
[1.779s] Invoked command in '/home/karthik/dds_ros2/flirCAMERA/flir_camera_driver/build/flir_camera_msgs' returned '0': CMAKE_PREFIX_PATH=${CMAKE_PREFIX_PATH}:/opt/ros/humble /usr/bin/cmake --build /home/karthik/dds_ros2/flirCAMERA/flir_camera_driver/build/flir_camera_msgs -- -j128 -l128
[1.785s] Invoking command in '/home/karthik/dds_ros2/flirCAMERA/flir_camera_driver/build/flir_camera_msgs': CMAKE_PREFIX_PATH=${CMAKE_PREFIX_PATH}:/opt/ros/humble /usr/bin/cmake --install /home/karthik/dds_ros2/flirCAMERA/flir_camera_driver/build/flir_camera_msgs
[1.788s] -- Install configuration: ""
[1.788s] -- Execute custom install script
[1.788s] -- Symlinking: /home/karthik/dds_ros2/flirCAMERA/flir_camera_driver/install/flir_camera_msgs/share/ament_index/resource_index/rosidl_interfaces/flir_camera_msgs
[1.793s] -- Symlinking: /home/karthik/dds_ros2/flirCAMERA/flir_camera_driver/install/flir_camera_msgs/include/flir_camera_msgs/flir_camera_msgs/msg/camera_control.h
[1.796s] -- Symlinking: /home/karthik/dds_ros2/flirCAMERA/flir_camera_driver/install/flir_camera_msgs/include/flir_camera_msgs/flir_camera_msgs/msg/detail/camera_control__functions.h
[1.799s] -- Symlinking: /home/karthik/dds_ros2/flirCAMERA/flir_camera_driver/install/flir_camera_msgs/include/flir_camera_msgs/flir_camera_msgs/msg/detail/camera_control__struct.h
[1.803s] -- Symlinking: /home/karthik/dds_ros2/flirCAMERA/flir_camera_driver/install/flir_camera_msgs/include/flir_camera_msgs/flir_camera_msgs/msg/detail/camera_control__type_support.h
[1.807s] -- Symlinking: /home/karthik/dds_ros2/flirCAMERA/flir_camera_driver/install/flir_camera_msgs/include/flir_camera_msgs/flir_camera_msgs/msg/detail/image_meta_data__functions.h
[1.810s] -- Symlinking: /home/karthik/dds_ros2/flirCAMERA/flir_camera_driver/install/flir_camera_msgs/include/flir_camera_msgs/flir_camera_msgs/msg/detail/image_meta_data__struct.h
[1.814s] -- Symlinking: /home/karthik/dds_ros2/flirCAMERA/flir_camera_driver/install/flir_camera_msgs/include/flir_camera_msgs/flir_camera_msgs/msg/detail/image_meta_data__type_support.h
[1.818s] -- Symlinking: /home/karthik/dds_ros2/flirCAMERA/flir_camera_driver/install/flir_camera_msgs/include/flir_camera_msgs/flir_camera_msgs/msg/image_meta_data.h
[1.823s] -- Symlinking: /home/karthik/dds_ros2/flirCAMERA/flir_camera_driver/install/flir_camera_msgs/include/flir_camera_msgs/flir_camera_msgs/msg/rosidl_generator_c__visibility_control.h
[1.827s] -- Symlinking: /home/karthik/dds_ros2/flirCAMERA/flir_camera_driver/install/flir_camera_msgs/share/flir_camera_msgs/environment/library_path.sh
[1.831s] -- Symlinking: /home/karthik/dds_ros2/flirCAMERA/flir_camera_driver/install/flir_camera_msgs/share/flir_camera_msgs/environment/library_path.dsv
[1.836s] -- Symlinking: /home/karthik/dds_ros2/flirCAMERA/flir_camera_driver/install/flir_camera_msgs/include/flir_camera_msgs/flir_camera_msgs/msg/detail/camera_control__rosidl_typesupport_fastrtps_c.h
[1.840s] -- Symlinking: /home/karthik/dds_ros2/flirCAMERA/flir_camera_driver/install/flir_camera_msgs/include/flir_camera_msgs/flir_camera_msgs/msg/detail/image_meta_data__rosidl_typesupport_fastrtps_c.h
[1.844s] -- Symlinking: /home/karthik/dds_ros2/flirCAMERA/flir_camera_driver/install/flir_camera_msgs/include/flir_camera_msgs/flir_camera_msgs/msg/rosidl_typesupport_fastrtps_c__visibility_control.h
[1.848s] -- Symlinking: /home/karthik/dds_ros2/flirCAMERA/flir_camera_driver/install/flir_camera_msgs/include/flir_camera_msgs/flir_camera_msgs/msg/camera_control.hpp
[1.853s] -- Symlinking: /home/karthik/dds_ros2/flirCAMERA/flir_camera_driver/install/flir_camera_msgs/include/flir_camera_msgs/flir_camera_msgs/msg/detail/camera_control__builder.hpp
[1.855s] -- Symlinking: /home/karthik/dds_ros2/flirCAMERA/flir_camera_driver/install/flir_camera_msgs/include/flir_camera_msgs/flir_camera_msgs/msg/detail/camera_control__struct.hpp
[1.859s] -- Symlinking: /home/karthik/dds_ros2/flirCAMERA/flir_camera_driver/install/flir_camera_msgs/include/flir_camera_msgs/flir_camera_msgs/msg/detail/camera_control__traits.hpp
[1.864s] -- Symlinking: /home/karthik/dds_ros2/flirCAMERA/flir_camera_driver/install/flir_camera_msgs/include/flir_camera_msgs/flir_camera_msgs/msg/detail/camera_control__type_support.hpp
[1.868s] -- Symlinking: /home/karthik/dds_ros2/flirCAMERA/flir_camera_driver/install/flir_camera_msgs/include/flir_camera_msgs/flir_camera_msgs/msg/detail/image_meta_data__builder.hpp
[1.872s] -- Symlinking: /home/karthik/dds_ros2/flirCAMERA/flir_camera_driver/install/flir_camera_msgs/include/flir_camera_msgs/flir_camera_msgs/msg/detail/image_meta_data__struct.hpp
[1.876s] -- Symlinking: /home/karthik/dds_ros2/flirCAMERA/flir_camera_driver/install/flir_camera_msgs/include/flir_camera_msgs/flir_camera_msgs/msg/detail/image_meta_data__traits.hpp
[1.881s] -- Symlinking: /home/karthik/dds_ros2/flirCAMERA/flir_camera_driver/install/flir_camera_msgs/include/flir_camera_msgs/flir_camera_msgs/msg/detail/image_meta_data__type_support.hpp
[1.885s] -- Symlinking: /home/karthik/dds_ros2/flirCAMERA/flir_camera_driver/install/flir_camera_msgs/include/flir_camera_msgs/flir_camera_msgs/msg/image_meta_data.hpp
[1.888s] -- Symlinking: /home/karthik/dds_ros2/flirCAMERA/flir_camera_driver/install/flir_camera_msgs/include/flir_camera_msgs/flir_camera_msgs/msg/rosidl_generator_cpp__visibility_control.hpp
[1.893s] -- Symlinking: /home/karthik/dds_ros2/flirCAMERA/flir_camera_driver/install/flir_camera_msgs/include/flir_camera_msgs/flir_camera_msgs/msg/detail/camera_control__rosidl_typesupport_fastrtps_cpp.hpp
[1.896s] -- Symlinking: /home/karthik/dds_ros2/flirCAMERA/flir_camera_driver/install/flir_camera_msgs/include/flir_camera_msgs/flir_camera_msgs/msg/detail/image_meta_data__rosidl_typesupport_fastrtps_cpp.hpp
[1.900s] -- Symlinking: /home/karthik/dds_ros2/flirCAMERA/flir_camera_driver/install/flir_camera_msgs/include/flir_camera_msgs/flir_camera_msgs/msg/rosidl_typesupport_fastrtps_cpp__visibility_control.h
[1.904s] -- Symlinking: /home/karthik/dds_ros2/flirCAMERA/flir_camera_driver/install/flir_camera_msgs/include/flir_camera_msgs/flir_camera_msgs/msg/detail/camera_control__rosidl_typesupport_introspection_c.h
[1.908s] -- Symlinking: /home/karthik/dds_ros2/flirCAMERA/flir_camera_driver/install/flir_camera_msgs/include/flir_camera_msgs/flir_camera_msgs/msg/detail/image_meta_data__rosidl_typesupport_introspection_c.h
[1.911s] -- Symlinking: /home/karthik/dds_ros2/flirCAMERA/flir_camera_driver/install/flir_camera_msgs/include/flir_camera_msgs/flir_camera_msgs/msg/rosidl_typesupport_introspection_c__visibility_control.h
[1.916s] -- Symlinking: /home/karthik/dds_ros2/flirCAMERA/flir_camera_driver/install/flir_camera_msgs/include/flir_camera_msgs/flir_camera_msgs/msg/detail/camera_control__rosidl_typesupport_introspection_cpp.hpp
[1.919s] -- Symlinking: /home/karthik/dds_ros2/flirCAMERA/flir_camera_driver/install/flir_camera_msgs/include/flir_camera_msgs/flir_camera_msgs/msg/detail/image_meta_data__rosidl_typesupport_introspection_cpp.hpp
[1.923s] -- Symlinking: /home/karthik/dds_ros2/flirCAMERA/flir_camera_driver/install/flir_camera_msgs/share/flir_camera_msgs/environment/pythonpath.sh
[1.927s] -- Symlinking: /home/karthik/dds_ros2/flirCAMERA/flir_camera_driver/install/flir_camera_msgs/share/flir_camera_msgs/environment/pythonpath.dsv
[1.931s] -- Symlinking: /home/karthik/dds_ros2/flirCAMERA/flir_camera_driver/install/flir_camera_msgs/local/lib/python3.10/dist-packages/flir_camera_msgs-2.0.8-py3.10.egg-info/PKG-INFO
[1.934s] -- Symlinking: /home/karthik/dds_ros2/flirCAMERA/flir_camera_driver/install/flir_camera_msgs/local/lib/python3.10/dist-packages/flir_camera_msgs-2.0.8-py3.10.egg-info/SOURCES.txt
[1.938s] -- Symlinking: /home/karthik/dds_ros2/flirCAMERA/flir_camera_driver/install/flir_camera_msgs/local/lib/python3.10/dist-packages/flir_camera_msgs-2.0.8-py3.10.egg-info/dependency_links.txt
[1.942s] -- Symlinking: /home/karthik/dds_ros2/flirCAMERA/flir_camera_driver/install/flir_camera_msgs/local/lib/python3.10/dist-packages/flir_camera_msgs-2.0.8-py3.10.egg-info/top_level.txt
[1.946s] -- Symlinking: /home/karthik/dds_ros2/flirCAMERA/flir_camera_driver/install/flir_camera_msgs/local/lib/python3.10/dist-packages/flir_camera_msgs/__init__.py
[1.950s] -- Symlinking: /home/karthik/dds_ros2/flirCAMERA/flir_camera_driver/install/flir_camera_msgs/local/lib/python3.10/dist-packages/flir_camera_msgs/_flir_camera_msgs_s.ep.rosidl_typesupport_c.c
[1.954s] -- Symlinking: /home/karthik/dds_ros2/flirCAMERA/flir_camera_driver/install/flir_camera_msgs/local/lib/python3.10/dist-packages/flir_camera_msgs/_flir_camera_msgs_s.ep.rosidl_typesupport_fastrtps_c.c
[1.958s] -- Symlinking: /home/karthik/dds_ros2/flirCAMERA/flir_camera_driver/install/flir_camera_msgs/local/lib/python3.10/dist-packages/flir_camera_msgs/_flir_camera_msgs_s.ep.rosidl_typesupport_introspection_c.c
[1.963s] -- Symlinking: /home/karthik/dds_ros2/flirCAMERA/flir_camera_driver/install/flir_camera_msgs/local/lib/python3.10/dist-packages/flir_camera_msgs/flir_camera_msgs_s__rosidl_typesupport_c.cpython-310-x86_64-linux-gnu.so
[1.967s] -- Symlinking: /home/karthik/dds_ros2/flirCAMERA/flir_camera_driver/install/flir_camera_msgs/local/lib/python3.10/dist-packages/flir_camera_msgs/flir_camera_msgs_s__rosidl_typesupport_fastrtps_c.cpython-310-x86_64-linux-gnu.so
[1.971s] -- Symlinking: /home/karthik/dds_ros2/flirCAMERA/flir_camera_driver/install/flir_camera_msgs/local/lib/python3.10/dist-packages/flir_camera_msgs/flir_camera_msgs_s__rosidl_typesupport_introspection_c.cpython-310-x86_64-linux-gnu.so
[1.975s] -- Symlinking: /home/karthik/dds_ros2/flirCAMERA/flir_camera_driver/install/flir_camera_msgs/local/lib/python3.10/dist-packages/flir_camera_msgs/libflir_camera_msgs__rosidl_generator_py.so
[1.979s] -- Symlinking: /home/karthik/dds_ros2/flirCAMERA/flir_camera_driver/install/flir_camera_msgs/local/lib/python3.10/dist-packages/flir_camera_msgs/msg/__init__.py
[1.982s] -- Symlinking: /home/karthik/dds_ros2/flirCAMERA/flir_camera_driver/install/flir_camera_msgs/local/lib/python3.10/dist-packages/flir_camera_msgs/msg/_camera_control.py
[1.986s] -- Symlinking: /home/karthik/dds_ros2/flirCAMERA/flir_camera_driver/install/flir_camera_msgs/local/lib/python3.10/dist-packages/flir_camera_msgs/msg/_camera_control_s.c
[1.990s] -- Symlinking: /home/karthik/dds_ros2/flirCAMERA/flir_camera_driver/install/flir_camera_msgs/local/lib/python3.10/dist-packages/flir_camera_msgs/msg/_image_meta_data.py
[1.993s] -- Symlinking: /home/karthik/dds_ros2/flirCAMERA/flir_camera_driver/install/flir_camera_msgs/local/lib/python3.10/dist-packages/flir_camera_msgs/msg/_image_meta_data_s.c
[1.997s] -- Up-to-date symlink: /home/karthik/dds_ros2/flirCAMERA/flir_camera_driver/install/flir_camera_msgs/local/lib/python3.10/dist-packages/flir_camera_msgs/flir_camera_msgs_s__rosidl_typesupport_fastrtps_c.cpython-310-x86_64-linux-gnu.so
[1.998s] -- Up-to-date symlink: /home/karthik/dds_ros2/flirCAMERA/flir_camera_driver/install/flir_camera_msgs/local/lib/python3.10/dist-packages/flir_camera_msgs/flir_camera_msgs_s__rosidl_typesupport_introspection_c.cpython-310-x86_64-linux-gnu.so
[1.998s] -- Up-to-date symlink: /home/karthik/dds_ros2/flirCAMERA/flir_camera_driver/install/flir_camera_msgs/local/lib/python3.10/dist-packages/flir_camera_msgs/flir_camera_msgs_s__rosidl_typesupport_c.cpython-310-x86_64-linux-gnu.so
[1.998s] -- Symlinking: /home/karthik/dds_ros2/flirCAMERA/flir_camera_driver/install/flir_camera_msgs/share/flir_camera_msgs/msg/ImageMetaData.idl
[2.001s] -- Symlinking: /home/karthik/dds_ros2/flirCAMERA/flir_camera_driver/install/flir_camera_msgs/share/flir_camera_msgs/msg/CameraControl.idl
[2.005s] -- Symlinking: /home/karthik/dds_ros2/flirCAMERA/flir_camera_driver/install/flir_camera_msgs/share/flir_camera_msgs/msg/ImageMetaData.msg
[2.009s] -- Symlinking: /home/karthik/dds_ros2/flirCAMERA/flir_camera_driver/install/flir_camera_msgs/share/flir_camera_msgs/msg/CameraControl.msg
[2.013s] -- Symlinking: /home/karthik/dds_ros2/flirCAMERA/flir_camera_driver/install/flir_camera_msgs/share/ament_index/resource_index/package_run_dependencies/flir_camera_msgs
[2.016s] -- Symlinking: /home/karthik/dds_ros2/flirCAMERA/flir_camera_driver/install/flir_camera_msgs/share/ament_index/resource_index/parent_prefix_path/flir_camera_msgs
[2.020s] -- Symlinking: /home/karthik/dds_ros2/flirCAMERA/flir_camera_driver/install/flir_camera_msgs/share/flir_camera_msgs/environment/ament_prefix_path.sh
[2.023s] -- Symlinking: /home/karthik/dds_ros2/flirCAMERA/flir_camera_driver/install/flir_camera_msgs/share/flir_camera_msgs/environment/ament_prefix_path.dsv
[2.028s] -- Symlinking: /home/karthik/dds_ros2/flirCAMERA/flir_camera_driver/install/flir_camera_msgs/share/flir_camera_msgs/environment/path.sh
[2.032s] -- Symlinking: /home/karthik/dds_ros2/flirCAMERA/flir_camera_driver/install/flir_camera_msgs/share/flir_camera_msgs/environment/path.dsv
[2.035s] -- Symlinking: /home/karthik/dds_ros2/flirCAMERA/flir_camera_driver/install/flir_camera_msgs/share/flir_camera_msgs/local_setup.bash
[2.039s] -- Symlinking: /home/karthik/dds_ros2/flirCAMERA/flir_camera_driver/install/flir_camera_msgs/share/flir_camera_msgs/local_setup.sh
[2.043s] -- Symlinking: /home/karthik/dds_ros2/flirCAMERA/flir_camera_driver/install/flir_camera_msgs/share/flir_camera_msgs/local_setup.zsh
[2.048s] -- Symlinking: /home/karthik/dds_ros2/flirCAMERA/flir_camera_driver/install/flir_camera_msgs/share/flir_camera_msgs/local_setup.dsv
[2.051s] -- Symlinking: /home/karthik/dds_ros2/flirCAMERA/flir_camera_driver/install/flir_camera_msgs/share/flir_camera_msgs/package.dsv
[2.055s] -- Symlinking: /home/karthik/dds_ros2/flirCAMERA/flir_camera_driver/install/flir_camera_msgs/share/ament_index/resource_index/packages/flir_camera_msgs
[2.059s] -- Symlinking: /home/karthik/dds_ros2/flirCAMERA/flir_camera_driver/install/flir_camera_msgs/share/flir_camera_msgs/cmake/rosidl_cmake-extras.cmake
[2.063s] -- Symlinking: /home/karthik/dds_ros2/flirCAMERA/flir_camera_driver/install/flir_camera_msgs/share/flir_camera_msgs/cmake/ament_cmake_export_dependencies-extras.cmake
[2.067s] -- Symlinking: /home/karthik/dds_ros2/flirCAMERA/flir_camera_driver/install/flir_camera_msgs/share/flir_camera_msgs/cmake/ament_cmake_export_include_directories-extras.cmake
[2.071s] -- Symlinking: /home/karthik/dds_ros2/flirCAMERA/flir_camera_driver/install/flir_camera_msgs/share/flir_camera_msgs/cmake/ament_cmake_export_libraries-extras.cmake
[2.075s] -- Symlinking: /home/karthik/dds_ros2/flirCAMERA/flir_camera_driver/install/flir_camera_msgs/share/flir_camera_msgs/cmake/ament_cmake_export_targets-extras.cmake
[2.078s] -- Symlinking: /home/karthik/dds_ros2/flirCAMERA/flir_camera_driver/install/flir_camera_msgs/share/flir_camera_msgs/cmake/rosidl_cmake_export_typesupport_targets-extras.cmake
[2.083s] -- Symlinking: /home/karthik/dds_ros2/flirCAMERA/flir_camera_driver/install/flir_camera_msgs/share/flir_camera_msgs/cmake/rosidl_cmake_export_typesupport_libraries-extras.cmake
[2.087s] -- Symlinking: /home/karthik/dds_ros2/flirCAMERA/flir_camera_driver/install/flir_camera_msgs/share/flir_camera_msgs/cmake/flir_camera_msgsConfig.cmake
[2.091s] -- Symlinking: /home/karthik/dds_ros2/flirCAMERA/flir_camera_driver/install/flir_camera_msgs/share/flir_camera_msgs/cmake/flir_camera_msgsConfig-version.cmake
[2.095s] -- Symlinking: /home/karthik/dds_ros2/flirCAMERA/flir_camera_driver/install/flir_camera_msgs/share/flir_camera_msgs/package.xml
[2.099s] -- Installing: /home/karthik/dds_ros2/flirCAMERA/flir_camera_driver/install/flir_camera_msgs/lib/libflir_camera_msgs__rosidl_generator_c.so
[2.100s] -- Set runtime path of "/home/karthik/dds_ros2/flirCAMERA/flir_camera_driver/install/flir_camera_msgs/lib/libflir_camera_msgs__rosidl_generator_c.so" to ""
[2.100s] -- Installing: /home/karthik/dds_ros2/flirCAMERA/flir_camera_driver/install/flir_camera_msgs/lib/libflir_camera_msgs__rosidl_typesupport_fastrtps_c.so
[2.100s] -- Set runtime path of "/home/karthik/dds_ros2/flirCAMERA/flir_camera_driver/install/flir_camera_msgs/lib/libflir_camera_msgs__rosidl_typesupport_fastrtps_c.so" to ""
[2.100s] -- Installing: /home/karthik/dds_ros2/flirCAMERA/flir_camera_driver/install/flir_camera_msgs/lib/libflir_camera_msgs__rosidl_typesupport_fastrtps_cpp.so
[2.101s] -- Set runtime path of "/home/karthik/dds_ros2/flirCAMERA/flir_camera_driver/install/flir_camera_msgs/lib/libflir_camera_msgs__rosidl_typesupport_fastrtps_cpp.so" to ""
[2.101s] -- Installing: /home/karthik/dds_ros2/flirCAMERA/flir_camera_driver/install/flir_camera_msgs/lib/libflir_camera_msgs__rosidl_typesupport_introspection_c.so
[2.101s] -- Set runtime path of "/home/karthik/dds_ros2/flirCAMERA/flir_camera_driver/install/flir_camera_msgs/lib/libflir_camera_msgs__rosidl_typesupport_introspection_c.so" to ""
[2.101s] -- Installing: /home/karthik/dds_ros2/flirCAMERA/flir_camera_driver/install/flir_camera_msgs/lib/libflir_camera_msgs__rosidl_typesupport_c.so
[2.101s] -- Set runtime path of "/home/karthik/dds_ros2/flirCAMERA/flir_camera_driver/install/flir_camera_msgs/lib/libflir_camera_msgs__rosidl_typesupport_c.so" to ""
[2.101s] -- Installing: /home/karthik/dds_ros2/flirCAMERA/flir_camera_driver/install/flir_camera_msgs/lib/libflir_camera_msgs__rosidl_typesupport_introspection_cpp.so
[2.101s] -- Set runtime path of "/home/karthik/dds_ros2/flirCAMERA/flir_camera_driver/install/flir_camera_msgs/lib/libflir_camera_msgs__rosidl_typesupport_introspection_cpp.so" to ""
[2.101s] -- Installing: /home/karthik/dds_ros2/flirCAMERA/flir_camera_driver/install/flir_camera_msgs/lib/libflir_camera_msgs__rosidl_typesupport_cpp.so
[2.101s] -- Set runtime path of "/home/karthik/dds_ros2/flirCAMERA/flir_camera_driver/install/flir_camera_msgs/lib/libflir_camera_msgs__rosidl_typesupport_cpp.so" to ""
[2.118s] Listing '/home/karthik/dds_ros2/flirCAMERA/flir_camera_driver/install/flir_camera_msgs/local/lib/python3.10/dist-packages/flir_camera_msgs'...
[2.118s] Compiling '/home/karthik/dds_ros2/flirCAMERA/flir_camera_driver/install/flir_camera_msgs/local/lib/python3.10/dist-packages/flir_camera_msgs/__init__.py'...
[2.118s] Listing '/home/karthik/dds_ros2/flirCAMERA/flir_camera_driver/install/flir_camera_msgs/local/lib/python3.10/dist-packages/flir_camera_msgs/msg'...
[2.118s] Compiling '/home/karthik/dds_ros2/flirCAMERA/flir_camera_driver/install/flir_camera_msgs/local/lib/python3.10/dist-packages/flir_camera_msgs/msg/__init__.py'...
[2.118s] Compiling '/home/karthik/dds_ros2/flirCAMERA/flir_camera_driver/install/flir_camera_msgs/local/lib/python3.10/dist-packages/flir_camera_msgs/msg/_camera_control.py'...
[2.118s] Compiling '/home/karthik/dds_ros2/flirCAMERA/flir_camera_driver/install/flir_camera_msgs/local/lib/python3.10/dist-packages/flir_camera_msgs/msg/_image_meta_data.py'...
[2.120s] -- Installing: /home/karthik/dds_ros2/flirCAMERA/flir_camera_driver/install/flir_camera_msgs/lib/libflir_camera_msgs__rosidl_generator_py.so
[2.121s] -- Set runtime path of "/home/karthik/dds_ros2/flirCAMERA/flir_camera_driver/install/flir_camera_msgs/lib/libflir_camera_msgs__rosidl_generator_py.so" to ""
[2.121s] -- Installing: /home/karthik/dds_ros2/flirCAMERA/flir_camera_driver/install/flir_camera_msgs/share/flir_camera_msgs/cmake/export_flir_camera_msgs__rosidl_generator_cExport.cmake
[2.121s] -- Installing: /home/karthik/dds_ros2/flirCAMERA/flir_camera_driver/install/flir_camera_msgs/share/flir_camera_msgs/cmake/export_flir_camera_msgs__rosidl_generator_cExport-noconfig.cmake
[2.121s] -- Installing: /home/karthik/dds_ros2/flirCAMERA/flir_camera_driver/install/flir_camera_msgs/share/flir_camera_msgs/cmake/export_flir_camera_msgs__rosidl_typesupport_fastrtps_cExport.cmake
[2.121s] -- Installing: /home/karthik/dds_ros2/flirCAMERA/flir_camera_driver/install/flir_camera_msgs/share/flir_camera_msgs/cmake/export_flir_camera_msgs__rosidl_typesupport_fastrtps_cExport-noconfig.cmake
[2.121s] -- Installing: /home/karthik/dds_ros2/flirCAMERA/flir_camera_driver/install/flir_camera_msgs/share/flir_camera_msgs/cmake/export_flir_camera_msgs__rosidl_generator_cppExport.cmake
[2.121s] -- Installing: /home/karthik/dds_ros2/flirCAMERA/flir_camera_driver/install/flir_camera_msgs/share/flir_camera_msgs/cmake/export_flir_camera_msgs__rosidl_typesupport_fastrtps_cppExport.cmake
[2.121s] -- Installing: /home/karthik/dds_ros2/flirCAMERA/flir_camera_driver/install/flir_camera_msgs/share/flir_camera_msgs/cmake/export_flir_camera_msgs__rosidl_typesupport_fastrtps_cppExport-noconfig.cmake
[2.121s] -- Installing: /home/karthik/dds_ros2/flirCAMERA/flir_camera_driver/install/flir_camera_msgs/share/flir_camera_msgs/cmake/flir_camera_msgs__rosidl_typesupport_introspection_cExport.cmake
[2.121s] -- Installing: /home/karthik/dds_ros2/flirCAMERA/flir_camera_driver/install/flir_camera_msgs/share/flir_camera_msgs/cmake/flir_camera_msgs__rosidl_typesupport_introspection_cExport-noconfig.cmake
[2.121s] -- Installing: /home/karthik/dds_ros2/flirCAMERA/flir_camera_driver/install/flir_camera_msgs/share/flir_camera_msgs/cmake/flir_camera_msgs__rosidl_typesupport_cExport.cmake
[2.121s] -- Installing: /home/karthik/dds_ros2/flirCAMERA/flir_camera_driver/install/flir_camera_msgs/share/flir_camera_msgs/cmake/flir_camera_msgs__rosidl_typesupport_cExport-noconfig.cmake
[2.121s] -- Installing: /home/karthik/dds_ros2/flirCAMERA/flir_camera_driver/install/flir_camera_msgs/share/flir_camera_msgs/cmake/flir_camera_msgs__rosidl_typesupport_introspection_cppExport.cmake
[2.121s] -- Installing: /home/karthik/dds_ros2/flirCAMERA/flir_camera_driver/install/flir_camera_msgs/share/flir_camera_msgs/cmake/flir_camera_msgs__rosidl_typesupport_introspection_cppExport-noconfig.cmake
[2.121s] -- Installing: /home/karthik/dds_ros2/flirCAMERA/flir_camera_driver/install/flir_camera_msgs/share/flir_camera_msgs/cmake/flir_camera_msgs__rosidl_typesupport_cppExport.cmake
[2.121s] -- Installing: /home/karthik/dds_ros2/flirCAMERA/flir_camera_driver/install/flir_camera_msgs/share/flir_camera_msgs/cmake/flir_camera_msgs__rosidl_typesupport_cppExport-noconfig.cmake
[2.121s] -- Installing: /home/karthik/dds_ros2/flirCAMERA/flir_camera_driver/install/flir_camera_msgs/share/flir_camera_msgs/cmake/export_flir_camera_msgs__rosidl_generator_pyExport.cmake
[2.121s] -- Installing: /home/karthik/dds_ros2/flirCAMERA/flir_camera_driver/install/flir_camera_msgs/share/flir_camera_msgs/cmake/export_flir_camera_msgs__rosidl_generator_pyExport-noconfig.cmake
[2.123s] Invoked command in '/home/karthik/dds_ros2/flirCAMERA/flir_camera_driver/build/flir_camera_msgs' returned '0': CMAKE_PREFIX_PATH=${CMAKE_PREFIX_PATH}:/opt/ros/humble /usr/bin/cmake --install /home/karthik/dds_ros2/flirCAMERA/flir_camera_driver/build/flir_camera_msgs
